<html>
<body>
<pre>
<h1>µVision Build Log</h1>
<h2>Project:</h2>
C:\Users\Personal\Documents\STM\Interrupt\Serial_out\serial_int.uvproj
Project File Date:  07/28/2015

<h2>Output:</h2>
Rebuild target 'Target 1'
assembling startup_stm32f10x_md.s...
compiling main.c...
antilib_gpio.h(36): warning:  #1-D: last line of file ends without a newline
main.c(61): warning:  #1-D: last line of file ends without a newline
compiling system_stm32f10x.c...
compiling Serial.c...
linking...
Program Size: Code=1176 RO-data=268 RW-data=40 ZI-data=1632  
"serial_int.axf" - 0 Error(s), 2 Warning(s).
Load "C:\\Users\\Personal\\Documents\\STM\\Interrupt\\Serial_out\\serial_int.AXF" 
Erase Done.
Programming Done.
Verify OK.
Rebuild target 'Target 1'
assembling startup_stm32f10x_md.s...
compiling main.c...
antilib_gpio.h(36): warning:  #1-D: last line of file ends without a newline
main.c(61): warning:  #1-D: last line of file ends without a newline
compiling system_stm32f10x.c...
compiling Serial.c...
linking...
Program Size: Code=1176 RO-data=268 RW-data=40 ZI-data=1632  
"serial_int.axf" - 0 Error(s), 2 Warning(s).
Rebuild target 'Target 1'
assembling startup_stm32f10x_md.s...
compiling main.c...
antilib_gpio.h(36): warning:  #1-D: last line of file ends without a newline
main.c(61): warning:  #1-D: last line of file ends without a newline
compiling system_stm32f10x.c...
compiling Serial.c...
linking...
Program Size: Code=1176 RO-data=268 RW-data=40 ZI-data=1632  
"serial_int.axf" - 0 Error(s), 2 Warning(s).
Rebuild target 'Target 1'
assembling startup_stm32f10x_md.s...
compiling main.c...
antilib_gpio.h(36): warning:  #1-D: last line of file ends without a newline
main.c(61): warning:  #1-D: last line of file ends without a newline
compiling system_stm32f10x.c...
compiling Serial.c...
linking...
Program Size: Code=1176 RO-data=268 RW-data=40 ZI-data=1632  
"serial_int.axf" - 0 Error(s), 2 Warning(s).
Rebuild target 'Target 1'
assembling startup_stm32f10x_md.s...
compiling main.c...
antilib_gpio.h(36): warning:  #1-D: last line of file ends without a newline
main.c(61): warning:  #1-D: last line of file ends without a newline
compiling system_stm32f10x.c...
compiling Serial.c...
linking...
Program Size: Code=1176 RO-data=268 RW-data=40 ZI-data=1632  
"serial_int.axf" - 0 Error(s), 2 Warning(s).
Load "C:\\Users\\Personal\\Documents\\STM\\Interrupt\\Serial_out\\serial_int.AXF" 
Erase Done.
Programming Done.
Verify OK.
Rebuild target 'Target 1'
assembling startup_stm32f10x_md.s...
compiling main.c...
antilib_gpio.h(36): warning:  #1-D: last line of file ends without a newline
main.c(61): warning:  #1-D: last line of file ends without a newline
compiling system_stm32f10x.c...
compiling Serial.c...
linking...
Program Size: Code=1176 RO-data=268 RW-data=40 ZI-data=1632  
"serial_int.axf" - 0 Error(s), 2 Warning(s).
Load "C:\\Users\\Personal\\Documents\\STM\\Interrupt\\Serial_out\\serial_int.AXF" 
Erase Done.
Programming Done.
Verify OK.
Rebuild target 'Target 1'
assembling startup_stm32f10x_md.s...
compiling main.c...
antilib_gpio.h(36): warning:  #1-D: last line of file ends without a newline
main.c(61): warning:  #1-D: last line of file ends without a newline
compiling system_stm32f10x.c...
compiling Serial.c...
linking...
Program Size: Code=1176 RO-data=268 RW-data=40 ZI-data=1632  
"serial_int.axf" - 0 Error(s), 2 Warning(s).
Rebuild target 'Target 1'
assembling startup_stm32f10x_md.s...
compiling main.c...
antilib_gpio.h(36): warning:  #1-D: last line of file ends without a newline
main.c(61): warning:  #1-D: last line of file ends without a newline
compiling system_stm32f10x.c...
compiling Serial.c...
linking...
Program Size: Code=1176 RO-data=268 RW-data=40 ZI-data=1632  
"serial_int.axf" - 0 Error(s), 2 Warning(s).
Load "C:\\Users\\Personal\\Documents\\STM\\Interrupt\\Serial_out\\serial_int.AXF" 
Erase Done.
Programming Done.
Verify OK.
