ARM Linker, 5.02 [Build 28] [MDK-ARM Standard]

==============================================================================

Section Cross References

    startup_stm32f10x_md.o(STACK) refers (Special) to heapauxi.o(.text) for __use_two_region_memory
    startup_stm32f10x_md.o(HEAP) refers (Special) to heapauxi.o(.text) for __use_two_region_memory
    startup_stm32f10x_md.o(RESET) refers (Special) to heapauxi.o(.text) for __use_two_region_memory
    startup_stm32f10x_md.o(RESET) refers to startup_stm32f10x_md.o(STACK) for __initial_sp
    startup_stm32f10x_md.o(RESET) refers to startup_stm32f10x_md.o(.text) for Reset_Handler
    startup_stm32f10x_md.o(RESET) refers to stm32f1xx_it.o(.text) for NMI_Handler
    startup_stm32f10x_md.o(.text) refers (Special) to heapauxi.o(.text) for __use_two_region_memory
    startup_stm32f10x_md.o(.text) refers to system_stm32f1xx.o(.text) for SystemInit
    startup_stm32f10x_md.o(.text) refers to __main.o(!!!main) for __main
    startup_stm32f10x_md.o(.text) refers to startup_stm32f10x_md.o(HEAP) for Heap_Mem
    startup_stm32f10x_md.o(.text) refers to startup_stm32f10x_md.o(STACK) for Stack_Mem
    system_stm32f1xx.o(.text) refers to system_stm32f1xx.o(.data) for SystemCoreClock
    main.o(.text) refers to stm32f1xx_hal_gpio.o(.text) for HAL_GPIO_Init
    main.o(.text) refers to stm32f1xx_hal_cortex.o(.text) for HAL_NVIC_SetPriority
    main.o(.text) refers to stm32f1xx_hal.o(.text) for HAL_Delay
    main.o(.text) refers to rt_memclr_w.o(.text) for __aeabi_memclr4
    main.o(.text) refers to stm32f1xx_hal_rcc.o(.text) for HAL_RCC_OscConfig
    main.o(.text) refers to stm32f1xx_hal_rcc_ex.o(.text) for HAL_RCC_ClockConfig
    main.o(.text) refers to stm32f1xx_hal_tim.o(.text) for HAL_TIM_Base_Init
    main.o(.text) refers to main.o(.bss) for Button_InitStruct
    main.o(.text) refers to main.o(.data) for uwPrescalerValue
    stm32f1xx_it.o(.text) refers to stm32f1xx_hal.o(.text) for HAL_IncTick
    stm32f1xx_it.o(.text) refers to stm32f1xx_hal_tim.o(.text) for HAL_TIM_IRQHandler
    stm32f1xx_it.o(.text) refers to stm32f1xx_hal_gpio.o(.text) for HAL_GPIO_EXTI_IRQHandler
    stm32f1xx_it.o(.text) refers to main.o(.bss) for TimHandle
    stm32f1xx_hal.o(.text) refers to stm32f1xx_hal_rcc.o(.text) for HAL_RCC_GetHCLKFreq
    stm32f1xx_hal.o(.text) refers to stm32f1xx_hal_cortex.o(.text) for HAL_SYSTICK_Config
    stm32f1xx_hal.o(.text) refers to stm32f1xx_hal_msp_template.o(.text) for HAL_MspInit
    stm32f1xx_hal.o(.text) refers to stm32f1xx_hal.o(.data) for uwTick
    stm32f1xx_hal_gpio.o(.text) refers to main.o(.text) for HAL_GPIO_EXTI_Callback
    stm32f1xx_hal_rcc.o(.text) refers to stm32f1xx_hal.o(.text) for HAL_GetTick
    stm32f1xx_hal_rcc.o(.text) refers to stm32f1xx_hal_gpio.o(.text) for HAL_GPIO_Init
    stm32f1xx_hal_rcc.o(.text) refers to stm32f1xx_hal_rcc.o(.constdata) for aAPBAHBPrescTable
    stm32f1xx_hal_rcc.o(.text) refers to system_stm32f1xx.o(.data) for SystemCoreClock
    stm32f1xx_hal_rcc_ex.o(.text) refers to stm32f1xx_hal.o(.text) for HAL_GetTick
    stm32f1xx_hal_rcc_ex.o(.text) refers to stm32f1xx_hal_rcc.o(.text) for HAL_RCC_GetPCLK2Freq
    stm32f1xx_hal_tim.o(.text) refers to stm32f1xx_hal_msp_template.o(.text) for HAL_TIM_Base_MspInit
    stm32f1xx_hal_tim.o(.text) refers to main.o(.text) for HAL_TIM_PeriodElapsedCallback
    stm32f1xx_hal_tim.o(.text) refers to stm32f1xx_hal_dma.o(.text) for HAL_DMA_Start_IT
    stm32f1xx_hal_tim.o(.text) refers to stm32f1xx_hal_tim_ex.o(.text) for HAL_TIMEx_BreakCallback
    stm32f1xx_hal_tim_ex.o(.text) refers to stm32f1xx_hal_tim.o(.text) for TIM_Base_SetConfig
    stm32f1xx_hal_tim_ex.o(.text) refers to stm32f1xx_hal_dma.o(.text) for HAL_DMA_Start_IT
    stm32f1xx_hal_uart.o(.text) refers to stm32f1xx_hal_rcc.o(.text) for HAL_RCC_GetPCLK2Freq
    stm32f1xx_hal_uart.o(.text) refers to stm32f1xx_hal.o(.text) for HAL_GetTick
    stm32f1xx_hal_uart.o(.text) refers to stm32f1xx_hal_dma.o(.text) for HAL_DMA_Start_IT
    stm32f1xx_hal_dma.o(.text) refers to stm32f1xx_hal.o(.text) for HAL_GetTick
    stm32f1xx_hal_flash.o(.text) refers to stm32f1xx_hal.o(.text) for HAL_GetTick
    stm32f1xx_hal_flash.o(.text) refers to stm32f1xx_hal_flash_ex.o(.text) for FLASH_SetErrorCode
    stm32f1xx_hal_flash.o(.text) refers to llushr.o(.text) for __aeabi_llsr
    stm32f1xx_hal_flash.o(.text) refers to stm32f1xx_hal_cortex.o(.text) for HAL_NVIC_SystemReset
    stm32f1xx_hal_flash.o(.text) refers to stm32f1xx_hal_flash.o(.bss) for pFlash
    stm32f1xx_hal_flash_ex.o(.text) refers to stm32f1xx_hal_flash.o(.text) for FLASH_WaitForLastOperation
    stm32f1xx_hal_flash_ex.o(.text) refers to stm32f1xx_hal_flash.o(.bss) for pFlash
    stm32f1xx_hal_msp_template.o(.text) refers to stm32f1xx_hal_cortex.o(.text) for HAL_NVIC_SetPriority
    __main.o(!!!main) refers to rtentry.o(.ARM.Collect$$rtentry$$00000000) for __rt_entry
    rtentry.o(.ARM.Collect$$rtentry$$00000000) refers (Special) to rtentry2.o(.ARM.Collect$$rtentry$$0000000A) for __rt_entry_li
    rtentry.o(.ARM.Collect$$rtentry$$00000000) refers (Special) to rtentry2.o(.ARM.Collect$$rtentry$$0000000D) for __rt_entry_main
    rtentry.o(.ARM.Collect$$rtentry$$00000000) refers (Special) to rtentry2.o(.ARM.Collect$$rtentry$$0000000C) for __rt_entry_postli_1
    rtentry.o(.ARM.Collect$$rtentry$$00000000) refers (Special) to rtentry2.o(.ARM.Collect$$rtentry$$00000009) for __rt_entry_postsh_1
    rtentry.o(.ARM.Collect$$rtentry$$00000000) refers (Special) to rtentry2.o(.ARM.Collect$$rtentry$$00000002) for __rt_entry_presh_1
    rtentry.o(.ARM.Collect$$rtentry$$00000000) refers (Special) to rtentry4.o(.ARM.Collect$$rtentry$$00000004) for __rt_entry_sh
    rtentry2.o(.ARM.Collect$$rtentry$$00000008) refers to boardinit2.o(.text) for _platform_post_stackheap_init
    rtentry2.o(.ARM.Collect$$rtentry$$0000000A) refers to libinit.o(.ARM.Collect$$libinit$$00000000) for __rt_lib_init
    rtentry2.o(.ARM.Collect$$rtentry$$0000000B) refers to boardinit3.o(.text) for _platform_post_lib_init
    rtentry2.o(.ARM.Collect$$rtentry$$0000000D) refers to main.o(.text) for main
    rtentry2.o(.ARM.Collect$$rtentry$$0000000D) refers to exit.o(.text) for exit
    rtentry2.o(.ARM.exidx) refers to rtentry2.o(.ARM.Collect$$rtentry$$00000001) for .ARM.Collect$$rtentry$$00000001
    rtentry2.o(.ARM.exidx) refers to rtentry2.o(.ARM.Collect$$rtentry$$00000008) for .ARM.Collect$$rtentry$$00000008
    rtentry2.o(.ARM.exidx) refers to rtentry2.o(.ARM.Collect$$rtentry$$0000000A) for .ARM.Collect$$rtentry$$0000000A
    rtentry2.o(.ARM.exidx) refers to rtentry2.o(.ARM.Collect$$rtentry$$0000000B) for .ARM.Collect$$rtentry$$0000000B
    rtentry2.o(.ARM.exidx) refers to rtentry2.o(.ARM.Collect$$rtentry$$0000000D) for .ARM.Collect$$rtentry$$0000000D
    rtentry4.o(.ARM.Collect$$rtentry$$00000004) refers to sys_stackheap_outer.o(.text) for __user_setup_stackheap
    rtentry4.o(.ARM.exidx) refers to rtentry4.o(.ARM.Collect$$rtentry$$00000004) for .ARM.Collect$$rtentry$$00000004
    sys_stackheap_outer.o(.text) refers to libspace.o(.text) for __user_perproc_libspace
    sys_stackheap_outer.o(.text) refers to startup_stm32f10x_md.o(.text) for __user_initial_stackheap
    exit.o(.text) refers to rtexit.o(.ARM.Collect$$rtexit$$00000000) for __rt_exit
    libinit.o(.ARM.Collect$$libinit$$00000000) refers (Special) to libinit2.o(.ARM.Collect$$libinit$$0000002C) for __rt_lib_init_alloca_1
    libinit.o(.ARM.Collect$$libinit$$00000000) refers (Special) to libinit2.o(.ARM.Collect$$libinit$$0000002A) for __rt_lib_init_argv_1
    libinit.o(.ARM.Collect$$libinit$$00000000) refers (Special) to libinit2.o(.ARM.Collect$$libinit$$00000019) for __rt_lib_init_atexit_1
    libinit.o(.ARM.Collect$$libinit$$00000000) refers (Special) to libinit2.o(.ARM.Collect$$libinit$$0000001F) for __rt_lib_init_clock_1
    libinit.o(.ARM.Collect$$libinit$$00000000) refers (Special) to libinit2.o(.ARM.Collect$$libinit$$00000030) for __rt_lib_init_cpp_1
    libinit.o(.ARM.Collect$$libinit$$00000000) refers (Special) to libinit2.o(.ARM.Collect$$libinit$$0000002E) for __rt_lib_init_exceptions_1
    libinit.o(.ARM.Collect$$libinit$$00000000) refers (Special) to libinit2.o(.ARM.Collect$$libinit$$00000002) for __rt_lib_init_fp_1
    libinit.o(.ARM.Collect$$libinit$$00000000) refers (Special) to libinit2.o(.ARM.Collect$$libinit$$0000001D) for __rt_lib_init_fp_trap_1
    libinit.o(.ARM.Collect$$libinit$$00000000) refers (Special) to libinit2.o(.ARM.Collect$$libinit$$00000021) for __rt_lib_init_getenv_1
    libinit.o(.ARM.Collect$$libinit$$00000000) refers (Special) to libinit2.o(.ARM.Collect$$libinit$$00000008) for __rt_lib_init_heap_1
    libinit.o(.ARM.Collect$$libinit$$00000000) refers (Special) to libinit2.o(.ARM.Collect$$libinit$$0000000F) for __rt_lib_init_lc_collate_1
    libinit.o(.ARM.Collect$$libinit$$00000000) refers (Special) to libinit2.o(.ARM.Collect$$libinit$$00000011) for __rt_lib_init_lc_ctype_1
    libinit.o(.ARM.Collect$$libinit$$00000000) refers (Special) to libinit2.o(.ARM.Collect$$libinit$$00000013) for __rt_lib_init_lc_monetary_1
    libinit.o(.ARM.Collect$$libinit$$00000000) refers (Special) to libinit2.o(.ARM.Collect$$libinit$$00000015) for __rt_lib_init_lc_numeric_1
    libinit.o(.ARM.Collect$$libinit$$00000000) refers (Special) to libinit2.o(.ARM.Collect$$libinit$$00000017) for __rt_lib_init_lc_time_1
    libinit.o(.ARM.Collect$$libinit$$00000000) refers (Special) to libinit2.o(.ARM.Collect$$libinit$$0000000C) for __rt_lib_init_rand_1
    libinit.o(.ARM.Collect$$libinit$$00000000) refers (Special) to libinit2.o(.ARM.Collect$$libinit$$00000031) for __rt_lib_init_return
    libinit.o(.ARM.Collect$$libinit$$00000000) refers (Special) to libinit2.o(.ARM.Collect$$libinit$$0000001B) for __rt_lib_init_signal_1
    libinit.o(.ARM.Collect$$libinit$$00000000) refers (Special) to libinit2.o(.ARM.Collect$$libinit$$00000023) for __rt_lib_init_stdio_1
    libinit.o(.ARM.Collect$$libinit$$00000000) refers (Special) to libinit2.o(.ARM.Collect$$libinit$$0000000A) for __rt_lib_init_user_alloc_1
    libspace.o(.text) refers to libspace.o(.bss) for __libspace_start
    rtexit.o(.ARM.Collect$$rtexit$$00000000) refers (Special) to rtexit2.o(.ARM.Collect$$rtexit$$00000004) for __rt_exit_exit
    rtexit.o(.ARM.Collect$$rtexit$$00000000) refers (Special) to rtexit2.o(.ARM.Collect$$rtexit$$00000003) for __rt_exit_ls
    rtexit.o(.ARM.Collect$$rtexit$$00000000) refers (Special) to rtexit2.o(.ARM.Collect$$rtexit$$00000002) for __rt_exit_prels_1
    rtexit.o(.ARM.exidx) refers (Special) to rtexit2.o(.ARM.Collect$$rtexit$$00000004) for __rt_exit_exit
    rtexit.o(.ARM.exidx) refers (Special) to rtexit2.o(.ARM.Collect$$rtexit$$00000003) for __rt_exit_ls
    rtexit.o(.ARM.exidx) refers (Special) to rtexit2.o(.ARM.Collect$$rtexit$$00000002) for __rt_exit_prels_1
    rtexit.o(.ARM.exidx) refers to rtexit.o(.ARM.Collect$$rtexit$$00000000) for .ARM.Collect$$rtexit$$00000000
    libinit2.o(.ARM.Collect$$libinit$$0000000E) refers to libinit2.o(.ARM.Collect$$libinit$$0000000D) for .ARM.Collect$$libinit$$0000000D
    libinit2.o(.ARM.Collect$$libinit$$00000010) refers to libinit2.o(.ARM.Collect$$libinit$$0000000D) for .ARM.Collect$$libinit$$0000000D
    libinit2.o(.ARM.Collect$$libinit$$00000012) refers to libinit2.o(.ARM.Collect$$libinit$$0000000D) for .ARM.Collect$$libinit$$0000000D
    libinit2.o(.ARM.Collect$$libinit$$00000014) refers to libinit2.o(.ARM.Collect$$libinit$$0000000D) for .ARM.Collect$$libinit$$0000000D
    libinit2.o(.ARM.Collect$$libinit$$00000016) refers to libinit2.o(.ARM.Collect$$libinit$$0000000D) for .ARM.Collect$$libinit$$0000000D
    libinit2.o(.ARM.Collect$$libinit$$00000024) refers to argv_veneer.o(.emb_text) for __ARM_argv_veneer
    libinit2.o(.ARM.Collect$$libinit$$00000025) refers to argv_veneer.o(.emb_text) for __ARM_argv_veneer
    rtexit2.o(.ARM.Collect$$rtexit$$00000003) refers to libshutdown.o(.ARM.Collect$$libshutdown$$00000000) for __rt_lib_shutdown
    rtexit2.o(.ARM.Collect$$rtexit$$00000004) refers to sys_exit.o(.text) for _sys_exit
    rtexit2.o(.ARM.exidx) refers to rtexit2.o(.ARM.Collect$$rtexit$$00000001) for .ARM.Collect$$rtexit$$00000001
    rtexit2.o(.ARM.exidx) refers to rtexit2.o(.ARM.Collect$$rtexit$$00000003) for .ARM.Collect$$rtexit$$00000003
    rtexit2.o(.ARM.exidx) refers to rtexit2.o(.ARM.Collect$$rtexit$$00000004) for .ARM.Collect$$rtexit$$00000004
    argv_veneer.o(.emb_text) refers to no_argv.o(.text) for __ARM_get_argv
    sys_exit.o(.text) refers (Special) to use_no_semi.o(.text) for __I$use$semihosting
    sys_exit.o(.text) refers (Special) to indicate_semi.o(.text) for __semihosting_library_function
    _get_argv_nomalloc.o(.text) refers (Special) to hrguard.o(.text) for __heap_region$guard
    _get_argv_nomalloc.o(.text) refers to defsig_rtmem_outer.o(.text) for __rt_SIGRTMEM
    _get_argv_nomalloc.o(.text) refers to sys_command.o(.text) for _sys_command_string
    libshutdown.o(.ARM.Collect$$libshutdown$$00000000) refers (Special) to libshutdown2.o(.ARM.Collect$$libshutdown$$00000006) for __rt_lib_shutdown_fp_trap_1
    libshutdown.o(.ARM.Collect$$libshutdown$$00000000) refers (Special) to libshutdown2.o(.ARM.Collect$$libshutdown$$0000000E) for __rt_lib_shutdown_heap_1
    libshutdown.o(.ARM.Collect$$libshutdown$$00000000) refers (Special) to libshutdown2.o(.ARM.Collect$$libshutdown$$0000000F) for __rt_lib_shutdown_return
    libshutdown.o(.ARM.Collect$$libshutdown$$00000000) refers (Special) to libshutdown2.o(.ARM.Collect$$libshutdown$$00000009) for __rt_lib_shutdown_signal_1
    libshutdown.o(.ARM.Collect$$libshutdown$$00000000) refers (Special) to libshutdown2.o(.ARM.Collect$$libshutdown$$00000003) for __rt_lib_shutdown_stdio_1
    libshutdown.o(.ARM.Collect$$libshutdown$$00000000) refers (Special) to libshutdown2.o(.ARM.Collect$$libshutdown$$0000000B) for __rt_lib_shutdown_user_alloc_1
    sys_command.o(.text) refers (Special) to use_no_semi.o(.text) for __I$use$semihosting
    sys_command.o(.text) refers (Special) to indicate_semi.o(.text) for __semihosting_library_function
    defsig_rtmem_outer.o(.text) refers to defsig_rtmem_inner.o(.text) for __rt_SIGRTMEM_inner
    defsig_rtmem_outer.o(.text) refers to defsig_exit.o(.text) for __sig_exit
    defsig_rtmem_formal.o(.text) refers to rt_raise.o(.text) for __rt_raise
    rt_raise.o(.text) refers to __raise.o(.text) for __raise
    rt_raise.o(.text) refers to sys_exit.o(.text) for _sys_exit
    defsig_exit.o(.text) refers to sys_exit.o(.text) for _sys_exit
    defsig_rtmem_inner.o(.text) refers to defsig_general.o(.text) for __default_signal_display
    __raise.o(.text) refers to defsig.o(CL$$defsig) for __default_signal_handler
    defsig_general.o(.text) refers to sys_wrch.o(.text) for _ttywrch
    sys_wrch.o(.text) refers (Special) to use_no_semi.o(.text) for __I$use$semihosting
    sys_wrch.o(.text) refers (Special) to indicate_semi.o(.text) for __semihosting_library_function
    defsig.o(CL$$defsig) refers to defsig_rtmem_inner.o(.text) for __rt_SIGRTMEM_inner
    defsig_abrt_inner.o(.text) refers to defsig_general.o(.text) for __default_signal_display
    defsig_fpe_inner.o(.text) refers to defsig_general.o(.text) for __default_signal_display
    defsig_rtred_inner.o(.text) refers to defsig_general.o(.text) for __default_signal_display
    defsig_stak_inner.o(.text) refers to defsig_general.o(.text) for __default_signal_display
    defsig_pvfn_inner.o(.text) refers to defsig_general.o(.text) for __default_signal_display
    defsig_cppl_inner.o(.text) refers to defsig_general.o(.text) for __default_signal_display
    defsig_segv_inner.o(.text) refers to defsig_general.o(.text) for __default_signal_display
    defsig_other.o(.text) refers to defsig_general.o(.text) for __default_signal_display


==============================================================================

Removing Unused input sections from the image.

    Removing system_stm32f1xx.o(.rev16_text), (4 bytes).
    Removing system_stm32f1xx.o(.revsh_text), (4 bytes).
    Removing main.o(.rev16_text), (4 bytes).
    Removing main.o(.revsh_text), (4 bytes).
    Removing stm32f1xx_it.o(.rev16_text), (4 bytes).
    Removing stm32f1xx_it.o(.revsh_text), (4 bytes).
    Removing stm32f1xx_hal.o(.rev16_text), (4 bytes).
    Removing stm32f1xx_hal.o(.revsh_text), (4 bytes).
    Removing stm32f1xx_hal_gpio.o(.rev16_text), (4 bytes).
    Removing stm32f1xx_hal_gpio.o(.revsh_text), (4 bytes).
    Removing stm32f1xx_hal_gpio_ex.o(.rev16_text), (4 bytes).
    Removing stm32f1xx_hal_gpio_ex.o(.revsh_text), (4 bytes).
    Removing stm32f1xx_hal_gpio_ex.o(.text), (52 bytes).
    Removing stm32f1xx_hal_rcc.o(.rev16_text), (4 bytes).
    Removing stm32f1xx_hal_rcc.o(.revsh_text), (4 bytes).
    Removing stm32f1xx_hal_rcc_ex.o(.rev16_text), (4 bytes).
    Removing stm32f1xx_hal_rcc_ex.o(.revsh_text), (4 bytes).
    Removing stm32f1xx_hal_tim.o(.rev16_text), (4 bytes).
    Removing stm32f1xx_hal_tim.o(.revsh_text), (4 bytes).
    Removing stm32f1xx_hal_tim_ex.o(.rev16_text), (4 bytes).
    Removing stm32f1xx_hal_tim_ex.o(.revsh_text), (4 bytes).
    Removing stm32f1xx_hal_uart.o(.rev16_text), (4 bytes).
    Removing stm32f1xx_hal_uart.o(.revsh_text), (4 bytes).
    Removing stm32f1xx_hal_uart.o(.text), (3606 bytes).
    Removing stm32f1xx_hal_usart.o(.rev16_text), (4 bytes).
    Removing stm32f1xx_hal_usart.o(.revsh_text), (4 bytes).
    Removing stm32f1xx_hal_adc.o(.rev16_text), (4 bytes).
    Removing stm32f1xx_hal_adc.o(.revsh_text), (4 bytes).
    Removing stm32f1xx_hal_adc_ex.o(.rev16_text), (4 bytes).
    Removing stm32f1xx_hal_adc_ex.o(.revsh_text), (4 bytes).
    Removing stm32f1xx_hal_can.o(.rev16_text), (4 bytes).
    Removing stm32f1xx_hal_can.o(.revsh_text), (4 bytes).
    Removing stm32f1xx_hal_cec.o(.rev16_text), (4 bytes).
    Removing stm32f1xx_hal_cec.o(.revsh_text), (4 bytes).
    Removing stm32f1xx_hal_cortex.o(.rev16_text), (4 bytes).
    Removing stm32f1xx_hal_cortex.o(.revsh_text), (4 bytes).
    Removing stm32f1xx_hal_crc.o(.rev16_text), (4 bytes).
    Removing stm32f1xx_hal_crc.o(.revsh_text), (4 bytes).
    Removing stm32f1xx_hal_dac.o(.rev16_text), (4 bytes).
    Removing stm32f1xx_hal_dac.o(.revsh_text), (4 bytes).
    Removing stm32f1xx_hal_dac_ex.o(.rev16_text), (4 bytes).
    Removing stm32f1xx_hal_dac_ex.o(.revsh_text), (4 bytes).
    Removing stm32f1xx_hal_dma.o(.rev16_text), (4 bytes).
    Removing stm32f1xx_hal_dma.o(.revsh_text), (4 bytes).
    Removing stm32f1xx_hal_eth.o(.rev16_text), (4 bytes).
    Removing stm32f1xx_hal_eth.o(.revsh_text), (4 bytes).
    Removing stm32f1xx_hal_flash.o(.rev16_text), (4 bytes).
    Removing stm32f1xx_hal_flash.o(.revsh_text), (4 bytes).
    Removing stm32f1xx_hal_flash.o(.text), (880 bytes).
    Removing stm32f1xx_hal_flash.o(.bss), (32 bytes).
    Removing stm32f1xx_hal_flash_ex.o(.rev16_text), (4 bytes).
    Removing stm32f1xx_hal_flash_ex.o(.revsh_text), (4 bytes).
    Removing stm32f1xx_hal_flash_ex.o(.text), (1372 bytes).
    Removing stm32f1xx_hal_hcd.o(.rev16_text), (4 bytes).
    Removing stm32f1xx_hal_hcd.o(.revsh_text), (4 bytes).
    Removing stm32f1xx_hal_i2c.o(.rev16_text), (4 bytes).
    Removing stm32f1xx_hal_i2c.o(.revsh_text), (4 bytes).
    Removing stm32f1xx_hal_i2s.o(.rev16_text), (4 bytes).
    Removing stm32f1xx_hal_i2s.o(.revsh_text), (4 bytes).
    Removing stm32f1xx_hal_irda.o(.rev16_text), (4 bytes).
    Removing stm32f1xx_hal_irda.o(.revsh_text), (4 bytes).
    Removing stm32f1xx_hal_iwdg.o(.rev16_text), (4 bytes).
    Removing stm32f1xx_hal_iwdg.o(.revsh_text), (4 bytes).
    Removing stm32f1xx_hal_msp_template.o(.rev16_text), (4 bytes).
    Removing stm32f1xx_hal_msp_template.o(.revsh_text), (4 bytes).
    Removing stm32f1xx_hal_nand.o(.rev16_text), (4 bytes).
    Removing stm32f1xx_hal_nand.o(.revsh_text), (4 bytes).
    Removing stm32f1xx_hal_nor.o(.rev16_text), (4 bytes).
    Removing stm32f1xx_hal_nor.o(.revsh_text), (4 bytes).
    Removing stm32f1xx_hal_pccard.o(.rev16_text), (4 bytes).
    Removing stm32f1xx_hal_pccard.o(.revsh_text), (4 bytes).
    Removing stm32f1xx_hal_pcd.o(.rev16_text), (4 bytes).
    Removing stm32f1xx_hal_pcd.o(.revsh_text), (4 bytes).
    Removing stm32f1xx_hal_pcd_ex.o(.rev16_text), (4 bytes).
    Removing stm32f1xx_hal_pcd_ex.o(.revsh_text), (4 bytes).
    Removing stm32f1xx_hal_pwr.o(.rev16_text), (4 bytes).
    Removing stm32f1xx_hal_pwr.o(.revsh_text), (4 bytes).
    Removing stm32f1xx_hal_pwr.o(.text), (572 bytes).
    Removing stm32f1xx_hal_rtc.o(.rev16_text), (4 bytes).
    Removing stm32f1xx_hal_rtc.o(.revsh_text), (4 bytes).
    Removing stm32f1xx_hal_rtc_ex.o(.rev16_text), (4 bytes).
    Removing stm32f1xx_hal_rtc_ex.o(.revsh_text), (4 bytes).
    Removing stm32f1xx_hal_sd.o(.rev16_text), (4 bytes).
    Removing stm32f1xx_hal_sd.o(.revsh_text), (4 bytes).
    Removing stm32f1xx_hal_smartcard.o(.rev16_text), (4 bytes).
    Removing stm32f1xx_hal_smartcard.o(.revsh_text), (4 bytes).
    Removing stm32f1xx_hal_spi.o(.rev16_text), (4 bytes).
    Removing stm32f1xx_hal_spi.o(.revsh_text), (4 bytes).
    Removing stm32f1xx_hal_spi_ex.o(.rev16_text), (4 bytes).
    Removing stm32f1xx_hal_spi_ex.o(.revsh_text), (4 bytes).
    Removing stm32f1xx_hal_sram.o(.rev16_text), (4 bytes).
    Removing stm32f1xx_hal_sram.o(.revsh_text), (4 bytes).
    Removing stm32f1xx_hal_wwdg.o(.rev16_text), (4 bytes).
    Removing stm32f1xx_hal_wwdg.o(.revsh_text), (4 bytes).
    Removing stm32f1xx_ll_fsmc.o(.rev16_text), (4 bytes).
    Removing stm32f1xx_ll_fsmc.o(.revsh_text), (4 bytes).
    Removing stm32f1xx_ll_sdmmc.o(.rev16_text), (4 bytes).
    Removing stm32f1xx_ll_sdmmc.o(.revsh_text), (4 bytes).
    Removing stm32f1xx_ll_usb.o(.rev16_text), (4 bytes).
    Removing stm32f1xx_ll_usb.o(.revsh_text), (4 bytes).

100 unused section(s) (total 6890 bytes) removed from the image.

==============================================================================

Image Symbol Table

    Local Symbols

    Symbol Name                              Value     Ov Type        Size  Object(Section)

    ../clib/angel/boardlib.s                 0x00000000   Number         0  boardinit3.o ABSOLUTE
    ../clib/angel/boardlib.s                 0x00000000   Number         0  boardinit2.o ABSOLUTE
    ../clib/angel/boardlib.s                 0x00000000   Number         0  boardshut.o ABSOLUTE
    ../clib/angel/boardlib.s                 0x00000000   Number         0  boardinit1.o ABSOLUTE
    ../clib/angel/handlers.s                 0x00000000   Number         0  __scatter_copy.o ABSOLUTE
    ../clib/angel/handlers.s                 0x00000000   Number         0  __scatter_zi.o ABSOLUTE
    ../clib/angel/kernel.s                   0x00000000   Number         0  rtexit.o ABSOLUTE
    ../clib/angel/kernel.s                   0x00000000   Number         0  rtexit2.o ABSOLUTE
    ../clib/angel/kernel.s                   0x00000000   Number         0  rtentry2.o ABSOLUTE
    ../clib/angel/kernel.s                   0x00000000   Number         0  rtentry4.o ABSOLUTE
    ../clib/angel/kernel.s                   0x00000000   Number         0  rtentry.o ABSOLUTE
    ../clib/angel/rt.s                       0x00000000   Number         0  rt_raise.o ABSOLUTE
    ../clib/angel/scatter.s                  0x00000000   Number         0  __scatter.o ABSOLUTE
    ../clib/angel/startup.s                  0x00000000   Number         0  __main.o ABSOLUTE
    ../clib/angel/sys.s                      0x00000000   Number         0  indicate_semi.o ABSOLUTE
    ../clib/angel/sys.s                      0x00000000   Number         0  use_no_semi.o ABSOLUTE
    ../clib/angel/sys.s                      0x00000000   Number         0  sys_stackheap_outer.o ABSOLUTE
    ../clib/angel/sys.s                      0x00000000   Number         0  libspace.o ABSOLUTE
    ../clib/angel/sysapp.c                   0x00000000   Number         0  sys_command.o ABSOLUTE
    ../clib/angel/sysapp.c                   0x00000000   Number         0  sys_wrch.o ABSOLUTE
    ../clib/angel/sysapp.c                   0x00000000   Number         0  sys_exit.o ABSOLUTE
    ../clib/armsys.c                         0x00000000   Number         0  argv_veneer.o ABSOLUTE
    ../clib/armsys.c                         0x00000000   Number         0  no_argv.o ABSOLUTE
    ../clib/armsys.c                         0x00000000   Number         0  _get_argv_nomalloc.o ABSOLUTE
    ../clib/armsys.c                         0x00000000   Number         0  argv_veneer.o ABSOLUTE
    ../clib/heapalloc.c                      0x00000000   Number         0  hrguard.o ABSOLUTE
    ../clib/heapaux.c                        0x00000000   Number         0  heapauxi.o ABSOLUTE
    ../clib/libinit.s                        0x00000000   Number         0  libshutdown.o ABSOLUTE
    ../clib/libinit.s                        0x00000000   Number         0  libshutdown2.o ABSOLUTE
    ../clib/libinit.s                        0x00000000   Number         0  libinit2.o ABSOLUTE
    ../clib/libinit.s                        0x00000000   Number         0  libinit.o ABSOLUTE
    ../clib/longlong.s                       0x00000000   Number         0  llushr.o ABSOLUTE
    ../clib/memcpset.s                       0x00000000   Number         0  rt_memclr_w.o ABSOLUTE
    ../clib/signal.c                         0x00000000   Number         0  defsig_rtmem_outer.o ABSOLUTE
    ../clib/signal.c                         0x00000000   Number         0  defsig_abrt_inner.o ABSOLUTE
    ../clib/signal.c                         0x00000000   Number         0  defsig_general.o ABSOLUTE
    ../clib/signal.c                         0x00000000   Number         0  __raise.o ABSOLUTE
    ../clib/signal.c                         0x00000000   Number         0  defsig_rtmem_inner.o ABSOLUTE
    ../clib/signal.c                         0x00000000   Number         0  defsig_exit.o ABSOLUTE
    ../clib/signal.c                         0x00000000   Number         0  defsig_rtmem_formal.o ABSOLUTE
    ../clib/signal.c                         0x00000000   Number         0  defsig_fpe_inner.o ABSOLUTE
    ../clib/signal.c                         0x00000000   Number         0  defsig_rtred_inner.o ABSOLUTE
    ../clib/signal.c                         0x00000000   Number         0  defsig_stak_inner.o ABSOLUTE
    ../clib/signal.c                         0x00000000   Number         0  defsig_pvfn_inner.o ABSOLUTE
    ../clib/signal.c                         0x00000000   Number         0  defsig_cppl_inner.o ABSOLUTE
    ../clib/signal.c                         0x00000000   Number         0  defsig_segv_inner.o ABSOLUTE
    ../clib/signal.c                         0x00000000   Number         0  defsig_other.o ABSOLUTE
    ../clib/signal.s                         0x00000000   Number         0  defsig.o ABSOLUTE
    ../clib/stdlib.c                         0x00000000   Number         0  exit.o ABSOLUTE
    ../fplib/fpinit.s                        0x00000000   Number         0  fpinit.o ABSOLUTE
    STM32F1xx_HAL_Driver\Src\stm32f1xx_hal.c 0x00000000   Number         0  stm32f1xx_hal.o ABSOLUTE
    STM32F1xx_HAL_Driver\Src\stm32f1xx_hal_adc.c 0x00000000   Number         0  stm32f1xx_hal_adc.o ABSOLUTE
    STM32F1xx_HAL_Driver\Src\stm32f1xx_hal_adc_ex.c 0x00000000   Number         0  stm32f1xx_hal_adc_ex.o ABSOLUTE
    STM32F1xx_HAL_Driver\Src\stm32f1xx_hal_can.c 0x00000000   Number         0  stm32f1xx_hal_can.o ABSOLUTE
    STM32F1xx_HAL_Driver\Src\stm32f1xx_hal_cec.c 0x00000000   Number         0  stm32f1xx_hal_cec.o ABSOLUTE
    STM32F1xx_HAL_Driver\Src\stm32f1xx_hal_cortex.c 0x00000000   Number         0  stm32f1xx_hal_cortex.o ABSOLUTE
    STM32F1xx_HAL_Driver\Src\stm32f1xx_hal_crc.c 0x00000000   Number         0  stm32f1xx_hal_crc.o ABSOLUTE
    STM32F1xx_HAL_Driver\Src\stm32f1xx_hal_dac.c 0x00000000   Number         0  stm32f1xx_hal_dac.o ABSOLUTE
    STM32F1xx_HAL_Driver\Src\stm32f1xx_hal_dac_ex.c 0x00000000   Number         0  stm32f1xx_hal_dac_ex.o ABSOLUTE
    STM32F1xx_HAL_Driver\Src\stm32f1xx_hal_dma.c 0x00000000   Number         0  stm32f1xx_hal_dma.o ABSOLUTE
    STM32F1xx_HAL_Driver\Src\stm32f1xx_hal_eth.c 0x00000000   Number         0  stm32f1xx_hal_eth.o ABSOLUTE
    STM32F1xx_HAL_Driver\Src\stm32f1xx_hal_flash.c 0x00000000   Number         0  stm32f1xx_hal_flash.o ABSOLUTE
    STM32F1xx_HAL_Driver\Src\stm32f1xx_hal_flash_ex.c 0x00000000   Number         0  stm32f1xx_hal_flash_ex.o ABSOLUTE
    STM32F1xx_HAL_Driver\Src\stm32f1xx_hal_gpio.c 0x00000000   Number         0  stm32f1xx_hal_gpio.o ABSOLUTE
    STM32F1xx_HAL_Driver\Src\stm32f1xx_hal_gpio_ex.c 0x00000000   Number         0  stm32f1xx_hal_gpio_ex.o ABSOLUTE
    STM32F1xx_HAL_Driver\Src\stm32f1xx_hal_hcd.c 0x00000000   Number         0  stm32f1xx_hal_hcd.o ABSOLUTE
    STM32F1xx_HAL_Driver\Src\stm32f1xx_hal_i2c.c 0x00000000   Number         0  stm32f1xx_hal_i2c.o ABSOLUTE
    STM32F1xx_HAL_Driver\Src\stm32f1xx_hal_i2s.c 0x00000000   Number         0  stm32f1xx_hal_i2s.o ABSOLUTE
    STM32F1xx_HAL_Driver\Src\stm32f1xx_hal_irda.c 0x00000000   Number         0  stm32f1xx_hal_irda.o ABSOLUTE
    STM32F1xx_HAL_Driver\Src\stm32f1xx_hal_iwdg.c 0x00000000   Number         0  stm32f1xx_hal_iwdg.o ABSOLUTE
    STM32F1xx_HAL_Driver\Src\stm32f1xx_hal_msp_template.c 0x00000000   Number         0  stm32f1xx_hal_msp_template.o ABSOLUTE
    STM32F1xx_HAL_Driver\Src\stm32f1xx_hal_nand.c 0x00000000   Number         0  stm32f1xx_hal_nand.o ABSOLUTE
    STM32F1xx_HAL_Driver\Src\stm32f1xx_hal_nor.c 0x00000000   Number         0  stm32f1xx_hal_nor.o ABSOLUTE
    STM32F1xx_HAL_Driver\Src\stm32f1xx_hal_pccard.c 0x00000000   Number         0  stm32f1xx_hal_pccard.o ABSOLUTE
    STM32F1xx_HAL_Driver\Src\stm32f1xx_hal_pcd.c 0x00000000   Number         0  stm32f1xx_hal_pcd.o ABSOLUTE
    STM32F1xx_HAL_Driver\Src\stm32f1xx_hal_pcd_ex.c 0x00000000   Number         0  stm32f1xx_hal_pcd_ex.o ABSOLUTE
    STM32F1xx_HAL_Driver\Src\stm32f1xx_hal_pwr.c 0x00000000   Number         0  stm32f1xx_hal_pwr.o ABSOLUTE
    STM32F1xx_HAL_Driver\Src\stm32f1xx_hal_rcc.c 0x00000000   Number         0  stm32f1xx_hal_rcc.o ABSOLUTE
    STM32F1xx_HAL_Driver\Src\stm32f1xx_hal_rcc_ex.c 0x00000000   Number         0  stm32f1xx_hal_rcc_ex.o ABSOLUTE
    STM32F1xx_HAL_Driver\Src\stm32f1xx_hal_rtc.c 0x00000000   Number         0  stm32f1xx_hal_rtc.o ABSOLUTE
    STM32F1xx_HAL_Driver\Src\stm32f1xx_hal_rtc_ex.c 0x00000000   Number         0  stm32f1xx_hal_rtc_ex.o ABSOLUTE
    STM32F1xx_HAL_Driver\Src\stm32f1xx_hal_sd.c 0x00000000   Number         0  stm32f1xx_hal_sd.o ABSOLUTE
    STM32F1xx_HAL_Driver\Src\stm32f1xx_hal_smartcard.c 0x00000000   Number         0  stm32f1xx_hal_smartcard.o ABSOLUTE
    STM32F1xx_HAL_Driver\Src\stm32f1xx_hal_spi.c 0x00000000   Number         0  stm32f1xx_hal_spi.o ABSOLUTE
    STM32F1xx_HAL_Driver\Src\stm32f1xx_hal_spi_ex.c 0x00000000   Number         0  stm32f1xx_hal_spi_ex.o ABSOLUTE
    STM32F1xx_HAL_Driver\Src\stm32f1xx_hal_sram.c 0x00000000   Number         0  stm32f1xx_hal_sram.o ABSOLUTE
    STM32F1xx_HAL_Driver\Src\stm32f1xx_hal_tim.c 0x00000000   Number         0  stm32f1xx_hal_tim.o ABSOLUTE
    STM32F1xx_HAL_Driver\Src\stm32f1xx_hal_tim_ex.c 0x00000000   Number         0  stm32f1xx_hal_tim_ex.o ABSOLUTE
    STM32F1xx_HAL_Driver\Src\stm32f1xx_hal_uart.c 0x00000000   Number         0  stm32f1xx_hal_uart.o ABSOLUTE
    STM32F1xx_HAL_Driver\Src\stm32f1xx_hal_usart.c 0x00000000   Number         0  stm32f1xx_hal_usart.o ABSOLUTE
    STM32F1xx_HAL_Driver\Src\stm32f1xx_hal_wwdg.c 0x00000000   Number         0  stm32f1xx_hal_wwdg.o ABSOLUTE
    STM32F1xx_HAL_Driver\Src\stm32f1xx_ll_fsmc.c 0x00000000   Number         0  stm32f1xx_ll_fsmc.o ABSOLUTE
    STM32F1xx_HAL_Driver\Src\stm32f1xx_ll_sdmmc.c 0x00000000   Number         0  stm32f1xx_ll_sdmmc.o ABSOLUTE
    STM32F1xx_HAL_Driver\Src\stm32f1xx_ll_usb.c 0x00000000   Number         0  stm32f1xx_ll_usb.o ABSOLUTE
    STM32F1xx_HAL_Driver\\Src\\stm32f1xx_hal.c 0x00000000   Number         0  stm32f1xx_hal.o ABSOLUTE
    STM32F1xx_HAL_Driver\\Src\\stm32f1xx_hal_adc.c 0x00000000   Number         0  stm32f1xx_hal_adc.o ABSOLUTE
    STM32F1xx_HAL_Driver\\Src\\stm32f1xx_hal_adc_ex.c 0x00000000   Number         0  stm32f1xx_hal_adc_ex.o ABSOLUTE
    STM32F1xx_HAL_Driver\\Src\\stm32f1xx_hal_can.c 0x00000000   Number         0  stm32f1xx_hal_can.o ABSOLUTE
    STM32F1xx_HAL_Driver\\Src\\stm32f1xx_hal_cec.c 0x00000000   Number         0  stm32f1xx_hal_cec.o ABSOLUTE
    STM32F1xx_HAL_Driver\\Src\\stm32f1xx_hal_cortex.c 0x00000000   Number         0  stm32f1xx_hal_cortex.o ABSOLUTE
    STM32F1xx_HAL_Driver\\Src\\stm32f1xx_hal_crc.c 0x00000000   Number         0  stm32f1xx_hal_crc.o ABSOLUTE
    STM32F1xx_HAL_Driver\\Src\\stm32f1xx_hal_dac.c 0x00000000   Number         0  stm32f1xx_hal_dac.o ABSOLUTE
    STM32F1xx_HAL_Driver\\Src\\stm32f1xx_hal_dac_ex.c 0x00000000   Number         0  stm32f1xx_hal_dac_ex.o ABSOLUTE
    STM32F1xx_HAL_Driver\\Src\\stm32f1xx_hal_dma.c 0x00000000   Number         0  stm32f1xx_hal_dma.o ABSOLUTE
    STM32F1xx_HAL_Driver\\Src\\stm32f1xx_hal_eth.c 0x00000000   Number         0  stm32f1xx_hal_eth.o ABSOLUTE
    STM32F1xx_HAL_Driver\\Src\\stm32f1xx_hal_flash.c 0x00000000   Number         0  stm32f1xx_hal_flash.o ABSOLUTE
    STM32F1xx_HAL_Driver\\Src\\stm32f1xx_hal_flash_ex.c 0x00000000   Number         0  stm32f1xx_hal_flash_ex.o ABSOLUTE
    STM32F1xx_HAL_Driver\\Src\\stm32f1xx_hal_gpio.c 0x00000000   Number         0  stm32f1xx_hal_gpio.o ABSOLUTE
    STM32F1xx_HAL_Driver\\Src\\stm32f1xx_hal_gpio_ex.c 0x00000000   Number         0  stm32f1xx_hal_gpio_ex.o ABSOLUTE
    STM32F1xx_HAL_Driver\\Src\\stm32f1xx_hal_hcd.c 0x00000000   Number         0  stm32f1xx_hal_hcd.o ABSOLUTE
    STM32F1xx_HAL_Driver\\Src\\stm32f1xx_hal_i2c.c 0x00000000   Number         0  stm32f1xx_hal_i2c.o ABSOLUTE
    STM32F1xx_HAL_Driver\\Src\\stm32f1xx_hal_i2s.c 0x00000000   Number         0  stm32f1xx_hal_i2s.o ABSOLUTE
    STM32F1xx_HAL_Driver\\Src\\stm32f1xx_hal_irda.c 0x00000000   Number         0  stm32f1xx_hal_irda.o ABSOLUTE
    STM32F1xx_HAL_Driver\\Src\\stm32f1xx_hal_iwdg.c 0x00000000   Number         0  stm32f1xx_hal_iwdg.o ABSOLUTE
    STM32F1xx_HAL_Driver\\Src\\stm32f1xx_hal_msp_template.c 0x00000000   Number         0  stm32f1xx_hal_msp_template.o ABSOLUTE
    STM32F1xx_HAL_Driver\\Src\\stm32f1xx_hal_nand.c 0x00000000   Number         0  stm32f1xx_hal_nand.o ABSOLUTE
    STM32F1xx_HAL_Driver\\Src\\stm32f1xx_hal_nor.c 0x00000000   Number         0  stm32f1xx_hal_nor.o ABSOLUTE
    STM32F1xx_HAL_Driver\\Src\\stm32f1xx_hal_pccard.c 0x00000000   Number         0  stm32f1xx_hal_pccard.o ABSOLUTE
    STM32F1xx_HAL_Driver\\Src\\stm32f1xx_hal_pcd.c 0x00000000   Number         0  stm32f1xx_hal_pcd.o ABSOLUTE
    STM32F1xx_HAL_Driver\\Src\\stm32f1xx_hal_pcd_ex.c 0x00000000   Number         0  stm32f1xx_hal_pcd_ex.o ABSOLUTE
    STM32F1xx_HAL_Driver\\Src\\stm32f1xx_hal_pwr.c 0x00000000   Number         0  stm32f1xx_hal_pwr.o ABSOLUTE
    STM32F1xx_HAL_Driver\\Src\\stm32f1xx_hal_rcc.c 0x00000000   Number         0  stm32f1xx_hal_rcc.o ABSOLUTE
    STM32F1xx_HAL_Driver\\Src\\stm32f1xx_hal_rcc_ex.c 0x00000000   Number         0  stm32f1xx_hal_rcc_ex.o ABSOLUTE
    STM32F1xx_HAL_Driver\\Src\\stm32f1xx_hal_rtc.c 0x00000000   Number         0  stm32f1xx_hal_rtc.o ABSOLUTE
    STM32F1xx_HAL_Driver\\Src\\stm32f1xx_hal_rtc_ex.c 0x00000000   Number         0  stm32f1xx_hal_rtc_ex.o ABSOLUTE
    STM32F1xx_HAL_Driver\\Src\\stm32f1xx_hal_sd.c 0x00000000   Number         0  stm32f1xx_hal_sd.o ABSOLUTE
    STM32F1xx_HAL_Driver\\Src\\stm32f1xx_hal_smartcard.c 0x00000000   Number         0  stm32f1xx_hal_smartcard.o ABSOLUTE
    STM32F1xx_HAL_Driver\\Src\\stm32f1xx_hal_spi.c 0x00000000   Number         0  stm32f1xx_hal_spi.o ABSOLUTE
    STM32F1xx_HAL_Driver\\Src\\stm32f1xx_hal_spi_ex.c 0x00000000   Number         0  stm32f1xx_hal_spi_ex.o ABSOLUTE
    STM32F1xx_HAL_Driver\\Src\\stm32f1xx_hal_sram.c 0x00000000   Number         0  stm32f1xx_hal_sram.o ABSOLUTE
    STM32F1xx_HAL_Driver\\Src\\stm32f1xx_hal_tim.c 0x00000000   Number         0  stm32f1xx_hal_tim.o ABSOLUTE
    STM32F1xx_HAL_Driver\\Src\\stm32f1xx_hal_tim_ex.c 0x00000000   Number         0  stm32f1xx_hal_tim_ex.o ABSOLUTE
    STM32F1xx_HAL_Driver\\Src\\stm32f1xx_hal_uart.c 0x00000000   Number         0  stm32f1xx_hal_uart.o ABSOLUTE
    STM32F1xx_HAL_Driver\\Src\\stm32f1xx_hal_usart.c 0x00000000   Number         0  stm32f1xx_hal_usart.o ABSOLUTE
    STM32F1xx_HAL_Driver\\Src\\stm32f1xx_hal_wwdg.c 0x00000000   Number         0  stm32f1xx_hal_wwdg.o ABSOLUTE
    STM32F1xx_HAL_Driver\\Src\\stm32f1xx_ll_fsmc.c 0x00000000   Number         0  stm32f1xx_ll_fsmc.o ABSOLUTE
    STM32F1xx_HAL_Driver\\Src\\stm32f1xx_ll_sdmmc.c 0x00000000   Number         0  stm32f1xx_ll_sdmmc.o ABSOLUTE
    STM32F1xx_HAL_Driver\\Src\\stm32f1xx_ll_usb.c 0x00000000   Number         0  stm32f1xx_ll_usb.o ABSOLUTE
    dc.s                                     0x00000000   Number         0  dc.o ABSOLUTE
    main.c                                   0x00000000   Number         0  main.o ABSOLUTE
    main.c                                   0x00000000   Number         0  main.o ABSOLUTE
    startup_stm32f10x_md.s                   0x00000000   Number         0  startup_stm32f10x_md.o ABSOLUTE
    stm32f1xx_it.c                           0x00000000   Number         0  stm32f1xx_it.o ABSOLUTE
    stm32f1xx_it.c                           0x00000000   Number         0  stm32f1xx_it.o ABSOLUTE
    system_stm32f1xx.c                       0x00000000   Number         0  system_stm32f1xx.o ABSOLUTE
    system_stm32f1xx.c                       0x00000000   Number         0  system_stm32f1xx.o ABSOLUTE
    RESET                                    0x08000000   Section      236  startup_stm32f10x_md.o(RESET)
    !!!main                                  0x080000ec   Section        8  __main.o(!!!main)
    !!!scatter                               0x080000f4   Section       52  __scatter.o(!!!scatter)
    !!handler_copy                           0x08000128   Section       26  __scatter_copy.o(!!handler_copy)
    !!handler_zi                             0x08000144   Section       28  __scatter_zi.o(!!handler_zi)
    .ARM.Collect$$libinit$$00000000          0x08000160   Section        2  libinit.o(.ARM.Collect$$libinit$$00000000)
    .ARM.Collect$$libinit$$00000002          0x08000162   Section        0  libinit2.o(.ARM.Collect$$libinit$$00000002)
    .ARM.Collect$$libinit$$00000008          0x08000162   Section        0  libinit2.o(.ARM.Collect$$libinit$$00000008)
    .ARM.Collect$$libinit$$0000000A          0x08000162   Section        0  libinit2.o(.ARM.Collect$$libinit$$0000000A)
    .ARM.Collect$$libinit$$0000000C          0x08000162   Section        0  libinit2.o(.ARM.Collect$$libinit$$0000000C)
    .ARM.Collect$$libinit$$0000000F          0x08000162   Section        0  libinit2.o(.ARM.Collect$$libinit$$0000000F)
    .ARM.Collect$$libinit$$00000011          0x08000162   Section        0  libinit2.o(.ARM.Collect$$libinit$$00000011)
    .ARM.Collect$$libinit$$00000013          0x08000162   Section        0  libinit2.o(.ARM.Collect$$libinit$$00000013)
    .ARM.Collect$$libinit$$00000015          0x08000162   Section        0  libinit2.o(.ARM.Collect$$libinit$$00000015)
    .ARM.Collect$$libinit$$00000017          0x08000162   Section        0  libinit2.o(.ARM.Collect$$libinit$$00000017)
    .ARM.Collect$$libinit$$00000019          0x08000162   Section        0  libinit2.o(.ARM.Collect$$libinit$$00000019)
    .ARM.Collect$$libinit$$0000001B          0x08000162   Section        0  libinit2.o(.ARM.Collect$$libinit$$0000001B)
    .ARM.Collect$$libinit$$0000001D          0x08000162   Section        0  libinit2.o(.ARM.Collect$$libinit$$0000001D)
    .ARM.Collect$$libinit$$0000001F          0x08000162   Section        0  libinit2.o(.ARM.Collect$$libinit$$0000001F)
    .ARM.Collect$$libinit$$00000021          0x08000162   Section        0  libinit2.o(.ARM.Collect$$libinit$$00000021)
    .ARM.Collect$$libinit$$00000023          0x08000162   Section        0  libinit2.o(.ARM.Collect$$libinit$$00000023)
    .ARM.Collect$$libinit$$0000002A          0x08000162   Section        0  libinit2.o(.ARM.Collect$$libinit$$0000002A)
    .ARM.Collect$$libinit$$0000002C          0x08000162   Section        0  libinit2.o(.ARM.Collect$$libinit$$0000002C)
    .ARM.Collect$$libinit$$0000002E          0x08000162   Section        0  libinit2.o(.ARM.Collect$$libinit$$0000002E)
    .ARM.Collect$$libinit$$00000030          0x08000162   Section        0  libinit2.o(.ARM.Collect$$libinit$$00000030)
    .ARM.Collect$$libinit$$00000031          0x08000162   Section        2  libinit2.o(.ARM.Collect$$libinit$$00000031)
    .ARM.Collect$$libshutdown$$00000000      0x08000164   Section        2  libshutdown.o(.ARM.Collect$$libshutdown$$00000000)
    .ARM.Collect$$libshutdown$$00000003      0x08000166   Section        0  libshutdown2.o(.ARM.Collect$$libshutdown$$00000003)
    .ARM.Collect$$libshutdown$$00000006      0x08000166   Section        0  libshutdown2.o(.ARM.Collect$$libshutdown$$00000006)
    .ARM.Collect$$libshutdown$$00000009      0x08000166   Section        0  libshutdown2.o(.ARM.Collect$$libshutdown$$00000009)
    .ARM.Collect$$libshutdown$$0000000B      0x08000166   Section        0  libshutdown2.o(.ARM.Collect$$libshutdown$$0000000B)
    .ARM.Collect$$libshutdown$$0000000E      0x08000166   Section        0  libshutdown2.o(.ARM.Collect$$libshutdown$$0000000E)
    .ARM.Collect$$libshutdown$$0000000F      0x08000166   Section        2  libshutdown2.o(.ARM.Collect$$libshutdown$$0000000F)
    .ARM.Collect$$rtentry$$00000000          0x08000168   Section        0  rtentry.o(.ARM.Collect$$rtentry$$00000000)
    .ARM.Collect$$rtentry$$00000002          0x08000168   Section        0  rtentry2.o(.ARM.Collect$$rtentry$$00000002)
    .ARM.Collect$$rtentry$$00000004          0x08000168   Section        6  rtentry4.o(.ARM.Collect$$rtentry$$00000004)
    .ARM.Collect$$rtentry$$00000009          0x0800016e   Section        0  rtentry2.o(.ARM.Collect$$rtentry$$00000009)
    .ARM.Collect$$rtentry$$0000000A          0x0800016e   Section        4  rtentry2.o(.ARM.Collect$$rtentry$$0000000A)
    .ARM.Collect$$rtentry$$0000000C          0x08000172   Section        0  rtentry2.o(.ARM.Collect$$rtentry$$0000000C)
    .ARM.Collect$$rtentry$$0000000D          0x08000172   Section        8  rtentry2.o(.ARM.Collect$$rtentry$$0000000D)
    .ARM.Collect$$rtexit$$00000000           0x0800017a   Section        2  rtexit.o(.ARM.Collect$$rtexit$$00000000)
    .ARM.Collect$$rtexit$$00000002           0x0800017c   Section        0  rtexit2.o(.ARM.Collect$$rtexit$$00000002)
    .ARM.Collect$$rtexit$$00000003           0x0800017c   Section        4  rtexit2.o(.ARM.Collect$$rtexit$$00000003)
    .ARM.Collect$$rtexit$$00000004           0x08000180   Section        6  rtexit2.o(.ARM.Collect$$rtexit$$00000004)
    .text                                    0x08000188   Section       64  startup_stm32f10x_md.o(.text)
    .text                                    0x080001c8   Section        0  system_stm32f1xx.o(.text)
    .text                                    0x080002bc   Section        0  main.o(.text)
    Error_Handler                            0x08000301   Thumb Code     4  main.o(.text)
    .text                                    0x080005c8   Section        0  stm32f1xx_it.o(.text)
    .text                                    0x08000604   Section        0  stm32f1xx_hal.o(.text)
    .text                                    0x08000748   Section        0  stm32f1xx_hal_gpio.o(.text)
    .text                                    0x08000be0   Section        0  stm32f1xx_hal_rcc.o(.text)
    .text                                    0x08001a68   Section        0  stm32f1xx_hal_rcc_ex.o(.text)
    .text                                    0x080021ac   Section        0  stm32f1xx_hal_tim.o(.text)
    TIM_DMAPeriodElapsedCplt                 0x0800234d   Thumb Code    20  stm32f1xx_hal_tim.o(.text)
    TIM_OC4_SetConfig                        0x0800396f   Thumb Code    74  stm32f1xx_hal_tim.o(.text)
    TIM_OC3_SetConfig                        0x080039b9   Thumb Code   112  stm32f1xx_hal_tim.o(.text)
    TIM_OC1_SetConfig                        0x08003a93   Thumb Code    96  stm32f1xx_hal_tim.o(.text)
    TIM_TI4_SetConfig                        0x08003b67   Thumb Code    64  stm32f1xx_hal_tim.o(.text)
    TIM_TI3_SetConfig                        0x08003ba7   Thumb Code    60  stm32f1xx_hal_tim.o(.text)
    TIM_TI2_SetConfig                        0x08003be3   Thumb Code    62  stm32f1xx_hal_tim.o(.text)
    TIM_DMATriggerCplt                       0x08003f93   Thumb Code    20  stm32f1xx_hal_tim.o(.text)
    TIM_ETR_SetConfig                        0x080043b9   Thumb Code    24  stm32f1xx_hal_tim.o(.text)
    TIM_ITRx_SetConfig                       0x080044f1   Thumb Code    20  stm32f1xx_hal_tim.o(.text)
    TIM_TI1_ConfigInputStage                 0x08004505   Thumb Code    42  stm32f1xx_hal_tim.o(.text)
    TIM_TI2_ConfigInputStage                 0x0800452f   Thumb Code    44  stm32f1xx_hal_tim.o(.text)
    TIM_SlaveTimer_SetConfig                 0x080046a5   Thumb Code   162  stm32f1xx_hal_tim.o(.text)
    .text                                    0x08004878   Section        0  stm32f1xx_hal_tim_ex.o(.text)
    TIM_CCxNChannelCmd                       0x08004b05   Thumb Code    28  stm32f1xx_hal_tim_ex.o(.text)
    .text                                    0x080055e0   Section        0  stm32f1xx_hal_cortex.o(.text)
    NVIC_SetPriority                         0x080055e1   Thumb Code    32  stm32f1xx_hal_cortex.o(.text)
    NVIC_GetPriorityGrouping                 0x0800586b   Thumb Code    12  stm32f1xx_hal_cortex.o(.text)
    .text                                    0x0800588c   Section        0  stm32f1xx_hal_dma.o(.text)
    DMA_SetConfig                            0x08005a4d   Thumb Code    32  stm32f1xx_hal_dma.o(.text)
    .text                                    0x08006198   Section        0  stm32f1xx_hal_msp_template.o(.text)
    .text                                    0x080061d4   Section       78  rt_memclr_w.o(.text)
    .text                                    0x08006222   Section        0  heapauxi.o(.text)
    .text                                    0x08006228   Section       74  sys_stackheap_outer.o(.text)
    .text                                    0x08006272   Section        0  exit.o(.text)
    .text                                    0x08006280   Section        8  libspace.o(.text)
    .text                                    0x08006288   Section        0  sys_exit.o(.text)
    .text                                    0x08006294   Section        2  use_no_semi.o(.text)
    .constdata                               0x08006296   Section       16  stm32f1xx_hal_rcc.o(.constdata)
    .text                                    0x08006296   Section        0  indicate_semi.o(.text)
    .data                                    0x20000000   Section       20  system_stm32f1xx.o(.data)
    .data                                    0x20000014   Section       12  main.o(.data)
    .data                                    0x20000020   Section        4  stm32f1xx_hal.o(.data)
    uwTick                                   0x20000020   Data           4  stm32f1xx_hal.o(.data)
    .bss                                     0x20000024   Section       92  main.o(.bss)
    GENLED_InitStruct                        0x20000024   Data          16  main.o(.bss)
    Button_InitStruct                        0x20000034   Data          16  main.o(.bss)
    .bss                                     0x20000080   Section       96  libspace.o(.bss)
    HEAP                                     0x200000e0   Section      512  startup_stm32f10x_md.o(HEAP)
    Heap_Mem                                 0x200000e0   Data         512  startup_stm32f10x_md.o(HEAP)
    STACK                                    0x200002e0   Section     1024  startup_stm32f10x_md.o(STACK)
    Stack_Mem                                0x200002e0   Data        1024  startup_stm32f10x_md.o(STACK)
    __initial_sp                             0x200006e0   Data           0  startup_stm32f10x_md.o(STACK)

    Global Symbols

    Symbol Name                              Value     Ov Type        Size  Object(Section)

    BuildAttributes$$THM_ISAv4$P$D$K$B$S$PE$A:L22UL41UL21$X:L11$S22US41US21$IEEE1$IW$USESV6$~STKCKD$USESV7$~SHL$OSPACE$ROPI$EBA8$UX$STANDARDLIB$REQ8$PRES8$EABIv2 0x00000000   Number         0  anon$$obj.o ABSOLUTE
    __ARM_use_no_argv                        0x00000000   Number         0  main.o ABSOLUTE
    __ARM_exceptions_init                     - Undefined Weak Reference
    __alloca_initialize                       - Undefined Weak Reference
    __cpp_initialize__aeabi_                  - Undefined Weak Reference
    __cxa_finalize                            - Undefined Weak Reference
    __rt_locale                               - Undefined Weak Reference
    __sigvec_lookup                           - Undefined Weak Reference
    _atexit_init                              - Undefined Weak Reference
    _call_atexit_fns                          - Undefined Weak Reference
    _clock_init                               - Undefined Weak Reference
    _fp_trap_init                             - Undefined Weak Reference
    _fp_trap_shutdown                         - Undefined Weak Reference
    _get_lc_collate                           - Undefined Weak Reference
    _get_lc_ctype                             - Undefined Weak Reference
    _get_lc_monetary                          - Undefined Weak Reference
    _get_lc_numeric                           - Undefined Weak Reference
    _get_lc_time                              - Undefined Weak Reference
    _getenv_init                              - Undefined Weak Reference
    _handle_redirection                       - Undefined Weak Reference
    _init_alloc                               - Undefined Weak Reference
    _init_user_alloc                          - Undefined Weak Reference
    _initio                                   - Undefined Weak Reference
    _rand_init                                - Undefined Weak Reference
    _signal_finish                            - Undefined Weak Reference
    _signal_init                              - Undefined Weak Reference
    _terminate_alloc                          - Undefined Weak Reference
    _terminate_user_alloc                     - Undefined Weak Reference
    _terminateio                              - Undefined Weak Reference
    __Vectors_Size                           0x000000ec   Number         0  startup_stm32f10x_md.o ABSOLUTE
    __Vectors                                0x08000000   Data           4  startup_stm32f10x_md.o(RESET)
    __Vectors_End                            0x080000ec   Data           0  startup_stm32f10x_md.o(RESET)
    __main                                   0x080000ed   Thumb Code     8  __main.o(!!!main)
    __scatterload                            0x080000f5   Thumb Code     0  __scatter.o(!!!scatter)
    __scatterload_rt2                        0x080000f5   Thumb Code    44  __scatter.o(!!!scatter)
    __scatterload_rt2_thumb_only             0x080000f5   Thumb Code     0  __scatter.o(!!!scatter)
    __scatterload_null                       0x08000103   Thumb Code     0  __scatter.o(!!!scatter)
    __scatterload_copy                       0x08000129   Thumb Code    26  __scatter_copy.o(!!handler_copy)
    __scatterload_zeroinit                   0x08000145   Thumb Code    28  __scatter_zi.o(!!handler_zi)
    __rt_lib_init                            0x08000161   Thumb Code     0  libinit.o(.ARM.Collect$$libinit$$00000000)
    __rt_lib_init_alloca_1                   0x08000163   Thumb Code     0  libinit2.o(.ARM.Collect$$libinit$$0000002C)
    __rt_lib_init_argv_1                     0x08000163   Thumb Code     0  libinit2.o(.ARM.Collect$$libinit$$0000002A)
    __rt_lib_init_atexit_1                   0x08000163   Thumb Code     0  libinit2.o(.ARM.Collect$$libinit$$00000019)
    __rt_lib_init_clock_1                    0x08000163   Thumb Code     0  libinit2.o(.ARM.Collect$$libinit$$0000001F)
    __rt_lib_init_cpp_1                      0x08000163   Thumb Code     0  libinit2.o(.ARM.Collect$$libinit$$00000030)
    __rt_lib_init_exceptions_1               0x08000163   Thumb Code     0  libinit2.o(.ARM.Collect$$libinit$$0000002E)
    __rt_lib_init_fp_1                       0x08000163   Thumb Code     0  libinit2.o(.ARM.Collect$$libinit$$00000002)
    __rt_lib_init_fp_trap_1                  0x08000163   Thumb Code     0  libinit2.o(.ARM.Collect$$libinit$$0000001D)
    __rt_lib_init_getenv_1                   0x08000163   Thumb Code     0  libinit2.o(.ARM.Collect$$libinit$$00000021)
    __rt_lib_init_heap_1                     0x08000163   Thumb Code     0  libinit2.o(.ARM.Collect$$libinit$$00000008)
    __rt_lib_init_lc_collate_1               0x08000163   Thumb Code     0  libinit2.o(.ARM.Collect$$libinit$$0000000F)
    __rt_lib_init_lc_ctype_1                 0x08000163   Thumb Code     0  libinit2.o(.ARM.Collect$$libinit$$00000011)
    __rt_lib_init_lc_monetary_1              0x08000163   Thumb Code     0  libinit2.o(.ARM.Collect$$libinit$$00000013)
    __rt_lib_init_lc_numeric_1               0x08000163   Thumb Code     0  libinit2.o(.ARM.Collect$$libinit$$00000015)
    __rt_lib_init_lc_time_1                  0x08000163   Thumb Code     0  libinit2.o(.ARM.Collect$$libinit$$00000017)
    __rt_lib_init_rand_1                     0x08000163   Thumb Code     0  libinit2.o(.ARM.Collect$$libinit$$0000000C)
    __rt_lib_init_return                     0x08000163   Thumb Code     0  libinit2.o(.ARM.Collect$$libinit$$00000031)
    __rt_lib_init_signal_1                   0x08000163   Thumb Code     0  libinit2.o(.ARM.Collect$$libinit$$0000001B)
    __rt_lib_init_stdio_1                    0x08000163   Thumb Code     0  libinit2.o(.ARM.Collect$$libinit$$00000023)
    __rt_lib_init_user_alloc_1               0x08000163   Thumb Code     0  libinit2.o(.ARM.Collect$$libinit$$0000000A)
    __rt_lib_shutdown                        0x08000165   Thumb Code     0  libshutdown.o(.ARM.Collect$$libshutdown$$00000000)
    __rt_lib_shutdown_fp_trap_1              0x08000167   Thumb Code     0  libshutdown2.o(.ARM.Collect$$libshutdown$$00000006)
    __rt_lib_shutdown_heap_1                 0x08000167   Thumb Code     0  libshutdown2.o(.ARM.Collect$$libshutdown$$0000000E)
    __rt_lib_shutdown_return                 0x08000167   Thumb Code     0  libshutdown2.o(.ARM.Collect$$libshutdown$$0000000F)
    __rt_lib_shutdown_signal_1               0x08000167   Thumb Code     0  libshutdown2.o(.ARM.Collect$$libshutdown$$00000009)
    __rt_lib_shutdown_stdio_1                0x08000167   Thumb Code     0  libshutdown2.o(.ARM.Collect$$libshutdown$$00000003)
    __rt_lib_shutdown_user_alloc_1           0x08000167   Thumb Code     0  libshutdown2.o(.ARM.Collect$$libshutdown$$0000000B)
    __rt_entry                               0x08000169   Thumb Code     0  rtentry.o(.ARM.Collect$$rtentry$$00000000)
    __rt_entry_presh_1                       0x08000169   Thumb Code     0  rtentry2.o(.ARM.Collect$$rtentry$$00000002)
    __rt_entry_sh                            0x08000169   Thumb Code     0  rtentry4.o(.ARM.Collect$$rtentry$$00000004)
    __rt_entry_li                            0x0800016f   Thumb Code     0  rtentry2.o(.ARM.Collect$$rtentry$$0000000A)
    __rt_entry_postsh_1                      0x0800016f   Thumb Code     0  rtentry2.o(.ARM.Collect$$rtentry$$00000009)
    __rt_entry_main                          0x08000173   Thumb Code     0  rtentry2.o(.ARM.Collect$$rtentry$$0000000D)
    __rt_entry_postli_1                      0x08000173   Thumb Code     0  rtentry2.o(.ARM.Collect$$rtentry$$0000000C)
    __rt_exit                                0x0800017b   Thumb Code     0  rtexit.o(.ARM.Collect$$rtexit$$00000000)
    __rt_exit_ls                             0x0800017d   Thumb Code     0  rtexit2.o(.ARM.Collect$$rtexit$$00000003)
    __rt_exit_prels_1                        0x0800017d   Thumb Code     0  rtexit2.o(.ARM.Collect$$rtexit$$00000002)
    __rt_exit_exit                           0x08000181   Thumb Code     0  rtexit2.o(.ARM.Collect$$rtexit$$00000004)
    Reset_Handler                            0x08000189   Thumb Code     8  startup_stm32f10x_md.o(.text)
    ADC1_2_IRQHandler                        0x080001a3   Thumb Code     0  startup_stm32f10x_md.o(.text)
    CAN1_RX1_IRQHandler                      0x080001a3   Thumb Code     0  startup_stm32f10x_md.o(.text)
    CAN1_SCE_IRQHandler                      0x080001a3   Thumb Code     0  startup_stm32f10x_md.o(.text)
    DMA1_Channel1_IRQHandler                 0x080001a3   Thumb Code     0  startup_stm32f10x_md.o(.text)
    DMA1_Channel2_IRQHandler                 0x080001a3   Thumb Code     0  startup_stm32f10x_md.o(.text)
    DMA1_Channel3_IRQHandler                 0x080001a3   Thumb Code     0  startup_stm32f10x_md.o(.text)
    DMA1_Channel4_IRQHandler                 0x080001a3   Thumb Code     0  startup_stm32f10x_md.o(.text)
    DMA1_Channel5_IRQHandler                 0x080001a3   Thumb Code     0  startup_stm32f10x_md.o(.text)
    DMA1_Channel6_IRQHandler                 0x080001a3   Thumb Code     0  startup_stm32f10x_md.o(.text)
    DMA1_Channel7_IRQHandler                 0x080001a3   Thumb Code     0  startup_stm32f10x_md.o(.text)
    EXTI15_10_IRQHandler                     0x080001a3   Thumb Code     0  startup_stm32f10x_md.o(.text)
    EXTI1_IRQHandler                         0x080001a3   Thumb Code     0  startup_stm32f10x_md.o(.text)
    EXTI2_IRQHandler                         0x080001a3   Thumb Code     0  startup_stm32f10x_md.o(.text)
    EXTI3_IRQHandler                         0x080001a3   Thumb Code     0  startup_stm32f10x_md.o(.text)
    EXTI4_IRQHandler                         0x080001a3   Thumb Code     0  startup_stm32f10x_md.o(.text)
    EXTI9_5_IRQHandler                       0x080001a3   Thumb Code     0  startup_stm32f10x_md.o(.text)
    FLASH_IRQHandler                         0x080001a3   Thumb Code     0  startup_stm32f10x_md.o(.text)
    I2C1_ER_IRQHandler                       0x080001a3   Thumb Code     0  startup_stm32f10x_md.o(.text)
    I2C1_EV_IRQHandler                       0x080001a3   Thumb Code     0  startup_stm32f10x_md.o(.text)
    I2C2_ER_IRQHandler                       0x080001a3   Thumb Code     0  startup_stm32f10x_md.o(.text)
    I2C2_EV_IRQHandler                       0x080001a3   Thumb Code     0  startup_stm32f10x_md.o(.text)
    PVD_IRQHandler                           0x080001a3   Thumb Code     0  startup_stm32f10x_md.o(.text)
    RCC_IRQHandler                           0x080001a3   Thumb Code     0  startup_stm32f10x_md.o(.text)
    RTCAlarm_IRQHandler                      0x080001a3   Thumb Code     0  startup_stm32f10x_md.o(.text)
    RTC_IRQHandler                           0x080001a3   Thumb Code     0  startup_stm32f10x_md.o(.text)
    SPI1_IRQHandler                          0x080001a3   Thumb Code     0  startup_stm32f10x_md.o(.text)
    SPI2_IRQHandler                          0x080001a3   Thumb Code     0  startup_stm32f10x_md.o(.text)
    TAMPER_IRQHandler                        0x080001a3   Thumb Code     0  startup_stm32f10x_md.o(.text)
    TIM1_BRK_IRQHandler                      0x080001a3   Thumb Code     0  startup_stm32f10x_md.o(.text)
    TIM1_CC_IRQHandler                       0x080001a3   Thumb Code     0  startup_stm32f10x_md.o(.text)
    TIM1_TRG_COM_IRQHandler                  0x080001a3   Thumb Code     0  startup_stm32f10x_md.o(.text)
    TIM1_UP_IRQHandler                       0x080001a3   Thumb Code     0  startup_stm32f10x_md.o(.text)
    TIM2_IRQHandler                          0x080001a3   Thumb Code     0  startup_stm32f10x_md.o(.text)
    TIM4_IRQHandler                          0x080001a3   Thumb Code     0  startup_stm32f10x_md.o(.text)
    USART1_IRQHandler                        0x080001a3   Thumb Code     0  startup_stm32f10x_md.o(.text)
    USART2_IRQHandler                        0x080001a3   Thumb Code     0  startup_stm32f10x_md.o(.text)
    USART3_IRQHandler                        0x080001a3   Thumb Code     0  startup_stm32f10x_md.o(.text)
    USBWakeUp_IRQHandler                     0x080001a3   Thumb Code     0  startup_stm32f10x_md.o(.text)
    USB_HP_CAN1_TX_IRQHandler                0x080001a3   Thumb Code     0  startup_stm32f10x_md.o(.text)
    USB_LP_CAN1_RX0_IRQHandler               0x080001a3   Thumb Code     0  startup_stm32f10x_md.o(.text)
    WWDG_IRQHandler                          0x080001a3   Thumb Code     0  startup_stm32f10x_md.o(.text)
    __user_initial_stackheap                 0x080001a5   Thumb Code     0  startup_stm32f10x_md.o(.text)
    SystemInit                               0x080001c9   Thumb Code    70  system_stm32f1xx.o(.text)
    SystemCoreClockUpdate                    0x0800020f   Thumb Code   142  system_stm32f1xx.o(.text)
    Button_Init                              0x080002bd   Thumb Code    68  main.o(.text)
    startup_led                              0x08000305   Thumb Code   276  main.o(.text)
    GENLED_Init                              0x08000419   Thumb Code    54  main.o(.text)
    SystemClock_Config                       0x0800044f   Thumb Code   104  main.o(.text)
    main                                     0x080004b7   Thumb Code   190  main.o(.text)
    HAL_GPIO_EXTI_Callback                   0x08000575   Thumb Code    12  main.o(.text)
    HAL_TIM_PeriodElapsedCallback            0x08000581   Thumb Code    26  main.o(.text)
    NMI_Handler                              0x080005c9   Thumb Code     2  stm32f1xx_it.o(.text)
    HardFault_Handler                        0x080005cb   Thumb Code     4  stm32f1xx_it.o(.text)
    MemManage_Handler                        0x080005cf   Thumb Code     4  stm32f1xx_it.o(.text)
    BusFault_Handler                         0x080005d3   Thumb Code     4  stm32f1xx_it.o(.text)
    UsageFault_Handler                       0x080005d7   Thumb Code     4  stm32f1xx_it.o(.text)
    SVC_Handler                              0x080005db   Thumb Code     2  stm32f1xx_it.o(.text)
    DebugMon_Handler                         0x080005dd   Thumb Code     2  stm32f1xx_it.o(.text)
    PendSV_Handler                           0x080005df   Thumb Code     2  stm32f1xx_it.o(.text)
    SysTick_Handler1                         0x080005e1   Thumb Code     8  stm32f1xx_it.o(.text)
    TIM3_IRQHandler                          0x080005e9   Thumb Code    10  stm32f1xx_it.o(.text)
    SPIx_IRQHandler                          0x080005f3   Thumb Code     2  stm32f1xx_it.o(.text)
    EXTI0_IRQHandler                         0x080005f5   Thumb Code    10  stm32f1xx_it.o(.text)
    HAL_InitTick                             0x08000607   Thumb Code    36  stm32f1xx_hal.o(.text)
    HAL_Init                                 0x0800062b   Thumb Code    34  stm32f1xx_hal.o(.text)
    HAL_DeInit                               0x0800064f   Thumb Code    30  stm32f1xx_hal.o(.text)
    HAL_IncTick                              0x0800066d   Thumb Code    12  stm32f1xx_hal.o(.text)
    HAL_GetTick                              0x08000679   Thumb Code     6  stm32f1xx_hal.o(.text)
    HAL_Delay                                0x0800067f   Thumb Code    26  stm32f1xx_hal.o(.text)
    HAL_SuspendTick                          0x08000699   Thumb Code    18  stm32f1xx_hal.o(.text)
    HAL_ResumeTick                           0x080006ab   Thumb Code    18  stm32f1xx_hal.o(.text)
    HAL_GetHalVersion                        0x080006bd   Thumb Code     6  stm32f1xx_hal.o(.text)
    HAL_GetREVID                             0x080006c3   Thumb Code    18  stm32f1xx_hal.o(.text)
    HAL_GetDEVID                             0x080006d5   Thumb Code    10  stm32f1xx_hal.o(.text)
    HAL_DBGMCU_EnableDBGSleepMode            0x080006df   Thumb Code    14  stm32f1xx_hal.o(.text)
    HAL_DBGMCU_DisableDBGSleepMode           0x080006ed   Thumb Code    14  stm32f1xx_hal.o(.text)
    HAL_DBGMCU_EnableDBGStopMode             0x080006fb   Thumb Code    14  stm32f1xx_hal.o(.text)
    HAL_DBGMCU_DisableDBGStopMode            0x08000709   Thumb Code    14  stm32f1xx_hal.o(.text)
    HAL_DBGMCU_EnableDBGStandbyMode          0x08000717   Thumb Code    14  stm32f1xx_hal.o(.text)
    HAL_DBGMCU_DisableDBGStandbyMode         0x08000725   Thumb Code    14  stm32f1xx_hal.o(.text)
    HAL_GPIO_Init                            0x08000749   Thumb Code   760  stm32f1xx_hal_gpio.o(.text)
    HAL_GPIO_DeInit                          0x08000a41   Thumb Code   286  stm32f1xx_hal_gpio.o(.text)
    HAL_GPIO_ReadPin                         0x08000b5f   Thumb Code    16  stm32f1xx_hal_gpio.o(.text)
    HAL_GPIO_WritePin                        0x08000b6f   Thumb Code    12  stm32f1xx_hal_gpio.o(.text)
    HAL_GPIO_TogglePin                       0x08000b7b   Thumb Code     8  stm32f1xx_hal_gpio.o(.text)
    HAL_GPIO_LockPin                         0x08000b83   Thumb Code    32  stm32f1xx_hal_gpio.o(.text)
    HAL_GPIO_EXTI_IRQHandler                 0x08000ba5   Thumb Code    28  stm32f1xx_hal_gpio.o(.text)
    HAL_RCC_DeInit                           0x08000be1   Thumb Code    72  stm32f1xx_hal_rcc.o(.text)
    HAL_RCC_OscConfig                        0x08000c29   Thumb Code  2408  stm32f1xx_hal_rcc.o(.text)
    HAL_RCC_MCOConfig                        0x0800179b   Thumb Code    74  stm32f1xx_hal_rcc.o(.text)
    HAL_RCC_EnableCSS                        0x080017e5   Thumb Code    32  stm32f1xx_hal_rcc.o(.text)
    HAL_RCC_DisableCSS                       0x08001805   Thumb Code    22  stm32f1xx_hal_rcc.o(.text)
    HAL_RCC_GetSysClockFreq                  0x0800181b   Thumb Code   146  stm32f1xx_hal_rcc.o(.text)
    HAL_RCC_GetHCLKFreq                      0x080018ad   Thumb Code    42  stm32f1xx_hal_rcc.o(.text)
    HAL_RCC_GetPCLK1Freq                     0x080018d7   Thumb Code    36  stm32f1xx_hal_rcc.o(.text)
    HAL_RCC_GetPCLK2Freq                     0x080018fb   Thumb Code    36  stm32f1xx_hal_rcc.o(.text)
    HAL_RCC_GetOscConfig                     0x0800191f   Thumb Code   204  stm32f1xx_hal_rcc.o(.text)
    HAL_RCC_CSSCallback                      0x08001a1f   Thumb Code     2  stm32f1xx_hal_rcc.o(.text)
    HAL_RCC_NMI_IRQHandler                   0x08001a21   Thumb Code    26  stm32f1xx_hal_rcc.o(.text)
    HAL_RCC_ClockConfig                      0x08001a69   Thumb Code  1060  stm32f1xx_hal_rcc_ex.o(.text)
    HAL_RCC_GetClockConfig                   0x08001e8d   Thumb Code    58  stm32f1xx_hal_rcc_ex.o(.text)
    HAL_RCCEx_PeriphCLKConfig                0x08001ec7   Thumb Code   346  stm32f1xx_hal_rcc_ex.o(.text)
    HAL_RCCEx_GetPeriphCLKConfig             0x08002021   Thumb Code    54  stm32f1xx_hal_rcc_ex.o(.text)
    HAL_RCCEx_GetPeriphCLKFreq               0x08002057   Thumb Code   296  stm32f1xx_hal_rcc_ex.o(.text)
    TIM_Base_SetConfig                       0x080021ad   Thumb Code    94  stm32f1xx_hal_tim.o(.text)
    HAL_TIM_Base_Init                        0x0800220d   Thumb Code    52  stm32f1xx_hal_tim.o(.text)
    HAL_TIM_Base_MspDeInit                   0x08002241   Thumb Code     2  stm32f1xx_hal_tim.o(.text)
    HAL_TIM_Base_DeInit                      0x08002243   Thumb Code    70  stm32f1xx_hal_tim.o(.text)
    HAL_TIM_Base_Start                       0x08002289   Thumb Code    30  stm32f1xx_hal_tim.o(.text)
    HAL_TIM_Base_Stop                        0x080022a7   Thumb Code    56  stm32f1xx_hal_tim.o(.text)
    HAL_TIM_Base_Start_IT                    0x080022df   Thumb Code    30  stm32f1xx_hal_tim.o(.text)
    HAL_TIM_Base_Stop_IT                     0x080022fd   Thumb Code    56  stm32f1xx_hal_tim.o(.text)
    HAL_TIM_ErrorCallback                    0x08002335   Thumb Code     2  stm32f1xx_hal_tim.o(.text)
    TIM_DMAError                             0x08002337   Thumb Code    20  stm32f1xx_hal_tim.o(.text)
    HAL_TIM_Base_Start_DMA                   0x08002361   Thumb Code    98  stm32f1xx_hal_tim.o(.text)
    HAL_TIM_Base_Stop_DMA                    0x080023c3   Thumb Code    62  stm32f1xx_hal_tim.o(.text)
    HAL_TIM_OC_MspInit                       0x08002401   Thumb Code     2  stm32f1xx_hal_tim.o(.text)
    HAL_TIM_OC_Init                          0x08002403   Thumb Code    52  stm32f1xx_hal_tim.o(.text)
    HAL_TIM_OC_MspDeInit                     0x08002437   Thumb Code     2  stm32f1xx_hal_tim.o(.text)
    HAL_TIM_OC_DeInit                        0x08002439   Thumb Code    70  stm32f1xx_hal_tim.o(.text)
    TIM_CCxChannelCmd                        0x0800247f   Thumb Code    28  stm32f1xx_hal_tim.o(.text)
    HAL_TIM_OC_Start                         0x0800249b   Thumb Code    60  stm32f1xx_hal_tim.o(.text)
    HAL_TIM_OC_Stop                          0x080024d7   Thumb Code   112  stm32f1xx_hal_tim.o(.text)
    HAL_TIM_OC_Start_IT                      0x08002547   Thumb Code   152  stm32f1xx_hal_tim.o(.text)
    HAL_TIM_OC_Stop_IT                       0x080025df   Thumb Code   188  stm32f1xx_hal_tim.o(.text)
    HAL_TIM_PWM_PulseFinishedCallback        0x0800269b   Thumb Code     2  stm32f1xx_hal_tim.o(.text)
    TIM_DMADelayPulseCplt                    0x0800269d   Thumb Code    70  stm32f1xx_hal_tim.o(.text)
    HAL_TIM_OC_Start_DMA                     0x080026e3   Thumb Code   304  stm32f1xx_hal_tim.o(.text)
    HAL_TIM_OC_Stop_DMA                      0x08002813   Thumb Code   194  stm32f1xx_hal_tim.o(.text)
    HAL_TIM_PWM_MspInit                      0x080028d5   Thumb Code     2  stm32f1xx_hal_tim.o(.text)
    HAL_TIM_PWM_Init                         0x080028d7   Thumb Code    52  stm32f1xx_hal_tim.o(.text)
    HAL_TIM_PWM_MspDeInit                    0x0800290b   Thumb Code     2  stm32f1xx_hal_tim.o(.text)
    HAL_TIM_PWM_DeInit                       0x0800290d   Thumb Code    70  stm32f1xx_hal_tim.o(.text)
    HAL_TIM_PWM_Start                        0x08002953   Thumb Code    66  stm32f1xx_hal_tim.o(.text)
    HAL_TIM_PWM_Stop                         0x08002995   Thumb Code   118  stm32f1xx_hal_tim.o(.text)
    HAL_TIM_PWM_Start_IT                     0x08002a0b   Thumb Code   136  stm32f1xx_hal_tim.o(.text)
    HAL_TIM_PWM_Stop_IT                      0x08002a93   Thumb Code   188  stm32f1xx_hal_tim.o(.text)
    HAL_TIM_PWM_Start_DMA                    0x08002b4f   Thumb Code   304  stm32f1xx_hal_tim.o(.text)
    HAL_TIM_PWM_Stop_DMA                     0x08002c7f   Thumb Code   194  stm32f1xx_hal_tim.o(.text)
    HAL_TIM_IC_MspInit                       0x08002d41   Thumb Code     2  stm32f1xx_hal_tim.o(.text)
    HAL_TIM_IC_Init                          0x08002d43   Thumb Code    52  stm32f1xx_hal_tim.o(.text)
    HAL_TIM_IC_MspDeInit                     0x08002d77   Thumb Code     2  stm32f1xx_hal_tim.o(.text)
    HAL_TIM_IC_DeInit                        0x08002d79   Thumb Code    76  stm32f1xx_hal_tim.o(.text)
    HAL_TIM_IC_Start                         0x08002dc5   Thumb Code    32  stm32f1xx_hal_tim.o(.text)
    HAL_TIM_IC_Stop                          0x08002de5   Thumb Code    58  stm32f1xx_hal_tim.o(.text)
    HAL_TIM_IC_Start_IT                      0x08002e1f   Thumb Code   108  stm32f1xx_hal_tim.o(.text)
    HAL_TIM_IC_Stop_IT                       0x08002e8b   Thumb Code   134  stm32f1xx_hal_tim.o(.text)
    HAL_TIM_IC_CaptureCallback               0x08002f11   Thumb Code     2  stm32f1xx_hal_tim.o(.text)
    TIM_DMACaptureCplt                       0x08002f13   Thumb Code    70  stm32f1xx_hal_tim.o(.text)
    HAL_TIM_IC_Start_DMA                     0x08002f59   Thumb Code   276  stm32f1xx_hal_tim.o(.text)
    HAL_TIM_IC_Stop_DMA                      0x0800306d   Thumb Code   140  stm32f1xx_hal_tim.o(.text)
    HAL_TIM_OnePulse_MspInit                 0x080030f9   Thumb Code     2  stm32f1xx_hal_tim.o(.text)
    HAL_TIM_OnePulse_Init                    0x080030fb   Thumb Code    76  stm32f1xx_hal_tim.o(.text)
    HAL_TIM_OnePulse_MspDeInit               0x08003147   Thumb Code     2  stm32f1xx_hal_tim.o(.text)
    HAL_TIM_OnePulse_DeInit                  0x08003149   Thumb Code    70  stm32f1xx_hal_tim.o(.text)
    HAL_TIM_OnePulse_Start                   0x0800318f   Thumb Code    58  stm32f1xx_hal_tim.o(.text)
    HAL_TIM_OnePulse_Stop                    0x080031c9   Thumb Code   122  stm32f1xx_hal_tim.o(.text)
    HAL_TIM_OnePulse_Start_IT                0x08003243   Thumb Code    82  stm32f1xx_hal_tim.o(.text)
    HAL_TIM_OnePulse_Stop_IT                 0x08003295   Thumb Code   146  stm32f1xx_hal_tim.o(.text)
    HAL_TIM_Encoder_MspInit                  0x08003327   Thumb Code     2  stm32f1xx_hal_tim.o(.text)
    HAL_TIM_Encoder_Init                     0x08003329   Thumb Code   180  stm32f1xx_hal_tim.o(.text)
    HAL_TIM_Encoder_MspDeInit                0x080033dd   Thumb Code     2  stm32f1xx_hal_tim.o(.text)
    HAL_TIM_Encoder_DeInit                   0x080033df   Thumb Code    70  stm32f1xx_hal_tim.o(.text)
    HAL_TIM_Encoder_Start                    0x08003425   Thumb Code    78  stm32f1xx_hal_tim.o(.text)
    HAL_TIM_Encoder_Stop                     0x08003473   Thumb Code   104  stm32f1xx_hal_tim.o(.text)
    HAL_TIM_Encoder_Start_IT                 0x080034db   Thumb Code   126  stm32f1xx_hal_tim.o(.text)
    HAL_TIM_Encoder_Stop_IT                  0x08003559   Thumb Code   156  stm32f1xx_hal_tim.o(.text)
    HAL_TIM_Encoder_Start_DMA                0x080035f5   Thumb Code   328  stm32f1xx_hal_tim.o(.text)
    HAL_TIM_Encoder_Stop_DMA                 0x0800373d   Thumb Code   152  stm32f1xx_hal_tim.o(.text)
    HAL_TIM_TriggerCallback                  0x080037d5   Thumb Code     2  stm32f1xx_hal_tim.o(.text)
    HAL_TIM_OC_DelayElapsedCallback          0x080037d7   Thumb Code     2  stm32f1xx_hal_tim.o(.text)
    HAL_TIM_IRQHandler                       0x080037d9   Thumb Code   406  stm32f1xx_hal_tim.o(.text)
    TIM_OC2_SetConfig                        0x08003a29   Thumb Code   106  stm32f1xx_hal_tim.o(.text)
    HAL_TIM_OC_ConfigChannel                 0x08003af3   Thumb Code   116  stm32f1xx_hal_tim.o(.text)
    TIM_TI1_SetConfig                        0x08003c21   Thumb Code    94  stm32f1xx_hal_tim.o(.text)
    HAL_TIM_IC_ConfigChannel                 0x08003c7f   Thumb Code   224  stm32f1xx_hal_tim.o(.text)
    HAL_TIM_PWM_ConfigChannel                0x08003d5f   Thumb Code   278  stm32f1xx_hal_tim.o(.text)
    HAL_TIM_OnePulse_ConfigChannel           0x08003e75   Thumb Code   286  stm32f1xx_hal_tim.o(.text)
    HAL_TIM_DMABurst_WriteStart              0x08003fa7   Thumb Code   366  stm32f1xx_hal_tim.o(.text)
    HAL_TIM_DMABurst_WriteStop               0x08004115   Thumb Code   128  stm32f1xx_hal_tim.o(.text)
    HAL_TIM_DMABurst_ReadStart               0x08004195   Thumb Code   366  stm32f1xx_hal_tim.o(.text)
    HAL_TIM_DMABurst_ReadStop                0x08004303   Thumb Code   128  stm32f1xx_hal_tim.o(.text)
    HAL_TIM_GenerateEvent                    0x08004383   Thumb Code    54  stm32f1xx_hal_tim.o(.text)
    HAL_TIM_ConfigOCrefClear                 0x080043d1   Thumb Code   288  stm32f1xx_hal_tim.o(.text)
    HAL_TIM_ConfigClockSource                0x0800455b   Thumb Code   306  stm32f1xx_hal_tim.o(.text)
    HAL_TIM_ConfigTI1Input                   0x0800468d   Thumb Code    24  stm32f1xx_hal_tim.o(.text)
    HAL_TIM_SlaveConfigSynchronization       0x08004747   Thumb Code    86  stm32f1xx_hal_tim.o(.text)
    HAL_TIM_SlaveConfigSynchronization_IT    0x0800479d   Thumb Code    86  stm32f1xx_hal_tim.o(.text)
    HAL_TIM_ReadCapturedValue                0x080047f3   Thumb Code    84  stm32f1xx_hal_tim.o(.text)
    HAL_TIM_Base_GetState                    0x08004847   Thumb Code     8  stm32f1xx_hal_tim.o(.text)
    HAL_TIM_OC_GetState                      0x0800484f   Thumb Code     8  stm32f1xx_hal_tim.o(.text)
    HAL_TIM_PWM_GetState                     0x08004857   Thumb Code     8  stm32f1xx_hal_tim.o(.text)
    HAL_TIM_IC_GetState                      0x0800485f   Thumb Code     8  stm32f1xx_hal_tim.o(.text)
    HAL_TIM_OnePulse_GetState                0x08004867   Thumb Code     8  stm32f1xx_hal_tim.o(.text)
    HAL_TIM_Encoder_GetState                 0x0800486f   Thumb Code     8  stm32f1xx_hal_tim.o(.text)
    HAL_TIMEx_HallSensor_MspInit             0x08004879   Thumb Code     2  stm32f1xx_hal_tim_ex.o(.text)
    HAL_TIMEx_HallSensor_Init                0x0800487b   Thumb Code   208  stm32f1xx_hal_tim_ex.o(.text)
    HAL_TIMEx_HallSensor_MspDeInit           0x0800494b   Thumb Code     2  stm32f1xx_hal_tim_ex.o(.text)
    HAL_TIMEx_HallSensor_DeInit              0x0800494d   Thumb Code    70  stm32f1xx_hal_tim_ex.o(.text)
    HAL_TIMEx_HallSensor_Start               0x08004993   Thumb Code    30  stm32f1xx_hal_tim_ex.o(.text)
    HAL_TIMEx_HallSensor_Stop                0x080049b1   Thumb Code    56  stm32f1xx_hal_tim_ex.o(.text)
    HAL_TIMEx_HallSensor_Start_IT            0x080049e9   Thumb Code    42  stm32f1xx_hal_tim_ex.o(.text)
    HAL_TIMEx_HallSensor_Stop_IT             0x08004a13   Thumb Code    68  stm32f1xx_hal_tim_ex.o(.text)
    HAL_TIMEx_HallSensor_Start_DMA           0x08004a57   Thumb Code   106  stm32f1xx_hal_tim_ex.o(.text)
    HAL_TIMEx_HallSensor_Stop_DMA            0x08004ac1   Thumb Code    68  stm32f1xx_hal_tim_ex.o(.text)
    HAL_TIMEx_OCN_Start                      0x08004b21   Thumb Code    44  stm32f1xx_hal_tim_ex.o(.text)
    HAL_TIMEx_OCN_Stop                       0x08004b4d   Thumb Code    96  stm32f1xx_hal_tim_ex.o(.text)
    HAL_TIMEx_OCN_Start_IT                   0x08004bad   Thumb Code   132  stm32f1xx_hal_tim_ex.o(.text)
    HAL_TIMEx_OCN_Stop_IT                    0x08004c31   Thumb Code   198  stm32f1xx_hal_tim_ex.o(.text)
    HAL_TIMEx_OCN_Start_DMA                  0x08004cf7   Thumb Code   272  stm32f1xx_hal_tim_ex.o(.text)
    HAL_TIMEx_OCN_Stop_DMA                   0x08004e07   Thumb Code   192  stm32f1xx_hal_tim_ex.o(.text)
    HAL_TIMEx_PWMN_Start                     0x08004ec7   Thumb Code    44  stm32f1xx_hal_tim_ex.o(.text)
    HAL_TIMEx_PWMN_Stop                      0x08004ef3   Thumb Code    96  stm32f1xx_hal_tim_ex.o(.text)
    HAL_TIMEx_PWMN_Start_IT                  0x08004f53   Thumb Code   132  stm32f1xx_hal_tim_ex.o(.text)
    HAL_TIMEx_PWMN_Stop_IT                   0x08004fd7   Thumb Code   198  stm32f1xx_hal_tim_ex.o(.text)
    HAL_TIMEx_PWMN_Start_DMA                 0x0800509d   Thumb Code   272  stm32f1xx_hal_tim_ex.o(.text)
    HAL_TIMEx_PWMN_Stop_DMA                  0x080051ad   Thumb Code   178  stm32f1xx_hal_tim_ex.o(.text)
    HAL_TIMEx_OnePulseN_Start                0x0800525f   Thumb Code    32  stm32f1xx_hal_tim_ex.o(.text)
    HAL_TIMEx_OnePulseN_Stop                 0x0800527f   Thumb Code    96  stm32f1xx_hal_tim_ex.o(.text)
    HAL_TIMEx_OnePulseN_Start_IT             0x080052df   Thumb Code    56  stm32f1xx_hal_tim_ex.o(.text)
    HAL_TIMEx_OnePulseN_Stop_IT              0x08005317   Thumb Code   120  stm32f1xx_hal_tim_ex.o(.text)
    HAL_TIMEx_ConfigCommutationEvent         0x0800538f   Thumb Code   110  stm32f1xx_hal_tim_ex.o(.text)
    HAL_TIMEx_ConfigCommutationEvent_IT      0x080053fd   Thumb Code   122  stm32f1xx_hal_tim_ex.o(.text)
    HAL_TIMEx_CommutationCallback            0x08005477   Thumb Code     2  stm32f1xx_hal_tim_ex.o(.text)
    TIMEx_DMACommutationCplt                 0x08005479   Thumb Code    20  stm32f1xx_hal_tim_ex.o(.text)
    HAL_TIMEx_ConfigCommutationEvent_DMA     0x0800548d   Thumb Code   146  stm32f1xx_hal_tim_ex.o(.text)
    HAL_TIMEx_ConfigBreakDeadTime            0x0800551f   Thumb Code    80  stm32f1xx_hal_tim_ex.o(.text)
    HAL_TIMEx_MasterConfigSynchronization    0x0800556f   Thumb Code    98  stm32f1xx_hal_tim_ex.o(.text)
    HAL_TIMEx_BreakCallback                  0x080055d1   Thumb Code     2  stm32f1xx_hal_tim_ex.o(.text)
    HAL_TIMEx_HallSensor_GetState            0x080055d3   Thumb Code     8  stm32f1xx_hal_tim_ex.o(.text)
    HAL_NVIC_SetPriorityGrouping             0x08005601   Thumb Code    36  stm32f1xx_hal_cortex.o(.text)
    HAL_NVIC_SetPriority                     0x08005625   Thumb Code   124  stm32f1xx_hal_cortex.o(.text)
    HAL_NVIC_EnableIRQ                       0x080056a1   Thumb Code    28  stm32f1xx_hal_cortex.o(.text)
    HAL_NVIC_DisableIRQ                      0x080056bd   Thumb Code    22  stm32f1xx_hal_cortex.o(.text)
    HAL_NVIC_SystemReset                     0x080056d3   Thumb Code    38  stm32f1xx_hal_cortex.o(.text)
    HAL_SYSTICK_Config                       0x080056f9   Thumb Code    52  stm32f1xx_hal_cortex.o(.text)
    HAL_NVIC_GetPriorityGrouping             0x0800572d   Thumb Code     8  stm32f1xx_hal_cortex.o(.text)
    HAL_NVIC_GetPriority                     0x08005735   Thumb Code   138  stm32f1xx_hal_cortex.o(.text)
    HAL_NVIC_SetPendingIRQ                   0x080057bf   Thumb Code    24  stm32f1xx_hal_cortex.o(.text)
    HAL_NVIC_GetPendingIRQ                   0x080057d7   Thumb Code    38  stm32f1xx_hal_cortex.o(.text)
    HAL_NVIC_ClearPendingIRQ                 0x080057fd   Thumb Code    22  stm32f1xx_hal_cortex.o(.text)
    HAL_NVIC_GetActive                       0x08005813   Thumb Code    38  stm32f1xx_hal_cortex.o(.text)
    HAL_SYSTICK_CLKSourceConfig              0x08005839   Thumb Code    40  stm32f1xx_hal_cortex.o(.text)
    HAL_SYSTICK_Callback                     0x08005861   Thumb Code     2  stm32f1xx_hal_cortex.o(.text)
    HAL_SYSTICK_IRQHandler                   0x08005863   Thumb Code     8  stm32f1xx_hal_cortex.o(.text)
    HAL_DMA_Init                             0x0800588d   Thumb Code    84  stm32f1xx_hal_dma.o(.text)
    HAL_DMA_DeInit                           0x080058e1   Thumb Code   364  stm32f1xx_hal_dma.o(.text)
    HAL_DMA_Start                            0x08005a6d   Thumb Code    82  stm32f1xx_hal_dma.o(.text)
    HAL_DMA_Start_IT                         0x08005abf   Thumb Code   118  stm32f1xx_hal_dma.o(.text)
    HAL_DMA_Abort                            0x08005b35   Thumb Code    96  stm32f1xx_hal_dma.o(.text)
    HAL_DMA_PollForTransfer                  0x08005b95   Thumb Code   736  stm32f1xx_hal_dma.o(.text)
    HAL_DMA_IRQHandler                       0x08005e75   Thumb Code   784  stm32f1xx_hal_dma.o(.text)
    HAL_DMA_GetState                         0x08006185   Thumb Code     8  stm32f1xx_hal_dma.o(.text)
    HAL_DMA_GetError                         0x0800618d   Thumb Code     6  stm32f1xx_hal_dma.o(.text)
    HAL_MspInit                              0x08006199   Thumb Code     2  stm32f1xx_hal_msp_template.o(.text)
    HAL_MspDeInit                            0x0800619b   Thumb Code     2  stm32f1xx_hal_msp_template.o(.text)
    HAL_PPP_MspInit                          0x0800619d   Thumb Code     2  stm32f1xx_hal_msp_template.o(.text)
    HAL_PPP_MspDeInit                        0x0800619f   Thumb Code     2  stm32f1xx_hal_msp_template.o(.text)
    HAL_TIM_Base_MspInit                     0x080061a1   Thumb Code    48  stm32f1xx_hal_msp_template.o(.text)
    __aeabi_memclr4                          0x080061d5   Thumb Code     0  rt_memclr_w.o(.text)
    __aeabi_memclr8                          0x080061d5   Thumb Code     0  rt_memclr_w.o(.text)
    __rt_memclr_w                            0x080061d5   Thumb Code    78  rt_memclr_w.o(.text)
    _memset_w                                0x080061d9   Thumb Code     0  rt_memclr_w.o(.text)
    __use_two_region_memory                  0x08006223   Thumb Code     2  heapauxi.o(.text)
    __rt_heap_escrow$2region                 0x08006225   Thumb Code     2  heapauxi.o(.text)
    __rt_heap_expand$2region                 0x08006227   Thumb Code     2  heapauxi.o(.text)
    __user_setup_stackheap                   0x08006229   Thumb Code    74  sys_stackheap_outer.o(.text)
    exit                                     0x08006273   Thumb Code    12  exit.o(.text)
    __user_libspace                          0x08006281   Thumb Code     8  libspace.o(.text)
    __user_perproc_libspace                  0x08006281   Thumb Code     0  libspace.o(.text)
    __user_perthread_libspace                0x08006281   Thumb Code     0  libspace.o(.text)
    _sys_exit                                0x08006289   Thumb Code     8  sys_exit.o(.text)
    __I$use$semihosting                      0x08006295   Thumb Code     0  use_no_semi.o(.text)
    __use_no_semihosting_swi                 0x08006295   Thumb Code     2  use_no_semi.o(.text)
    __semihosting_library_function           0x08006297   Thumb Code     0  indicate_semi.o(.text)
    aAPBAHBPrescTable                        0x08006296   Data          16  stm32f1xx_hal_rcc.o(.constdata)
    Region$$Table$$Base                      0x080062a8   Number         0  anon$$obj.o(Region$$Table)
    Region$$Table$$Limit                     0x080062c8   Number         0  anon$$obj.o(Region$$Table)
    SystemCoreClock                          0x20000000   Data           4  system_stm32f1xx.o(.data)
    AHBPrescTable                            0x20000004   Data          16  system_stm32f1xx.o(.data)
    int_no                                   0x20000014   Data           4  main.o(.data)
    UserButtonStatus                         0x20000018   Data           4  main.o(.data)
    uwPrescalerValue                         0x2000001c   Data           4  main.o(.data)
    TimHandle                                0x20000044   Data          60  main.o(.bss)
    __libspace_start                         0x20000080   Data          96  libspace.o(.bss)
    __temporary_stack_top$libspace           0x200000e0   Data           0  libspace.o(.bss)



==============================================================================

Memory Map of the image

  Image Entry point : 0x080000ed

  Load Region LR_IROM1 (Base: 0x08000000, Size: 0x000062ec, Max: 0x00010000, ABSOLUTE)

    Execution Region ER_IROM1 (Base: 0x08000000, Size: 0x000062c8, Max: 0x00010000, ABSOLUTE)

    Base Addr    Size         Type   Attr      Idx    E Section Name        Object

    0x08000000   0x000000ec   Data   RO            3    RESET               startup_stm32f10x_md.o
    0x080000ec   0x00000008   Code   RO          883  * !!!main             c_w.l(__main.o)
    0x080000f4   0x00000034   Code   RO         1037    !!!scatter          c_w.l(__scatter.o)
    0x08000128   0x0000001a   Code   RO         1039    !!handler_copy      c_w.l(__scatter_copy.o)
    0x08000142   0x00000002   PAD
    0x08000144   0x0000001c   Code   RO         1041    !!handler_zi        c_w.l(__scatter_zi.o)
    0x08000160   0x00000002   Code   RO          910    .ARM.Collect$$libinit$$00000000  c_w.l(libinit.o)
    0x08000162   0x00000000   Code   RO          917    .ARM.Collect$$libinit$$00000002  c_w.l(libinit2.o)
    0x08000162   0x00000000   Code   RO          920    .ARM.Collect$$libinit$$00000008  c_w.l(libinit2.o)
    0x08000162   0x00000000   Code   RO          922    .ARM.Collect$$libinit$$0000000A  c_w.l(libinit2.o)
    0x08000162   0x00000000   Code   RO          924    .ARM.Collect$$libinit$$0000000C  c_w.l(libinit2.o)
    0x08000162   0x00000000   Code   RO          927    .ARM.Collect$$libinit$$0000000F  c_w.l(libinit2.o)
    0x08000162   0x00000000   Code   RO          929    .ARM.Collect$$libinit$$00000011  c_w.l(libinit2.o)
    0x08000162   0x00000000   Code   RO          931    .ARM.Collect$$libinit$$00000013  c_w.l(libinit2.o)
    0x08000162   0x00000000   Code   RO          933    .ARM.Collect$$libinit$$00000015  c_w.l(libinit2.o)
    0x08000162   0x00000000   Code   RO          935    .ARM.Collect$$libinit$$00000017  c_w.l(libinit2.o)
    0x08000162   0x00000000   Code   RO          937    .ARM.Collect$$libinit$$00000019  c_w.l(libinit2.o)
    0x08000162   0x00000000   Code   RO          939    .ARM.Collect$$libinit$$0000001B  c_w.l(libinit2.o)
    0x08000162   0x00000000   Code   RO          941    .ARM.Collect$$libinit$$0000001D  c_w.l(libinit2.o)
    0x08000162   0x00000000   Code   RO          943    .ARM.Collect$$libinit$$0000001F  c_w.l(libinit2.o)
    0x08000162   0x00000000   Code   RO          945    .ARM.Collect$$libinit$$00000021  c_w.l(libinit2.o)
    0x08000162   0x00000000   Code   RO          947    .ARM.Collect$$libinit$$00000023  c_w.l(libinit2.o)
    0x08000162   0x00000000   Code   RO          951    .ARM.Collect$$libinit$$0000002A  c_w.l(libinit2.o)
    0x08000162   0x00000000   Code   RO          953    .ARM.Collect$$libinit$$0000002C  c_w.l(libinit2.o)
    0x08000162   0x00000000   Code   RO          955    .ARM.Collect$$libinit$$0000002E  c_w.l(libinit2.o)
    0x08000162   0x00000000   Code   RO          957    .ARM.Collect$$libinit$$00000030  c_w.l(libinit2.o)
    0x08000162   0x00000002   Code   RO          958    .ARM.Collect$$libinit$$00000031  c_w.l(libinit2.o)
    0x08000164   0x00000002   Code   RO          978    .ARM.Collect$$libshutdown$$00000000  c_w.l(libshutdown.o)
    0x08000166   0x00000000   Code   RO          992    .ARM.Collect$$libshutdown$$00000003  c_w.l(libshutdown2.o)
    0x08000166   0x00000000   Code   RO          995    .ARM.Collect$$libshutdown$$00000006  c_w.l(libshutdown2.o)
    0x08000166   0x00000000   Code   RO          998    .ARM.Collect$$libshutdown$$00000009  c_w.l(libshutdown2.o)
    0x08000166   0x00000000   Code   RO         1000    .ARM.Collect$$libshutdown$$0000000B  c_w.l(libshutdown2.o)
    0x08000166   0x00000000   Code   RO         1003    .ARM.Collect$$libshutdown$$0000000E  c_w.l(libshutdown2.o)
    0x08000166   0x00000002   Code   RO         1004    .ARM.Collect$$libshutdown$$0000000F  c_w.l(libshutdown2.o)
    0x08000168   0x00000000   Code   RO          885    .ARM.Collect$$rtentry$$00000000  c_w.l(rtentry.o)
    0x08000168   0x00000000   Code   RO          887    .ARM.Collect$$rtentry$$00000002  c_w.l(rtentry2.o)
    0x08000168   0x00000006   Code   RO          899    .ARM.Collect$$rtentry$$00000004  c_w.l(rtentry4.o)
    0x0800016e   0x00000000   Code   RO          889    .ARM.Collect$$rtentry$$00000009  c_w.l(rtentry2.o)
    0x0800016e   0x00000004   Code   RO          890    .ARM.Collect$$rtentry$$0000000A  c_w.l(rtentry2.o)
    0x08000172   0x00000000   Code   RO          892    .ARM.Collect$$rtentry$$0000000C  c_w.l(rtentry2.o)
    0x08000172   0x00000008   Code   RO          893    .ARM.Collect$$rtentry$$0000000D  c_w.l(rtentry2.o)
    0x0800017a   0x00000002   Code   RO          914    .ARM.Collect$$rtexit$$00000000  c_w.l(rtexit.o)
    0x0800017c   0x00000000   Code   RO          960    .ARM.Collect$$rtexit$$00000002  c_w.l(rtexit2.o)
    0x0800017c   0x00000004   Code   RO          961    .ARM.Collect$$rtexit$$00000003  c_w.l(rtexit2.o)
    0x08000180   0x00000006   Code   RO          962    .ARM.Collect$$rtexit$$00000004  c_w.l(rtexit2.o)
    0x08000186   0x00000002   PAD
    0x08000188   0x00000040   Code   RO            4    .text               startup_stm32f10x_md.o
    0x080001c8   0x000000f4   Code   RO           12    .text               system_stm32f1xx.o
    0x080002bc   0x0000030c   Code   RO           58    .text               main.o
    0x080005c8   0x0000003c   Code   RO          140    .text               stm32f1xx_it.o
    0x08000604   0x00000144   Code   RO          164    .text               stm32f1xx_hal.o
    0x08000748   0x00000498   Code   RO          186    .text               stm32f1xx_hal_gpio.o
    0x08000be0   0x00000e88   Code   RO          226    .text               stm32f1xx_hal_rcc.o
    0x08001a68   0x00000744   Code   RO          249    .text               stm32f1xx_hal_rcc_ex.o
    0x080021ac   0x000026ca   Code   RO          269    .text               stm32f1xx_hal_tim.o
    0x08004876   0x00000002   PAD
    0x08004878   0x00000d68   Code   RO          289    .text               stm32f1xx_hal_tim_ex.o
    0x080055e0   0x000002ac   Code   RO          399    .text               stm32f1xx_hal_cortex.o
    0x0800588c   0x0000090c   Code   RO          465    .text               stm32f1xx_hal_dma.o
    0x08006198   0x0000003c   Code   RO          613    .text               stm32f1xx_hal_msp_template.o
    0x080061d4   0x0000004e   Code   RO          879    .text               c_w.l(rt_memclr_w.o)
    0x08006222   0x00000006   Code   RO          881    .text               c_w.l(heapauxi.o)
    0x08006228   0x0000004a   Code   RO          901    .text               c_w.l(sys_stackheap_outer.o)
    0x08006272   0x0000000c   Code   RO          903    .text               c_w.l(exit.o)
    0x0800627e   0x00000002   PAD
    0x08006280   0x00000008   Code   RO          911    .text               c_w.l(libspace.o)
    0x08006288   0x0000000c   Code   RO          970    .text               c_w.l(sys_exit.o)
    0x08006294   0x00000002   Code   RO          981    .text               c_w.l(use_no_semi.o)
    0x08006296   0x00000000   Code   RO          983    .text               c_w.l(indicate_semi.o)
    0x08006296   0x00000010   Data   RO          227    .constdata          stm32f1xx_hal_rcc.o
    0x080062a6   0x00000002   PAD
    0x080062a8   0x00000020   Data   RO         1035    Region$$Table       anon$$obj.o


    Execution Region RW_IRAM1 (Base: 0x20000000, Size: 0x000006e0, Max: 0x00005000, ABSOLUTE)

    Base Addr    Size         Type   Attr      Idx    E Section Name        Object

    0x20000000   0x00000014   Data   RW           13    .data               system_stm32f1xx.o
    0x20000014   0x0000000c   Data   RW           60    .data               main.o
    0x20000020   0x00000004   Data   RW          165    .data               stm32f1xx_hal.o
    0x20000024   0x0000005c   Zero   RW           59    .bss                main.o
    0x20000080   0x00000060   Zero   RW          912    .bss                c_w.l(libspace.o)
    0x200000e0   0x00000200   Zero   RW            2    HEAP                startup_stm32f10x_md.o
    0x200002e0   0x00000400   Zero   RW            1    STACK               startup_stm32f10x_md.o


==============================================================================

Image component sizes


      Code (inc. data)   RO Data    RW Data    ZI Data      Debug   Object Name

       780         46          0         12         92      68264   main.o
        64         26        236          0       1536        740   startup_stm32f10x_md.o
       324         22          0          4          0       3647   stm32f1xx_hal.o
       684         22          0          0          0      26782   stm32f1xx_hal_cortex.o
      2316         16          0          0          0       4496   stm32f1xx_hal_dma.o
      1176         32          0          0          0       3811   stm32f1xx_hal_gpio.o
        60          4          0          0          0       1251   stm32f1xx_hal_msp_template.o
      3720         86         16          0          0       5211   stm32f1xx_hal_rcc.o
      1860         56          0          0          0       3255   stm32f1xx_hal_rcc_ex.o
      9930         82          0          0          0      30486   stm32f1xx_hal_tim.o
      3432         26          0          0          0      11024   stm32f1xx_hal_tim_ex.o
        60          6          0          0          0       1552   stm32f1xx_it.o
       244         32          0         20          0     172859   system_stm32f1xx.o

    ----------------------------------------------------------------------
     24652        456        286         36       1628     333378   Object Totals
         0          0         32          0          0          0   (incl. Generated)
         2          0          2          0          0          0   (incl. Padding)

    ----------------------------------------------------------------------

      Code (inc. data)   RO Data    RW Data    ZI Data      Debug   Library Member Name

         8          0          0          0          0         68   __main.o
        52          8          0          0          0          0   __scatter.o
        26          0          0          0          0          0   __scatter_copy.o
        28          0          0          0          0          0   __scatter_zi.o
        12          0          0          0          0         72   exit.o
         6          0          0          0          0        152   heapauxi.o
         0          0          0          0          0          0   indicate_semi.o
         2          0          0          0          0          0   libinit.o
         2          0          0          0          0          0   libinit2.o
         2          0          0          0          0          0   libshutdown.o
         2          0          0          0          0          0   libshutdown2.o
         8          4          0          0         96         68   libspace.o
        78          0          0          0          0         80   rt_memclr_w.o
         0          0          0          0          0          0   rtentry.o
        12          0          0          0          0          0   rtentry2.o
         6          0          0          0          0          0   rtentry4.o
         2          0          0          0          0          0   rtexit.o
        10          0          0          0          0          0   rtexit2.o
        12          4          0          0          0         68   sys_exit.o
        74          0          0          0          0         80   sys_stackheap_outer.o
         2          0          0          0          0         68   use_no_semi.o

    ----------------------------------------------------------------------
       350         16          0          0         96        656   Library Totals
         6          0          0          0          0          0   (incl. Padding)

    ----------------------------------------------------------------------

      Code (inc. data)   RO Data    RW Data    ZI Data      Debug   Library Name

       344         16          0          0         96        656   c_w.l

    ----------------------------------------------------------------------
       350         16          0          0         96        656   Library Totals

    ----------------------------------------------------------------------

==============================================================================


      Code (inc. data)   RO Data    RW Data    ZI Data      Debug   

     25002        472        286         36       1724     332422   Grand Totals
     25002        472        286         36       1724     332422   ELF Image Totals
     25002        472        286         36          0          0   ROM Totals

==============================================================================

    Total RO  Size (Code + RO Data)                25288 (  24.70kB)
    Total RW  Size (RW Data + ZI Data)              1760 (   1.72kB)
    Total ROM Size (Code + RO Data + RW Data)      25324 (  24.73kB)

==============================================================================

