<html>
<body>
<pre>
<h1>µVision Build Log</h1>
<h2>Project:</h2>
C:\Embedded\STM\Button_int\Button_int.uvproj
Project File Date:  11/10/2015

<h2>Output:</h2>
Build target 'Target 1'
compiling main.c...
main.c(183): warning:  #1-D: last line of file ends without a newline
linking...
Program Size: Code=9098 RO-data=286 RW-data=28 ZI-data=1668  
"Button_int.axf" - 0 Error(s), 1 Warning(s).
Build target 'Target 1'
compiling main.c...
linking...
Program Size: Code=9098 RO-data=286 RW-data=28 ZI-data=1668  
"Button_int.axf" - 0 Error(s), 0 Warning(s).
Build target 'Target 1'
linking...
Program Size: Code=9098 RO-data=286 RW-data=28 ZI-data=1668  
"Button_int.axf" - 0 Error(s), 0 Warning(s).
Load "C:\\Embedded\\STM\\Button_int\\Button_int.AXF" 
Erase Done.
Programming Done.
Verify OK.
Build target 'Target 1'
compiling main.c...
linking...
Program Size: Code=9146 RO-data=286 RW-data=28 ZI-data=1668  
"Button_int.axf" - 0 Error(s), 0 Warning(s).
Build target 'Target 1'
linking...
Program Size: Code=9146 RO-data=286 RW-data=28 ZI-data=1668  
"Button_int.axf" - 0 Error(s), 0 Warning(s).
Load "C:\\Embedded\\STM\\Button_int\\Button_int.AXF" 
Erase Done.
Programming Done.
Verify OK.
