<html>
<body>
<pre>
<h1>µVision Build Log</h1>
<h2>Project:</h2>
C:\Embedded\STM\Button_int\Button_int.uvproj
Project File Date:  11/17/2015

<h2>Output:</h2>
Rebuild target 'Target 1'
assembling startup_stm32f10x_md.s...
compiling system_stm32f1xx.c...
compiling main.c...
compiling stm32f1xx_it.c...
compiling stm32f1xx_hal.c...
compiling stm32f1xx_hal_gpio.c...
compiling stm32f1xx_hal_gpio_ex.c...
compiling stm32f1xx_hal_rcc.c...
compiling stm32f1xx_hal_rcc_ex.c...
compiling stm32f1xx_hal_tim.c...
compiling stm32f1xx_hal_tim_ex.c...
compiling stm32f1xx_hal_uart.c...
compiling stm32f1xx_hal_usart.c...
compiling stm32f1xx_hal_adc.c...
compiling stm32f1xx_hal_adc_ex.c...
compiling stm32f1xx_hal_can.c...
compiling stm32f1xx_hal_cec.c...
compiling stm32f1xx_hal_cortex.c...
compiling stm32f1xx_hal_crc.c...
compiling stm32f1xx_hal_dac.c...
compiling stm32f1xx_hal_dac_ex.c...
compiling stm32f1xx_hal_dma.c...
compiling stm32f1xx_hal_eth.c...
compiling stm32f1xx_hal_flash.c...
compiling stm32f1xx_hal_flash_ex.c...
compiling stm32f1xx_hal_hcd.c...
compiling stm32f1xx_hal_i2c.c...
compiling stm32f1xx_hal_i2s.c...
compiling stm32f1xx_hal_irda.c...
compiling stm32f1xx_hal_iwdg.c...
compiling stm32f1xx_hal_msp_template.c...
compiling stm32f1xx_hal_nand.c...
compiling stm32f1xx_hal_nor.c...
compiling stm32f1xx_hal_pccard.c...
compiling stm32f1xx_hal_pcd.c...
compiling stm32f1xx_hal_pcd_ex.c...
compiling stm32f1xx_hal_pwr.c...
compiling stm32f1xx_hal_rtc.c...
compiling stm32f1xx_hal_rtc_ex.c...
compiling stm32f1xx_hal_sd.c...
compiling stm32f1xx_hal_smartcard.c...
compiling stm32f1xx_hal_spi.c...
compiling stm32f1xx_hal_spi_ex.c...
compiling stm32f1xx_hal_sram.c...
compiling stm32f1xx_hal_wwdg.c...
compiling stm32f1xx_ll_fsmc.c...
compiling stm32f1xx_ll_sdmmc.c...
compiling stm32f1xx_ll_usb.c...
linking...
Program Size: Code=25002 RO-data=286 RW-data=36 ZI-data=1724  
"Button_int.axf" - 0 Error(s), 0 Warning(s).
Load "C:\\Embedded\\STM\\Button_int\\Button_int.AXF" 
Erase Done.
Programming Done.
Verify OK.
Rebuild target 'Target 1'
assembling startup_stm32f10x_md.s...
compiling system_stm32f1xx.c...
compiling main.c...
compiling stm32f1xx_it.c...
compiling stm32f1xx_hal.c...
compiling stm32f1xx_hal_gpio.c...
compiling stm32f1xx_hal_gpio_ex.c...
compiling stm32f1xx_hal_rcc.c...
compiling stm32f1xx_hal_rcc_ex.c...
compiling stm32f1xx_hal_tim.c...
compiling stm32f1xx_hal_tim_ex.c...
compiling stm32f1xx_hal_uart.c...
compiling stm32f1xx_hal_usart.c...
compiling stm32f1xx_hal_adc.c...
compiling stm32f1xx_hal_adc_ex.c...
compiling stm32f1xx_hal_can.c...
compiling stm32f1xx_hal_cec.c...
compiling stm32f1xx_hal_cortex.c...
compiling stm32f1xx_hal_crc.c...
compiling stm32f1xx_hal_dac.c...
compiling stm32f1xx_hal_dac_ex.c...
compiling stm32f1xx_hal_dma.c...
compiling stm32f1xx_hal_eth.c...
compiling stm32f1xx_hal_flash.c...
compiling stm32f1xx_hal_flash_ex.c...
compiling stm32f1xx_hal_hcd.c...
compiling stm32f1xx_hal_i2c.c...
compiling stm32f1xx_hal_i2s.c...
compiling stm32f1xx_hal_irda.c...
compiling stm32f1xx_hal_iwdg.c...
compiling stm32f1xx_hal_msp_template.c...
compiling stm32f1xx_hal_nand.c...
compiling stm32f1xx_hal_nor.c...
compiling stm32f1xx_hal_pccard.c...
compiling stm32f1xx_hal_pcd.c...
compiling stm32f1xx_hal_pcd_ex.c...
compiling stm32f1xx_hal_pwr.c...
compiling stm32f1xx_hal_rtc.c...
compiling stm32f1xx_hal_rtc_ex.c...
compiling stm32f1xx_hal_sd.c...
compiling stm32f1xx_hal_smartcard.c...
compiling stm32f1xx_hal_spi.c...
compiling stm32f1xx_hal_spi_ex.c...
compiling stm32f1xx_hal_sram.c...
compiling stm32f1xx_hal_wwdg.c...
compiling stm32f1xx_ll_fsmc.c...
compiling stm32f1xx_ll_sdmmc.c...
compiling stm32f1xx_ll_usb.c...
linking...
Program Size: Code=24930 RO-data=286 RW-data=36 ZI-data=1724  
"Button_int.axf" - 0 Error(s), 0 Warning(s).
Rebuild target 'Target 1'
assembling startup_stm32f10x_md.s...
compiling system_stm32f1xx.c...
compiling main.c...
compiling stm32f1xx_it.c...
compiling stm32f1xx_hal.c...
compiling stm32f1xx_hal_gpio.c...
compiling stm32f1xx_hal_gpio_ex.c...
compiling stm32f1xx_hal_rcc.c...
compiling stm32f1xx_hal_rcc_ex.c...
compiling stm32f1xx_hal_tim.c...
compiling stm32f1xx_hal_tim_ex.c...
compiling stm32f1xx_hal_uart.c...
compiling stm32f1xx_hal_usart.c...
compiling stm32f1xx_hal_adc.c...
compiling stm32f1xx_hal_adc_ex.c...
compiling stm32f1xx_hal_can.c...
compiling stm32f1xx_hal_cec.c...
compiling stm32f1xx_hal_cortex.c...
compiling stm32f1xx_hal_crc.c...
compiling stm32f1xx_hal_dac.c...
compiling stm32f1xx_hal_dac_ex.c...
compiling stm32f1xx_hal_dma.c...
compiling stm32f1xx_hal_eth.c...
compiling stm32f1xx_hal_flash.c...
compiling stm32f1xx_hal_flash_ex.c...
compiling stm32f1xx_hal_hcd.c...
compiling stm32f1xx_hal_i2c.c...
compiling stm32f1xx_hal_i2s.c...
compiling stm32f1xx_hal_irda.c...
compiling stm32f1xx_hal_iwdg.c...
compiling stm32f1xx_hal_msp_template.c...
compiling stm32f1xx_hal_nand.c...
compiling stm32f1xx_hal_nor.c...
compiling stm32f1xx_hal_pccard.c...
compiling stm32f1xx_hal_pcd.c...
compiling stm32f1xx_hal_pcd_ex.c...
compiling stm32f1xx_hal_pwr.c...
compiling stm32f1xx_hal_rtc.c...
compiling stm32f1xx_hal_rtc_ex.c...
compiling stm32f1xx_hal_sd.c...
compiling stm32f1xx_hal_smartcard.c...
compiling stm32f1xx_hal_spi.c...
compiling stm32f1xx_hal_spi_ex.c...
compiling stm32f1xx_hal_sram.c...
compiling stm32f1xx_hal_wwdg.c...
compiling stm32f1xx_ll_fsmc.c...
compiling stm32f1xx_ll_sdmmc.c...
compiling stm32f1xx_ll_usb.c...
linking...
Program Size: Code=24930 RO-data=286 RW-data=36 ZI-data=1724  
"Button_int.axf" - 0 Error(s), 0 Warning(s).
Rebuild target 'Target 1'
assembling startup_stm32f10x_md.s...
compiling system_stm32f1xx.c...
compiling main.c...
compiling stm32f1xx_it.c...
compiling stm32f1xx_hal.c...
compiling stm32f1xx_hal_gpio.c...
compiling stm32f1xx_hal_gpio_ex.c...
compiling stm32f1xx_hal_rcc.c...
compiling stm32f1xx_hal_rcc_ex.c...
compiling stm32f1xx_hal_tim.c...
compiling stm32f1xx_hal_tim_ex.c...
compiling stm32f1xx_hal_uart.c...
compiling stm32f1xx_hal_usart.c...
compiling stm32f1xx_hal_adc.c...
compiling stm32f1xx_hal_adc_ex.c...
compiling stm32f1xx_hal_can.c...
compiling stm32f1xx_hal_cec.c...
compiling stm32f1xx_hal_cortex.c...
compiling stm32f1xx_hal_crc.c...
compiling stm32f1xx_hal_dac.c...
compiling stm32f1xx_hal_dac_ex.c...
compiling stm32f1xx_hal_dma.c...
compiling stm32f1xx_hal_eth.c...
compiling stm32f1xx_hal_flash.c...
compiling stm32f1xx_hal_flash_ex.c...
compiling stm32f1xx_hal_hcd.c...
compiling stm32f1xx_hal_i2c.c...
compiling stm32f1xx_hal_i2s.c...
compiling stm32f1xx_hal_irda.c...
compiling stm32f1xx_hal_iwdg.c...
compiling stm32f1xx_hal_msp_template.c...
compiling stm32f1xx_hal_nand.c...
compiling stm32f1xx_hal_nor.c...
compiling stm32f1xx_hal_pccard.c...
compiling stm32f1xx_hal_pcd.c...
compiling stm32f1xx_hal_pcd_ex.c...
compiling stm32f1xx_hal_pwr.c...
compiling stm32f1xx_hal_rtc.c...
compiling stm32f1xx_hal_rtc_ex.c...
compiling stm32f1xx_hal_sd.c...
compiling stm32f1xx_hal_smartcard.c...
compiling stm32f1xx_hal_spi.c...
compiling stm32f1xx_hal_spi_ex.c...
compiling stm32f1xx_hal_sram.c...
compiling stm32f1xx_hal_wwdg.c...
compiling stm32f1xx_ll_fsmc.c...
compiling stm32f1xx_ll_sdmmc.c...
compiling stm32f1xx_ll_usb.c...
linking...
Program Size: Code=24930 RO-data=286 RW-data=36 ZI-data=1724  
"Button_int.axf" - 0 Error(s), 0 Warning(s).
Load "C:\\Embedded\\STM\\Button_int\\Button_int.AXF" 
Erase Done.
Programming Done.
Verify OK.
Rebuild target 'Target 1'
assembling startup_stm32f10x_md.s...
compiling system_stm32f1xx.c...
compiling main.c...
compiling stm32f1xx_it.c...
compiling stm32f1xx_hal.c...
compiling stm32f1xx_hal_gpio.c...
compiling stm32f1xx_hal_gpio_ex.c...
compiling stm32f1xx_hal_rcc.c...
compiling stm32f1xx_hal_rcc_ex.c...
compiling stm32f1xx_hal_tim.c...
compiling stm32f1xx_hal_tim_ex.c...
compiling stm32f1xx_hal_uart.c...
compiling stm32f1xx_hal_usart.c...
compiling stm32f1xx_hal_adc.c...
compiling stm32f1xx_hal_adc_ex.c...
compiling stm32f1xx_hal_can.c...
compiling stm32f1xx_hal_cec.c...
compiling stm32f1xx_hal_cortex.c...
compiling stm32f1xx_hal_crc.c...
compiling stm32f1xx_hal_dac.c...
compiling stm32f1xx_hal_dac_ex.c...
compiling stm32f1xx_hal_dma.c...
compiling stm32f1xx_hal_eth.c...
compiling stm32f1xx_hal_flash.c...
compiling stm32f1xx_hal_flash_ex.c...
compiling stm32f1xx_hal_hcd.c...
compiling stm32f1xx_hal_i2c.c...
compiling stm32f1xx_hal_i2s.c...
compiling stm32f1xx_hal_irda.c...
compiling stm32f1xx_hal_iwdg.c...
compiling stm32f1xx_hal_msp_template.c...
compiling stm32f1xx_hal_nand.c...
compiling stm32f1xx_hal_nor.c...
compiling stm32f1xx_hal_pccard.c...
compiling stm32f1xx_hal_pcd.c...
compiling stm32f1xx_hal_pcd_ex.c...
compiling stm32f1xx_hal_pwr.c...
compiling stm32f1xx_hal_rtc.c...
compiling stm32f1xx_hal_rtc_ex.c...
compiling stm32f1xx_hal_sd.c...
compiling stm32f1xx_hal_smartcard.c...
compiling stm32f1xx_hal_spi.c...
compiling stm32f1xx_hal_spi_ex.c...
compiling stm32f1xx_hal_sram.c...
compiling stm32f1xx_hal_wwdg.c...
compiling stm32f1xx_ll_fsmc.c...
compiling stm32f1xx_ll_sdmmc.c...
compiling stm32f1xx_ll_usb.c...
linking...
Program Size: Code=24926 RO-data=286 RW-data=36 ZI-data=1724  
"Button_int.axf" - 0 Error(s), 0 Warning(s).
Load "C:\\Embedded\\STM\\Button_int\\Button_int.AXF" 
Erase Done.
Programming Done.
Verify OK.
Rebuild target 'Target 1'
assembling startup_stm32f10x_md.s...
compiling system_stm32f1xx.c...
compiling main.c...
compiling stm32f1xx_it.c...
compiling stm32f1xx_hal.c...
compiling stm32f1xx_hal_gpio.c...
compiling stm32f1xx_hal_gpio_ex.c...
compiling stm32f1xx_hal_rcc.c...
compiling stm32f1xx_hal_rcc_ex.c...
compiling stm32f1xx_hal_tim.c...
compiling stm32f1xx_hal_tim_ex.c...
compiling stm32f1xx_hal_uart.c...
compiling stm32f1xx_hal_usart.c...
compiling stm32f1xx_hal_adc.c...
compiling stm32f1xx_hal_adc_ex.c...
compiling stm32f1xx_hal_can.c...
compiling stm32f1xx_hal_cec.c...
compiling stm32f1xx_hal_cortex.c...
compiling stm32f1xx_hal_crc.c...
compiling stm32f1xx_hal_dac.c...
compiling stm32f1xx_hal_dac_ex.c...
compiling stm32f1xx_hal_dma.c...
compiling stm32f1xx_hal_eth.c...
compiling stm32f1xx_hal_flash.c...
compiling stm32f1xx_hal_flash_ex.c...
compiling stm32f1xx_hal_hcd.c...
compiling stm32f1xx_hal_i2c.c...
compiling stm32f1xx_hal_i2s.c...
compiling stm32f1xx_hal_irda.c...
compiling stm32f1xx_hal_iwdg.c...
compiling stm32f1xx_hal_msp_template.c...
compiling stm32f1xx_hal_nand.c...
compiling stm32f1xx_hal_nor.c...
compiling stm32f1xx_hal_pccard.c...
compiling stm32f1xx_hal_pcd.c...
compiling stm32f1xx_hal_pcd_ex.c...
compiling stm32f1xx_hal_pwr.c...
compiling stm32f1xx_hal_rtc.c...
compiling stm32f1xx_hal_rtc_ex.c...
compiling stm32f1xx_hal_sd.c...
compiling stm32f1xx_hal_smartcard.c...
compiling stm32f1xx_hal_spi.c...
compiling stm32f1xx_hal_spi_ex.c...
compiling stm32f1xx_hal_sram.c...
compiling stm32f1xx_hal_wwdg.c...
compiling stm32f1xx_ll_fsmc.c...
compiling stm32f1xx_ll_sdmmc.c...
compiling stm32f1xx_ll_usb.c...
linking...
Program Size: Code=24910 RO-data=286 RW-data=36 ZI-data=1724  
"Button_int.axf" - 0 Error(s), 0 Warning(s).
Load "C:\\Embedded\\STM\\Button_int\\Button_int.AXF" 
Erase Done.
Programming Done.
Verify OK.
Build target 'Target 1'
compiling main.c...
linking...
Program Size: Code=24910 RO-data=286 RW-data=36 ZI-data=1724  
"Button_int.axf" - 0 Error(s), 0 Warning(s).
Load "C:\\Embedded\\STM\\Button_int\\Button_int.AXF" 
Erase Done.
Programming Done.
Verify OK.
Rebuild target 'Target 1'
assembling startup_stm32f10x_md.s...
compiling system_stm32f1xx.c...
compiling main.c...
compiling stm32f1xx_it.c...
compiling stm32f1xx_hal.c...
compiling stm32f1xx_hal_gpio.c...
compiling stm32f1xx_hal_gpio_ex.c...
compiling stm32f1xx_hal_rcc.c...
compiling stm32f1xx_hal_rcc_ex.c...
compiling stm32f1xx_hal_tim.c...
compiling stm32f1xx_hal_tim_ex.c...
compiling stm32f1xx_hal_uart.c...
compiling stm32f1xx_hal_usart.c...
compiling stm32f1xx_hal_adc.c...
compiling stm32f1xx_hal_adc_ex.c...
compiling stm32f1xx_hal_can.c...
compiling stm32f1xx_hal_cec.c...
compiling stm32f1xx_hal_cortex.c...
compiling stm32f1xx_hal_crc.c...
compiling stm32f1xx_hal_dac.c...
compiling stm32f1xx_hal_dac_ex.c...
compiling stm32f1xx_hal_dma.c...
compiling stm32f1xx_hal_eth.c...
compiling stm32f1xx_hal_flash.c...
compiling stm32f1xx_hal_flash_ex.c...
compiling stm32f1xx_hal_hcd.c...
compiling stm32f1xx_hal_i2c.c...
compiling stm32f1xx_hal_i2s.c...
compiling stm32f1xx_hal_irda.c...
compiling stm32f1xx_hal_iwdg.c...
compiling stm32f1xx_hal_msp_template.c...
compiling stm32f1xx_hal_nand.c...
compiling stm32f1xx_hal_nor.c...
compiling stm32f1xx_hal_pccard.c...
compiling stm32f1xx_hal_pcd.c...
compiling stm32f1xx_hal_pcd_ex.c...
compiling stm32f1xx_hal_pwr.c...
compiling stm32f1xx_hal_rtc.c...
compiling stm32f1xx_hal_rtc_ex.c...
compiling stm32f1xx_hal_sd.c...
compiling stm32f1xx_hal_smartcard.c...
compiling stm32f1xx_hal_spi.c...
compiling stm32f1xx_hal_spi_ex.c...
compiling stm32f1xx_hal_sram.c...
compiling stm32f1xx_hal_wwdg.c...
compiling stm32f1xx_ll_fsmc.c...
compiling stm32f1xx_ll_sdmmc.c...
compiling stm32f1xx_ll_usb.c...
linking...
Program Size: Code=24910 RO-data=286 RW-data=36 ZI-data=1724  
"Button_int.axf" - 0 Error(s), 0 Warning(s).
Load "C:\\Embedded\\STM\\Button_int\\Button_int.AXF" 
Erase Done.
Programming Done.
Verify OK.
Rebuild target 'Target 1'
assembling startup_stm32f10x_md.s...
compiling system_stm32f1xx.c...
compiling main.c...
compiling stm32f1xx_it.c...
compiling stm32f1xx_hal.c...
compiling stm32f1xx_hal_gpio.c...
compiling stm32f1xx_hal_gpio_ex.c...
compiling stm32f1xx_hal_rcc.c...
compiling stm32f1xx_hal_rcc_ex.c...
compiling stm32f1xx_hal_tim.c...
compiling stm32f1xx_hal_tim_ex.c...
compiling stm32f1xx_hal_uart.c...
compiling stm32f1xx_hal_usart.c...
compiling stm32f1xx_hal_adc.c...
compiling stm32f1xx_hal_adc_ex.c...
compiling stm32f1xx_hal_can.c...
compiling stm32f1xx_hal_cec.c...
compiling stm32f1xx_hal_cortex.c...
compiling stm32f1xx_hal_crc.c...
compiling stm32f1xx_hal_dac.c...
compiling stm32f1xx_hal_dac_ex.c...
compiling stm32f1xx_hal_dma.c...
compiling stm32f1xx_hal_eth.c...
compiling stm32f1xx_hal_flash.c...
compiling stm32f1xx_hal_flash_ex.c...
compiling stm32f1xx_hal_hcd.c...
compiling stm32f1xx_hal_i2c.c...
compiling stm32f1xx_hal_i2s.c...
compiling stm32f1xx_hal_irda.c...
compiling stm32f1xx_hal_iwdg.c...
compiling stm32f1xx_hal_msp_template.c...
compiling stm32f1xx_hal_nand.c...
compiling stm32f1xx_hal_nor.c...
compiling stm32f1xx_hal_pccard.c...
compiling stm32f1xx_hal_pcd.c...
compiling stm32f1xx_hal_pcd_ex.c...
compiling stm32f1xx_hal_pwr.c...
compiling stm32f1xx_hal_rtc.c...
compiling stm32f1xx_hal_rtc_ex.c...
compiling stm32f1xx_hal_sd.c...
compiling stm32f1xx_hal_smartcard.c...
compiling stm32f1xx_hal_spi.c...
compiling stm32f1xx_hal_spi_ex.c...
compiling stm32f1xx_hal_sram.c...
compiling stm32f1xx_hal_wwdg.c...
compiling stm32f1xx_ll_fsmc.c...
compiling stm32f1xx_ll_sdmmc.c...
compiling stm32f1xx_ll_usb.c...
linking...
Program Size: Code=24910 RO-data=286 RW-data=36 ZI-data=1724  
"Button_int.axf" - 0 Error(s), 0 Warning(s).
Load "C:\\Embedded\\STM\\Button_int\\Button_int.AXF" 
Erase Done.
Programming Done.
Verify OK.
Build target 'Target 1'
compiling main.c...
linking...
Program Size: Code=24910 RO-data=286 RW-data=36 ZI-data=1724  
"Button_int.axf" - 0 Error(s), 0 Warning(s).
Build target 'Target 1'
linking...
Program Size: Code=24910 RO-data=286 RW-data=36 ZI-data=1724  
"Button_int.axf" - 0 Error(s), 0 Warning(s).
Load "C:\\Embedded\\STM\\Button_int\\Button_int.AXF" 
Erase Done.
Programming Done.
Verify OK.
Build target 'Target 1'
compiling main.c...
linking...
Program Size: Code=24946 RO-data=286 RW-data=36 ZI-data=1724  
"Button_int.axf" - 0 Error(s), 0 Warning(s).
Load "C:\\Embedded\\STM\\Button_int\\Button_int.AXF" 
Erase Done.
Programming Done.
Verify OK.
Build target 'Target 1'
compiling main.c...
linking...
Program Size: Code=24898 RO-data=286 RW-data=36 ZI-data=1724  
"Button_int.axf" - 0 Error(s), 0 Warning(s).
Load "C:\\Embedded\\STM\\Button_int\\Button_int.AXF" 
Erase Done.
Programming Done.
Verify OK.
Build target 'Target 1'
compiling main.c...
linking...
Program Size: Code=24946 RO-data=286 RW-data=36 ZI-data=1724  
"Button_int.axf" - 0 Error(s), 0 Warning(s).
Load "C:\\Embedded\\STM\\Button_int\\Button_int.AXF" 
Erase Done.
Programming Done.
Verify OK.
Build target 'Target 1'
compiling main.c...
linking...
Program Size: Code=24950 RO-data=286 RW-data=36 ZI-data=1724  
"Button_int.axf" - 0 Error(s), 0 Warning(s).
Rebuild target 'Target 1'
assembling startup_stm32f10x_md.s...
compiling system_stm32f1xx.c...
compiling main.c...
compiling stm32f1xx_it.c...
compiling stm32f1xx_hal.c...
compiling stm32f1xx_hal_gpio.c...
compiling stm32f1xx_hal_gpio_ex.c...
compiling stm32f1xx_hal_rcc.c...
compiling stm32f1xx_hal_rcc_ex.c...
compiling stm32f1xx_hal_tim.c...
compiling stm32f1xx_hal_tim_ex.c...
compiling stm32f1xx_hal_uart.c...
compiling stm32f1xx_hal_usart.c...
compiling stm32f1xx_hal_adc.c...
compiling stm32f1xx_hal_adc_ex.c...
compiling stm32f1xx_hal_can.c...
compiling stm32f1xx_hal_cec.c...
compiling stm32f1xx_hal_cortex.c...
compiling stm32f1xx_hal_crc.c...
compiling stm32f1xx_hal_dac.c...
compiling stm32f1xx_hal_dac_ex.c...
compiling stm32f1xx_hal_dma.c...
compiling stm32f1xx_hal_eth.c...
compiling stm32f1xx_hal_flash.c...
compiling stm32f1xx_hal_flash_ex.c...
compiling stm32f1xx_hal_hcd.c...
compiling stm32f1xx_hal_i2c.c...
compiling stm32f1xx_hal_i2s.c...
compiling stm32f1xx_hal_irda.c...
compiling stm32f1xx_hal_iwdg.c...
compiling stm32f1xx_hal_msp_template.c...
compiling stm32f1xx_hal_nand.c...
compiling stm32f1xx_hal_nor.c...
compiling stm32f1xx_hal_pccard.c...
compiling stm32f1xx_hal_pcd.c...
compiling stm32f1xx_hal_pcd_ex.c...
compiling stm32f1xx_hal_pwr.c...
compiling stm32f1xx_hal_rtc.c...
compiling stm32f1xx_hal_rtc_ex.c...
compiling stm32f1xx_hal_sd.c...
compiling stm32f1xx_hal_smartcard.c...
compiling stm32f1xx_hal_spi.c...
compiling stm32f1xx_hal_spi_ex.c...
compiling stm32f1xx_hal_sram.c...
compiling stm32f1xx_hal_wwdg.c...
compiling stm32f1xx_ll_fsmc.c...
compiling stm32f1xx_ll_sdmmc.c...
compiling stm32f1xx_ll_usb.c...
linking...
Program Size: Code=24950 RO-data=286 RW-data=36 ZI-data=1724  
"Button_int.axf" - 0 Error(s), 0 Warning(s).
Build target 'Target 1'
compiling main.c...
linking...
Program Size: Code=24934 RO-data=286 RW-data=36 ZI-data=1724  
"Button_int.axf" - 0 Error(s), 0 Warning(s).
Rebuild target 'Target 1'
assembling startup_stm32f10x_md.s...
compiling system_stm32f1xx.c...
compiling main.c...
compiling stm32f1xx_it.c...
compiling stm32f1xx_hal.c...
compiling stm32f1xx_hal_gpio.c...
compiling stm32f1xx_hal_gpio_ex.c...
compiling stm32f1xx_hal_rcc.c...
compiling stm32f1xx_hal_rcc_ex.c...
compiling stm32f1xx_hal_tim.c...
compiling stm32f1xx_hal_tim_ex.c...
compiling stm32f1xx_hal_uart.c...
compiling stm32f1xx_hal_usart.c...
compiling stm32f1xx_hal_adc.c...
compiling stm32f1xx_hal_adc_ex.c...
compiling stm32f1xx_hal_can.c...
compiling stm32f1xx_hal_cec.c...
compiling stm32f1xx_hal_cortex.c...
compiling stm32f1xx_hal_crc.c...
compiling stm32f1xx_hal_dac.c...
compiling stm32f1xx_hal_dac_ex.c...
compiling stm32f1xx_hal_dma.c...
compiling stm32f1xx_hal_eth.c...
compiling stm32f1xx_hal_flash.c...
compiling stm32f1xx_hal_flash_ex.c...
compiling stm32f1xx_hal_hcd.c...
compiling stm32f1xx_hal_i2c.c...
compiling stm32f1xx_hal_i2s.c...
compiling stm32f1xx_hal_irda.c...
compiling stm32f1xx_hal_iwdg.c...
compiling stm32f1xx_hal_msp_template.c...
compiling stm32f1xx_hal_nand.c...
compiling stm32f1xx_hal_nor.c...
compiling stm32f1xx_hal_pccard.c...
compiling stm32f1xx_hal_pcd.c...
compiling stm32f1xx_hal_pcd_ex.c...
compiling stm32f1xx_hal_pwr.c...
compiling stm32f1xx_hal_rtc.c...
compiling stm32f1xx_hal_rtc_ex.c...
compiling stm32f1xx_hal_sd.c...
compiling stm32f1xx_hal_smartcard.c...
compiling stm32f1xx_hal_spi.c...
compiling stm32f1xx_hal_spi_ex.c...
compiling stm32f1xx_hal_sram.c...
compiling stm32f1xx_hal_wwdg.c...
compiling stm32f1xx_ll_fsmc.c...
compiling stm32f1xx_ll_sdmmc.c...
compiling stm32f1xx_ll_usb.c...
linking...
Program Size: Code=24934 RO-data=286 RW-data=36 ZI-data=1724  
"Button_int.axf" - 0 Error(s), 0 Warning(s).
Load "C:\\Embedded\\STM\\Button_int\\Button_int.AXF" 
Erase Done.
Programming Done.
Verify OK.
Rebuild target 'Target 1'
assembling startup_stm32f10x_md.s...
compiling system_stm32f1xx.c...
compiling main.c...
compiling stm32f1xx_it.c...
compiling stm32f1xx_hal_msp.c...
compiling stm32f1xx_hal.c...
compiling stm32f1xx_hal_gpio.c...
compiling stm32f1xx_hal_gpio_ex.c...
compiling stm32f1xx_hal_rcc.c...
compiling stm32f1xx_hal_rcc_ex.c...
compiling stm32f1xx_hal_tim.c...
compiling stm32f1xx_hal_tim_ex.c...
compiling stm32f1xx_hal_uart.c...
compiling stm32f1xx_hal_usart.c...
compiling stm32f1xx_hal_adc.c...
compiling stm32f1xx_hal_adc_ex.c...
compiling stm32f1xx_hal_can.c...
compiling stm32f1xx_hal_cec.c...
compiling stm32f1xx_hal_cortex.c...
compiling stm32f1xx_hal_crc.c...
compiling stm32f1xx_hal_dac.c...
compiling stm32f1xx_hal_dac_ex.c...
compiling stm32f1xx_hal_dma.c...
compiling stm32f1xx_hal_eth.c...
compiling stm32f1xx_hal_flash.c...
compiling stm32f1xx_hal_flash_ex.c...
compiling stm32f1xx_hal_hcd.c...
compiling stm32f1xx_hal_i2c.c...
compiling stm32f1xx_hal_i2s.c...
compiling stm32f1xx_hal_irda.c...
compiling stm32f1xx_hal_iwdg.c...
compiling stm32f1xx_hal_msp_template.c...
compiling stm32f1xx_hal_nand.c...
compiling stm32f1xx_hal_nor.c...
compiling stm32f1xx_hal_pccard.c...
compiling stm32f1xx_hal_pcd.c...
compiling stm32f1xx_hal_pcd_ex.c...
compiling stm32f1xx_hal_pwr.c...
compiling stm32f1xx_hal_rtc.c...
compiling stm32f1xx_hal_rtc_ex.c...
compiling stm32f1xx_hal_sd.c...
compiling stm32f1xx_hal_smartcard.c...
compiling stm32f1xx_hal_spi.c...
compiling stm32f1xx_hal_spi_ex.c...
compiling stm32f1xx_hal_sram.c...
compiling stm32f1xx_hal_wwdg.c...
compiling stm32f1xx_ll_fsmc.c...
compiling stm32f1xx_ll_sdmmc.c...
compiling stm32f1xx_ll_usb.c...
linking...
Program Size: Code=24934 RO-data=286 RW-data=36 ZI-data=1724  
"Button_int.axf" - 0 Error(s), 0 Warning(s).
Load "C:\\Embedded\\STM\\Button_int\\Button_int.AXF" 
Erase Done.
Programming Done.
Verify OK.
Rebuild target 'Target 1'
assembling startup_stm32f10x_md.s...
compiling system_stm32f1xx.c...
compiling main.c...
compiling stm32f1xx_it.c...
compiling stm32f1xx_hal_msp.c...
compiling stm32f1xx_hal.c...
compiling stm32f1xx_hal_gpio.c...
compiling stm32f1xx_hal_gpio_ex.c...
compiling stm32f1xx_hal_rcc.c...
compiling stm32f1xx_hal_rcc_ex.c...
compiling stm32f1xx_hal_tim.c...
compiling stm32f1xx_hal_tim_ex.c...
compiling stm32f1xx_hal_uart.c...
compiling stm32f1xx_hal_usart.c...
compiling stm32f1xx_hal_adc.c...
compiling stm32f1xx_hal_adc_ex.c...
compiling stm32f1xx_hal_can.c...
compiling stm32f1xx_hal_cec.c...
compiling stm32f1xx_hal_cortex.c...
compiling stm32f1xx_hal_crc.c...
compiling stm32f1xx_hal_dac.c...
compiling stm32f1xx_hal_dac_ex.c...
compiling stm32f1xx_hal_dma.c...
compiling stm32f1xx_hal_eth.c...
compiling stm32f1xx_hal_flash.c...
compiling stm32f1xx_hal_flash_ex.c...
compiling stm32f1xx_hal_hcd.c...
compiling stm32f1xx_hal_i2c.c...
compiling stm32f1xx_hal_i2s.c...
compiling stm32f1xx_hal_irda.c...
compiling stm32f1xx_hal_iwdg.c...
compiling stm32f1xx_hal_msp_template.c...
compiling stm32f1xx_hal_nand.c...
compiling stm32f1xx_hal_nor.c...
compiling stm32f1xx_hal_pccard.c...
compiling stm32f1xx_hal_pcd.c...
compiling stm32f1xx_hal_pcd_ex.c...
compiling stm32f1xx_hal_pwr.c...
compiling stm32f1xx_hal_rtc.c...
compiling stm32f1xx_hal_rtc_ex.c...
compiling stm32f1xx_hal_sd.c...
compiling stm32f1xx_hal_smartcard.c...
compiling stm32f1xx_hal_spi.c...
compiling stm32f1xx_hal_spi_ex.c...
compiling stm32f1xx_hal_sram.c...
compiling stm32f1xx_hal_wwdg.c...
compiling stm32f1xx_ll_fsmc.c...
compiling stm32f1xx_ll_sdmmc.c...
compiling stm32f1xx_ll_usb.c...
linking...
Program Size: Code=24934 RO-data=286 RW-data=36 ZI-data=1724  
"Button_int.axf" - 0 Error(s), 0 Warning(s).
Rebuild target 'Target 1'
assembling startup_stm32f10x_md.s...
compiling system_stm32f1xx.c...
compiling main.c...
compiling stm32f1xx_it.c...
compiling stm32f1xx_hal_msp.c...
compiling stm32f1xx_hal.c...
compiling stm32f1xx_hal_gpio.c...
compiling stm32f1xx_hal_gpio_ex.c...
compiling stm32f1xx_hal_rcc.c...
compiling stm32f1xx_hal_rcc_ex.c...
compiling stm32f1xx_hal_tim.c...
compiling stm32f1xx_hal_tim_ex.c...
compiling stm32f1xx_hal_uart.c...
compiling stm32f1xx_hal_usart.c...
compiling stm32f1xx_hal_adc.c...
compiling stm32f1xx_hal_adc_ex.c...
compiling stm32f1xx_hal_can.c...
compiling stm32f1xx_hal_cec.c...
compiling stm32f1xx_hal_cortex.c...
compiling stm32f1xx_hal_crc.c...
compiling stm32f1xx_hal_dac.c...
compiling stm32f1xx_hal_dac_ex.c...
compiling stm32f1xx_hal_dma.c...
compiling stm32f1xx_hal_eth.c...
compiling stm32f1xx_hal_flash.c...
compiling stm32f1xx_hal_flash_ex.c...
compiling stm32f1xx_hal_hcd.c...
compiling stm32f1xx_hal_i2c.c...
compiling stm32f1xx_hal_i2s.c...
compiling stm32f1xx_hal_irda.c...
compiling stm32f1xx_hal_iwdg.c...
compiling stm32f1xx_hal_msp_template.c...
compiling stm32f1xx_hal_nand.c...
compiling stm32f1xx_hal_nor.c...
compiling stm32f1xx_hal_pccard.c...
compiling stm32f1xx_hal_pcd.c...
compiling stm32f1xx_hal_pcd_ex.c...
compiling stm32f1xx_hal_pwr.c...
compiling stm32f1xx_hal_rtc.c...
compiling stm32f1xx_hal_rtc_ex.c...
compiling stm32f1xx_hal_sd.c...
compiling stm32f1xx_hal_smartcard.c...
compiling stm32f1xx_hal_spi.c...
compiling stm32f1xx_hal_spi_ex.c...
compiling stm32f1xx_hal_sram.c...
compiling stm32f1xx_hal_wwdg.c...
compiling stm32f1xx_ll_fsmc.c...
compiling stm32f1xx_ll_sdmmc.c...
compiling stm32f1xx_ll_usb.c...
linking...
Program Size: Code=24934 RO-data=286 RW-data=36 ZI-data=1724  
"Button_int.axf" - 0 Error(s), 0 Warning(s).
Rebuild target 'Target 1'
assembling startup_stm32f10x_md.s...
compiling system_stm32f1xx.c...
compiling main.c...
compiling stm32f1xx_it.c...
compiling stm32f1xx_hal_msp.c...
compiling stm32f1xx_hal.c...
compiling stm32f1xx_hal_gpio.c...
compiling stm32f1xx_hal_gpio_ex.c...
compiling stm32f1xx_hal_rcc.c...
compiling stm32f1xx_hal_rcc_ex.c...
compiling stm32f1xx_hal_tim.c...
compiling stm32f1xx_hal_tim_ex.c...
compiling stm32f1xx_hal_uart.c...
compiling stm32f1xx_hal_usart.c...
compiling stm32f1xx_hal_adc.c...
compiling stm32f1xx_hal_adc_ex.c...
compiling stm32f1xx_hal_can.c...
compiling stm32f1xx_hal_cec.c...
compiling stm32f1xx_hal_cortex.c...
compiling stm32f1xx_hal_crc.c...
compiling stm32f1xx_hal_dac.c...
compiling stm32f1xx_hal_dac_ex.c...
compiling stm32f1xx_hal_dma.c...
compiling stm32f1xx_hal_eth.c...
compiling stm32f1xx_hal_flash.c...
compiling stm32f1xx_hal_flash_ex.c...
compiling stm32f1xx_hal_hcd.c...
compiling stm32f1xx_hal_i2c.c...
compiling stm32f1xx_hal_i2s.c...
compiling stm32f1xx_hal_irda.c...
compiling stm32f1xx_hal_iwdg.c...
compiling stm32f1xx_hal_msp_template.c...
compiling stm32f1xx_hal_nand.c...
compiling stm32f1xx_hal_nor.c...
compiling stm32f1xx_hal_pccard.c...
compiling stm32f1xx_hal_pcd.c...
compiling stm32f1xx_hal_pcd_ex.c...
compiling stm32f1xx_hal_pwr.c...
compiling stm32f1xx_hal_rtc.c...
compiling stm32f1xx_hal_rtc_ex.c...
compiling stm32f1xx_hal_sd.c...
compiling stm32f1xx_hal_smartcard.c...
compiling stm32f1xx_hal_spi.c...
compiling stm32f1xx_hal_spi_ex.c...
compiling stm32f1xx_hal_sram.c...
compiling stm32f1xx_hal_wwdg.c...
compiling stm32f1xx_ll_fsmc.c...
compiling stm32f1xx_ll_sdmmc.c...
compiling stm32f1xx_ll_usb.c...
linking...
Program Size: Code=24934 RO-data=286 RW-data=36 ZI-data=1724  
"Button_int.axf" - 0 Error(s), 0 Warning(s).
Load "C:\\Embedded\\STM\\Button_int\\Button_int.AXF" 
Erase Done.
Programming Done.
Verify OK.
Rebuild target 'Target 1'
assembling startup_stm32f10x_md.s...
compiling system_stm32f1xx.c...
compiling main.c...
compiling stm32f1xx_it.c...
compiling stm32f1xx_hal_msp.c...
compiling stm32f1xx_hal.c...
compiling stm32f1xx_hal_gpio.c...
compiling stm32f1xx_hal_gpio_ex.c...
compiling stm32f1xx_hal_rcc.c...
compiling stm32f1xx_hal_rcc_ex.c...
compiling stm32f1xx_hal_tim.c...
STM32F1xx_HAL_Driver\Src\stm32f1xx_hal_tim.c(2823): warning:  #223-D: function "HAL_TIM_PeriodElapsedCallback" declared implicitly
STM32F1xx_HAL_Driver\Src\stm32f1xx_hal_tim.c(4234): error:  #159: declaration is incompatible with previous "HAL_TIM_PeriodElapsedCallback" (declared at line 2823)
compiling stm32f1xx_hal_tim_ex.c...
compiling stm32f1xx_hal_uart.c...
compiling stm32f1xx_hal_usart.c...
compiling stm32f1xx_hal_adc.c...
compiling stm32f1xx_hal_adc_ex.c...
compiling stm32f1xx_hal_can.c...
compiling stm32f1xx_hal_cec.c...
compiling stm32f1xx_hal_cortex.c...
compiling stm32f1xx_hal_crc.c...
compiling stm32f1xx_hal_dac.c...
compiling stm32f1xx_hal_dac_ex.c...
compiling stm32f1xx_hal_dma.c...
compiling stm32f1xx_hal_eth.c...
compiling stm32f1xx_hal_flash.c...
compiling stm32f1xx_hal_flash_ex.c...
compiling stm32f1xx_hal_hcd.c...
compiling stm32f1xx_hal_i2c.c...
compiling stm32f1xx_hal_i2s.c...
compiling stm32f1xx_hal_irda.c...
compiling stm32f1xx_hal_iwdg.c...
compiling stm32f1xx_hal_msp_template.c...
compiling stm32f1xx_hal_nand.c...
compiling stm32f1xx_hal_nor.c...
compiling stm32f1xx_hal_pccard.c...
compiling stm32f1xx_hal_pcd.c...
compiling stm32f1xx_hal_pcd_ex.c...
compiling stm32f1xx_hal_pwr.c...
compiling stm32f1xx_hal_rtc.c...
compiling stm32f1xx_hal_rtc_ex.c...
compiling stm32f1xx_hal_sd.c...
compiling stm32f1xx_hal_smartcard.c...
compiling stm32f1xx_hal_spi.c...
compiling stm32f1xx_hal_spi_ex.c...
compiling stm32f1xx_hal_sram.c...
compiling stm32f1xx_hal_wwdg.c...
compiling stm32f1xx_ll_fsmc.c...
compiling stm32f1xx_ll_sdmmc.c...
compiling stm32f1xx_ll_usb.c...
Target not created
Rebuild target 'Target 1'
assembling startup_stm32f10x_md.s...
compiling system_stm32f1xx.c...
compiling main.c...
compiling stm32f1xx_it.c...
compiling stm32f1xx_hal_msp.c...
compiling stm32f1xx_hal.c...
compiling stm32f1xx_hal_gpio.c...
compiling stm32f1xx_hal_gpio_ex.c...
compiling stm32f1xx_hal_rcc.c...
compiling stm32f1xx_hal_rcc_ex.c...
compiling stm32f1xx_hal_tim.c...
compiling stm32f1xx_hal_tim_ex.c...
compiling stm32f1xx_hal_uart.c...
compiling stm32f1xx_hal_usart.c...
compiling stm32f1xx_hal_adc.c...
compiling stm32f1xx_hal_adc_ex.c...
compiling stm32f1xx_hal_can.c...
compiling stm32f1xx_hal_cec.c...
compiling stm32f1xx_hal_cortex.c...
compiling stm32f1xx_hal_crc.c...
compiling stm32f1xx_hal_dac.c...
compiling stm32f1xx_hal_dac_ex.c...
compiling stm32f1xx_hal_dma.c...
compiling stm32f1xx_hal_eth.c...
compiling stm32f1xx_hal_flash.c...
compiling stm32f1xx_hal_flash_ex.c...
compiling stm32f1xx_hal_hcd.c...
compiling stm32f1xx_hal_i2c.c...
compiling stm32f1xx_hal_i2s.c...
compiling stm32f1xx_hal_irda.c...
compiling stm32f1xx_hal_iwdg.c...
compiling stm32f1xx_hal_msp_template.c...
compiling stm32f1xx_hal_nand.c...
compiling stm32f1xx_hal_nor.c...
compiling stm32f1xx_hal_pccard.c...
compiling stm32f1xx_hal_pcd.c...
compiling stm32f1xx_hal_pcd_ex.c...
compiling stm32f1xx_hal_pwr.c...
compiling stm32f1xx_hal_rtc.c...
compiling stm32f1xx_hal_rtc_ex.c...
compiling stm32f1xx_hal_sd.c...
compiling stm32f1xx_hal_smartcard.c...
compiling stm32f1xx_hal_spi.c...
compiling stm32f1xx_hal_spi_ex.c...
compiling stm32f1xx_hal_sram.c...
compiling stm32f1xx_hal_wwdg.c...
compiling stm32f1xx_ll_fsmc.c...
compiling stm32f1xx_ll_sdmmc.c...
compiling stm32f1xx_ll_usb.c...
linking...
Program Size: Code=24934 RO-data=286 RW-data=36 ZI-data=1724  
"Button_int.axf" - 0 Error(s), 0 Warning(s).
Build target 'Target 1'
compiling main.c...
main.c(17): error:  #148: variable "UserButtonStatus" has already been initialized
Target not created
Build target 'Target 1'
compiling main.c...
linking...
Program Size: Code=24934 RO-data=286 RW-data=40 ZI-data=1792  
"Button_int.axf" - 0 Error(s), 0 Warning(s).
Build target 'Target 1'
compiling main.c...
main.c(24): error:  #20: identifier "RXBUFFERSIZE" is undefined
Target not created
Build target 'Target 1'
compiling main.c...
compiling stm32f1xx_it.c...
compiling stm32f1xx_hal_msp.c...
linking...
Program Size: Code=24934 RO-data=286 RW-data=132 ZI-data=1884  
"Button_int.axf" - 0 Error(s), 0 Warning(s).
Build target 'Target 1'
compiling main.c...
linking...
Program Size: Code=28598 RO-data=286 RW-data=132 ZI-data=1884  
"Button_int.axf" - 0 Error(s), 0 Warning(s).
Rebuild target 'Target 1'
assembling startup_stm32f10x_md.s...
compiling system_stm32f1xx.c...
compiling main.c...
compiling stm32f1xx_it.c...
compiling stm32f1xx_hal_msp.c...
compiling stm32f1xx_hal.c...
compiling stm32f1xx_hal_gpio.c...
compiling stm32f1xx_hal_gpio_ex.c...
compiling stm32f1xx_hal_rcc.c...
compiling stm32f1xx_hal_rcc_ex.c...
compiling stm32f1xx_hal_tim.c...
compiling stm32f1xx_hal_tim_ex.c...
compiling stm32f1xx_hal_uart.c...
compiling stm32f1xx_hal_usart.c...
compiling stm32f1xx_hal_adc.c...
compiling stm32f1xx_hal_adc_ex.c...
compiling stm32f1xx_hal_can.c...
compiling stm32f1xx_hal_cec.c...
compiling stm32f1xx_hal_cortex.c...
compiling stm32f1xx_hal_crc.c...
compiling stm32f1xx_hal_dac.c...
compiling stm32f1xx_hal_dac_ex.c...
compiling stm32f1xx_hal_dma.c...
compiling stm32f1xx_hal_eth.c...
compiling stm32f1xx_hal_flash.c...
compiling stm32f1xx_hal_flash_ex.c...
compiling stm32f1xx_hal_hcd.c...
compiling stm32f1xx_hal_i2c.c...
compiling stm32f1xx_hal_i2s.c...
compiling stm32f1xx_hal_irda.c...
compiling stm32f1xx_hal_iwdg.c...
compiling stm32f1xx_hal_msp_template.c...
compiling stm32f1xx_hal_nand.c...
compiling stm32f1xx_hal_nor.c...
compiling stm32f1xx_hal_pccard.c...
compiling stm32f1xx_hal_pcd.c...
compiling stm32f1xx_hal_pcd_ex.c...
compiling stm32f1xx_hal_pwr.c...
compiling stm32f1xx_hal_rtc.c...
compiling stm32f1xx_hal_rtc_ex.c...
compiling stm32f1xx_hal_sd.c...
compiling stm32f1xx_hal_smartcard.c...
compiling stm32f1xx_hal_spi.c...
compiling stm32f1xx_hal_spi_ex.c...
compiling stm32f1xx_hal_sram.c...
compiling stm32f1xx_hal_wwdg.c...
compiling stm32f1xx_ll_fsmc.c...
compiling stm32f1xx_ll_sdmmc.c...
compiling stm32f1xx_ll_usb.c...
linking...
Program Size: Code=28598 RO-data=286 RW-data=132 ZI-data=1884  
"Button_int.axf" - 0 Error(s), 0 Warning(s).
Rebuild target 'Target 1'
assembling startup_stm32f10x_md.s...
compiling system_stm32f1xx.c...
compiling main.c...
compiling stm32f1xx_it.c...
compiling stm32f1xx_hal_msp.c...
compiling stm32f1xx_hal.c...
compiling stm32f1xx_hal_gpio.c...
compiling stm32f1xx_hal_gpio_ex.c...
compiling stm32f1xx_hal_rcc.c...
compiling stm32f1xx_hal_rcc_ex.c...
compiling stm32f1xx_hal_tim.c...
compiling stm32f1xx_hal_tim_ex.c...
compiling stm32f1xx_hal_uart.c...
compiling stm32f1xx_hal_usart.c...
compiling stm32f1xx_hal_adc.c...
compiling stm32f1xx_hal_adc_ex.c...
compiling stm32f1xx_hal_can.c...
compiling stm32f1xx_hal_cec.c...
compiling stm32f1xx_hal_cortex.c...
compiling stm32f1xx_hal_crc.c...
compiling stm32f1xx_hal_dac.c...
compiling stm32f1xx_hal_dac_ex.c...
compiling stm32f1xx_hal_dma.c...
compiling stm32f1xx_hal_eth.c...
compiling stm32f1xx_hal_flash.c...
compiling stm32f1xx_hal_flash_ex.c...
compiling stm32f1xx_hal_hcd.c...
compiling stm32f1xx_hal_i2c.c...
compiling stm32f1xx_hal_i2s.c...
compiling stm32f1xx_hal_irda.c...
compiling stm32f1xx_hal_iwdg.c...
compiling stm32f1xx_hal_msp_template.c...
compiling stm32f1xx_hal_nand.c...
compiling stm32f1xx_hal_nor.c...
compiling stm32f1xx_hal_pccard.c...
compiling stm32f1xx_hal_pcd.c...
compiling stm32f1xx_hal_pcd_ex.c...
compiling stm32f1xx_hal_pwr.c...
compiling stm32f1xx_hal_rtc.c...
compiling stm32f1xx_hal_rtc_ex.c...
compiling stm32f1xx_hal_sd.c...
compiling stm32f1xx_hal_smartcard.c...
compiling stm32f1xx_hal_spi.c...
compiling stm32f1xx_hal_spi_ex.c...
compiling stm32f1xx_hal_sram.c...
compiling stm32f1xx_hal_wwdg.c...
compiling stm32f1xx_ll_fsmc.c...
compiling stm32f1xx_ll_sdmmc.c...
compiling stm32f1xx_ll_usb.c...
linking...
Program Size: Code=28794 RO-data=286 RW-data=132 ZI-data=1884  
"Button_int.axf" - 0 Error(s), 0 Warning(s).
Load "C:\\Embedded\\STM\\Button_int\\Button_int.AXF" 
Erase Done.
Programming Done.
Verify OK.
Rebuild target 'Target 1'
assembling startup_stm32f10x_md.s...
compiling system_stm32f1xx.c...
compiling main.c...
compiling stm32f1xx_it.c...
compiling stm32f1xx_hal_msp.c...
compiling stm32f1xx_hal.c...
compiling stm32f1xx_hal_gpio.c...
compiling stm32f1xx_hal_gpio_ex.c...
compiling stm32f1xx_hal_rcc.c...
compiling stm32f1xx_hal_rcc_ex.c...
compiling stm32f1xx_hal_tim.c...
compiling stm32f1xx_hal_tim_ex.c...
compiling stm32f1xx_hal_uart.c...
compiling stm32f1xx_hal_usart.c...
compiling stm32f1xx_hal_adc.c...
compiling stm32f1xx_hal_adc_ex.c...
compiling stm32f1xx_hal_can.c...
compiling stm32f1xx_hal_cec.c...
compiling stm32f1xx_hal_cortex.c...
compiling stm32f1xx_hal_crc.c...
compiling stm32f1xx_hal_dac.c...
compiling stm32f1xx_hal_dac_ex.c...
compiling stm32f1xx_hal_dma.c...
compiling stm32f1xx_hal_eth.c...
compiling stm32f1xx_hal_flash.c...
compiling stm32f1xx_hal_flash_ex.c...
compiling stm32f1xx_hal_hcd.c...
compiling stm32f1xx_hal_i2c.c...
compiling stm32f1xx_hal_i2s.c...
compiling stm32f1xx_hal_irda.c...
compiling stm32f1xx_hal_iwdg.c...
compiling stm32f1xx_hal_msp_template.c...
compiling stm32f1xx_hal_nand.c...
compiling stm32f1xx_hal_nor.c...
compiling stm32f1xx_hal_pccard.c...
compiling stm32f1xx_hal_pcd.c...
compiling stm32f1xx_hal_pcd_ex.c...
compiling stm32f1xx_hal_pwr.c...
compiling stm32f1xx_hal_rtc.c...
compiling stm32f1xx_hal_rtc_ex.c...
compiling stm32f1xx_hal_sd.c...
compiling stm32f1xx_hal_smartcard.c...
compiling stm32f1xx_hal_spi.c...
compiling stm32f1xx_hal_spi_ex.c...
compiling stm32f1xx_hal_sram.c...
compiling stm32f1xx_hal_wwdg.c...
compiling stm32f1xx_ll_fsmc.c...
compiling stm32f1xx_ll_sdmmc.c...
compiling stm32f1xx_ll_usb.c...
linking...
Program Size: Code=28834 RO-data=286 RW-data=132 ZI-data=1884  
"Button_int.axf" - 0 Error(s), 0 Warning(s).
Load "C:\\Embedded\\STM\\Button_int\\Button_int.AXF" 
Erase Done.
Programming Done.
Verify OK.
Build target 'Target 1'
linking...
Program Size: Code=28834 RO-data=286 RW-data=132 ZI-data=1884  
"Button_int.axf" - 0 Error(s), 0 Warning(s).
Rebuild target 'Target 1'
assembling startup_stm32f10x_md.s...
compiling system_stm32f1xx.c...
compiling main.c...
compiling stm32f1xx_it.c...
compiling stm32f1xx_hal_msp.c...
compiling stm32f1xx_hal.c...
compiling stm32f1xx_hal_gpio.c...
compiling stm32f1xx_hal_gpio_ex.c...
compiling stm32f1xx_hal_rcc.c...
compiling stm32f1xx_hal_rcc_ex.c...
compiling stm32f1xx_hal_tim.c...
compiling stm32f1xx_hal_tim_ex.c...
compiling stm32f1xx_hal_uart.c...
compiling stm32f1xx_hal_usart.c...
compiling stm32f1xx_hal_adc.c...
compiling stm32f1xx_hal_adc_ex.c...
compiling stm32f1xx_hal_can.c...
compiling stm32f1xx_hal_cec.c...
compiling stm32f1xx_hal_cortex.c...
compiling stm32f1xx_hal_crc.c...
compiling stm32f1xx_hal_dac.c...
compiling stm32f1xx_hal_dac_ex.c...
compiling stm32f1xx_hal_dma.c...
compiling stm32f1xx_hal_eth.c...
compiling stm32f1xx_hal_flash.c...
compiling stm32f1xx_hal_flash_ex.c...
compiling stm32f1xx_hal_hcd.c...
compiling stm32f1xx_hal_i2c.c...
compiling stm32f1xx_hal_i2s.c...
compiling stm32f1xx_hal_irda.c...
compiling stm32f1xx_hal_iwdg.c...
compiling stm32f1xx_hal_msp_template.c...
compiling stm32f1xx_hal_nand.c...
compiling stm32f1xx_hal_nor.c...
compiling stm32f1xx_hal_pccard.c...
compiling stm32f1xx_hal_pcd.c...
compiling stm32f1xx_hal_pcd_ex.c...
compiling stm32f1xx_hal_pwr.c...
compiling stm32f1xx_hal_rtc.c...
compiling stm32f1xx_hal_rtc_ex.c...
compiling stm32f1xx_hal_sd.c...
compiling stm32f1xx_hal_smartcard.c...
compiling stm32f1xx_hal_spi.c...
compiling stm32f1xx_hal_spi_ex.c...
compiling stm32f1xx_hal_sram.c...
compiling stm32f1xx_hal_wwdg.c...
compiling stm32f1xx_ll_fsmc.c...
compiling stm32f1xx_ll_sdmmc.c...
compiling stm32f1xx_ll_usb.c...
linking...
Program Size: Code=28794 RO-data=286 RW-data=132 ZI-data=1884  
"Button_int.axf" - 0 Error(s), 0 Warning(s).
Rebuild target 'Target 1'
assembling startup_stm32f10x_md.s...
compiling system_stm32f1xx.c...
compiling main.c...
compiling stm32f1xx_it.c...
compiling stm32f1xx_hal_msp.c...
compiling stm32f1xx_hal.c...
compiling stm32f1xx_hal_gpio.c...
compiling stm32f1xx_hal_gpio_ex.c...
compiling stm32f1xx_hal_rcc.c...
compiling stm32f1xx_hal_rcc_ex.c...
compiling stm32f1xx_hal_tim.c...
compiling stm32f1xx_hal_tim_ex.c...
compiling stm32f1xx_hal_uart.c...
compiling stm32f1xx_hal_usart.c...
compiling stm32f1xx_hal_adc.c...
compiling stm32f1xx_hal_adc_ex.c...
compiling stm32f1xx_hal_can.c...
compiling stm32f1xx_hal_cec.c...
compiling stm32f1xx_hal_cortex.c...
compiling stm32f1xx_hal_crc.c...
compiling stm32f1xx_hal_dac.c...
compiling stm32f1xx_hal_dac_ex.c...
compiling stm32f1xx_hal_dma.c...
compiling stm32f1xx_hal_eth.c...
compiling stm32f1xx_hal_flash.c...
compiling stm32f1xx_hal_flash_ex.c...
compiling stm32f1xx_hal_hcd.c...
compiling stm32f1xx_hal_i2c.c...
compiling stm32f1xx_hal_i2s.c...
compiling stm32f1xx_hal_irda.c...
compiling stm32f1xx_hal_iwdg.c...
compiling stm32f1xx_hal_msp_template.c...
compiling stm32f1xx_hal_nand.c...
compiling stm32f1xx_hal_nor.c...
compiling stm32f1xx_hal_pccard.c...
compiling stm32f1xx_hal_pcd.c...
compiling stm32f1xx_hal_pcd_ex.c...
compiling stm32f1xx_hal_pwr.c...
compiling stm32f1xx_hal_rtc.c...
compiling stm32f1xx_hal_rtc_ex.c...
compiling stm32f1xx_hal_sd.c...
compiling stm32f1xx_hal_smartcard.c...
compiling stm32f1xx_hal_spi.c...
compiling stm32f1xx_hal_spi_ex.c...
compiling stm32f1xx_hal_sram.c...
compiling stm32f1xx_hal_wwdg.c...
compiling stm32f1xx_ll_fsmc.c...
compiling stm32f1xx_ll_sdmmc.c...
compiling stm32f1xx_ll_usb.c...
linking...
Program Size: Code=25130 RO-data=286 RW-data=132 ZI-data=1884  
"Button_int.axf" - 0 Error(s), 0 Warning(s).
Build target 'Target 1'
linking...
Program Size: Code=25130 RO-data=286 RW-data=132 ZI-data=1884  
"Button_int.axf" - 0 Error(s), 0 Warning(s).
Load "C:\\Embedded\\STM\\Button_int\\Button_int.AXF" 
Erase Done.
Programming Done.
Verify OK.
Build target 'Target 1'
compiling main.c...
linking...
Program Size: Code=28794 RO-data=286 RW-data=132 ZI-data=1884  
"Button_int.axf" - 0 Error(s), 0 Warning(s).
Rebuild target 'Target 1'
assembling startup_stm32f10x_md.s...
compiling system_stm32f1xx.c...
compiling main.c...
compiling stm32f1xx_it.c...
compiling stm32f1xx_hal_msp.c...
compiling stm32f1xx_hal.c...
compiling stm32f1xx_hal_gpio.c...
compiling stm32f1xx_hal_gpio_ex.c...
compiling stm32f1xx_hal_rcc.c...
compiling stm32f1xx_hal_rcc_ex.c...
compiling stm32f1xx_hal_tim.c...
compiling stm32f1xx_hal_tim_ex.c...
compiling stm32f1xx_hal_uart.c...
compiling stm32f1xx_hal_usart.c...
compiling stm32f1xx_hal_adc.c...
compiling stm32f1xx_hal_adc_ex.c...
compiling stm32f1xx_hal_can.c...
compiling stm32f1xx_hal_cec.c...
compiling stm32f1xx_hal_cortex.c...
compiling stm32f1xx_hal_crc.c...
compiling stm32f1xx_hal_dac.c...
compiling stm32f1xx_hal_dac_ex.c...
compiling stm32f1xx_hal_dma.c...
compiling stm32f1xx_hal_eth.c...
compiling stm32f1xx_hal_flash.c...
compiling stm32f1xx_hal_flash_ex.c...
compiling stm32f1xx_hal_hcd.c...
compiling stm32f1xx_hal_i2c.c...
compiling stm32f1xx_hal_i2s.c...
compiling stm32f1xx_hal_irda.c...
compiling stm32f1xx_hal_iwdg.c...
compiling stm32f1xx_hal_msp_template.c...
compiling stm32f1xx_hal_nand.c...
compiling stm32f1xx_hal_nor.c...
compiling stm32f1xx_hal_pccard.c...
compiling stm32f1xx_hal_pcd.c...
compiling stm32f1xx_hal_pcd_ex.c...
compiling stm32f1xx_hal_pwr.c...
compiling stm32f1xx_hal_rtc.c...
compiling stm32f1xx_hal_rtc_ex.c...
compiling stm32f1xx_hal_sd.c...
compiling stm32f1xx_hal_smartcard.c...
compiling stm32f1xx_hal_spi.c...
compiling stm32f1xx_hal_spi_ex.c...
compiling stm32f1xx_hal_sram.c...
compiling stm32f1xx_hal_wwdg.c...
compiling stm32f1xx_ll_fsmc.c...
compiling stm32f1xx_ll_sdmmc.c...
compiling stm32f1xx_ll_usb.c...
linking...
Program Size: Code=28794 RO-data=286 RW-data=132 ZI-data=1884  
"Button_int.axf" - 0 Error(s), 0 Warning(s).
Load "C:\\Embedded\\STM\\Button_int\\Button_int.AXF" 
Erase Done.
Programming Done.
Verify OK.
Build target 'Target 1'
compiling main.c...
linking...
Program Size: Code=28834 RO-data=286 RW-data=132 ZI-data=1884  
"Button_int.axf" - 0 Error(s), 0 Warning(s).
Load "C:\\Embedded\\STM\\Button_int\\Button_int.AXF" 
Erase Done.
Programming Done.
Verify OK.
Rebuild target 'Target 1'
assembling startup_stm32f10x_md.s...
compiling system_stm32f1xx.c...
compiling main.c...
compiling stm32f1xx_it.c...
compiling stm32f1xx_hal_msp.c...
compiling stm32f1xx_hal.c...
compiling stm32f1xx_hal_gpio.c...
compiling stm32f1xx_hal_gpio_ex.c...
compiling stm32f1xx_hal_rcc.c...
compiling stm32f1xx_hal_rcc_ex.c...
compiling stm32f1xx_hal_tim.c...
compiling stm32f1xx_hal_tim_ex.c...
compiling stm32f1xx_hal_uart.c...
compiling stm32f1xx_hal_usart.c...
compiling stm32f1xx_hal_adc.c...
compiling stm32f1xx_hal_adc_ex.c...
compiling stm32f1xx_hal_can.c...
compiling stm32f1xx_hal_cec.c...
compiling stm32f1xx_hal_cortex.c...
compiling stm32f1xx_hal_crc.c...
compiling stm32f1xx_hal_dac.c...
compiling stm32f1xx_hal_dac_ex.c...
compiling stm32f1xx_hal_dma.c...
compiling stm32f1xx_hal_eth.c...
compiling stm32f1xx_hal_flash.c...
compiling stm32f1xx_hal_flash_ex.c...
compiling stm32f1xx_hal_hcd.c...
compiling stm32f1xx_hal_i2c.c...
compiling stm32f1xx_hal_i2s.c...
compiling stm32f1xx_hal_irda.c...
compiling stm32f1xx_hal_iwdg.c...
compiling stm32f1xx_hal_msp_template.c...
compiling stm32f1xx_hal_nand.c...
compiling stm32f1xx_hal_nor.c...
compiling stm32f1xx_hal_pccard.c...
compiling stm32f1xx_hal_pcd.c...
compiling stm32f1xx_hal_pcd_ex.c...
compiling stm32f1xx_hal_pwr.c...
compiling stm32f1xx_hal_rtc.c...
compiling stm32f1xx_hal_rtc_ex.c...
compiling stm32f1xx_hal_sd.c...
compiling stm32f1xx_hal_smartcard.c...
compiling stm32f1xx_hal_spi.c...
compiling stm32f1xx_hal_spi_ex.c...
compiling stm32f1xx_hal_sram.c...
compiling stm32f1xx_hal_wwdg.c...
compiling stm32f1xx_ll_fsmc.c...
compiling stm32f1xx_ll_sdmmc.c...
compiling stm32f1xx_ll_usb.c...
linking...
Program Size: Code=28834 RO-data=286 RW-data=132 ZI-data=1884  
"Button_int.axf" - 0 Error(s), 0 Warning(s).
Load "C:\\Embedded\\STM\\Button_int\\Button_int.AXF" 
Erase Done.
Programming Done.
Verify OK.
Rebuild target 'Target 1'
assembling startup_stm32f10x_md.s...
compiling system_stm32f1xx.c...
compiling main.c...
compiling stm32f1xx_it.c...
compiling stm32f1xx_hal_msp.c...
compiling stm32f1xx_hal.c...
compiling stm32f1xx_hal_gpio.c...
compiling stm32f1xx_hal_gpio_ex.c...
compiling stm32f1xx_hal_rcc.c...
compiling stm32f1xx_hal_rcc_ex.c...
compiling stm32f1xx_hal_tim.c...
compiling stm32f1xx_hal_tim_ex.c...
compiling stm32f1xx_hal_uart.c...
compiling stm32f1xx_hal_usart.c...
compiling stm32f1xx_hal_adc.c...
compiling stm32f1xx_hal_adc_ex.c...
compiling stm32f1xx_hal_can.c...
compiling stm32f1xx_hal_cec.c...
compiling stm32f1xx_hal_cortex.c...
compiling stm32f1xx_hal_crc.c...
compiling stm32f1xx_hal_dac.c...
compiling stm32f1xx_hal_dac_ex.c...
compiling stm32f1xx_hal_dma.c...
compiling stm32f1xx_hal_eth.c...
compiling stm32f1xx_hal_flash.c...
compiling stm32f1xx_hal_flash_ex.c...
compiling stm32f1xx_hal_hcd.c...
compiling stm32f1xx_hal_i2c.c...
compiling stm32f1xx_hal_i2s.c...
compiling stm32f1xx_hal_irda.c...
compiling stm32f1xx_hal_iwdg.c...
compiling stm32f1xx_hal_msp_template.c...
compiling stm32f1xx_hal_nand.c...
compiling stm32f1xx_hal_nor.c...
compiling stm32f1xx_hal_pccard.c...
compiling stm32f1xx_hal_pcd.c...
compiling stm32f1xx_hal_pcd_ex.c...
compiling stm32f1xx_hal_pwr.c...
compiling stm32f1xx_hal_rtc.c...
compiling stm32f1xx_hal_rtc_ex.c...
compiling stm32f1xx_hal_sd.c...
compiling stm32f1xx_hal_smartcard.c...
compiling stm32f1xx_hal_spi.c...
compiling stm32f1xx_hal_spi_ex.c...
compiling stm32f1xx_hal_sram.c...
compiling stm32f1xx_hal_wwdg.c...
compiling stm32f1xx_ll_fsmc.c...
compiling stm32f1xx_ll_sdmmc.c...
compiling stm32f1xx_ll_usb.c...
linking...
Program Size: Code=28834 RO-data=286 RW-data=132 ZI-data=1884  
"Button_int.axf" - 0 Error(s), 0 Warning(s).
Load "C:\\Embedded\\STM\\Button_int\\Button_int.AXF" 
Erase Done.
Programming Done.
Verify OK.
Rebuild target 'Target 1'
assembling startup_stm32f10x_md.s...
compiling system_stm32f1xx.c...
compiling main.c...
compiling stm32f1xx_it.c...
compiling stm32f1xx_hal_msp.c...
compiling stm32f1xx_hal.c...
compiling stm32f1xx_hal_gpio.c...
compiling stm32f1xx_hal_gpio_ex.c...
compiling stm32f1xx_hal_rcc.c...
compiling stm32f1xx_hal_rcc_ex.c...
compiling stm32f1xx_hal_tim.c...
compiling stm32f1xx_hal_tim_ex.c...
compiling stm32f1xx_hal_uart.c...
compiling stm32f1xx_hal_usart.c...
compiling stm32f1xx_hal_adc.c...
compiling stm32f1xx_hal_adc_ex.c...
compiling stm32f1xx_hal_can.c...
compiling stm32f1xx_hal_cec.c...
compiling stm32f1xx_hal_cortex.c...
compiling stm32f1xx_hal_crc.c...
compiling stm32f1xx_hal_dac.c...
compiling stm32f1xx_hal_dac_ex.c...
compiling stm32f1xx_hal_dma.c...
compiling stm32f1xx_hal_eth.c...
compiling stm32f1xx_hal_flash.c...
compiling stm32f1xx_hal_flash_ex.c...
compiling stm32f1xx_hal_hcd.c...
compiling stm32f1xx_hal_i2c.c...
compiling stm32f1xx_hal_i2s.c...
compiling stm32f1xx_hal_irda.c...
compiling stm32f1xx_hal_iwdg.c...
compiling stm32f1xx_hal_msp_template.c...
compiling stm32f1xx_hal_nand.c...
compiling stm32f1xx_hal_nor.c...
compiling stm32f1xx_hal_pccard.c...
compiling stm32f1xx_hal_pcd.c...
compiling stm32f1xx_hal_pcd_ex.c...
compiling stm32f1xx_hal_pwr.c...
compiling stm32f1xx_hal_rtc.c...
compiling stm32f1xx_hal_rtc_ex.c...
compiling stm32f1xx_hal_sd.c...
compiling stm32f1xx_hal_smartcard.c...
compiling stm32f1xx_hal_spi.c...
compiling stm32f1xx_hal_spi_ex.c...
compiling stm32f1xx_hal_sram.c...
compiling stm32f1xx_hal_wwdg.c...
compiling stm32f1xx_ll_fsmc.c...
compiling stm32f1xx_ll_sdmmc.c...
compiling stm32f1xx_ll_usb.c...
linking...
Program Size: Code=28846 RO-data=286 RW-data=132 ZI-data=1884  
"Button_int.axf" - 0 Error(s), 0 Warning(s).
Rebuild target 'Target 1'
assembling startup_stm32f10x_md.s...
compiling system_stm32f1xx.c...
compiling main.c...
compiling stm32f1xx_it.c...
compiling stm32f1xx_hal_msp.c...
compiling stm32f1xx_hal.c...
compiling stm32f1xx_hal_gpio.c...
compiling stm32f1xx_hal_gpio_ex.c...
compiling stm32f1xx_hal_rcc.c...
compiling stm32f1xx_hal_rcc_ex.c...
compiling stm32f1xx_hal_tim.c...
compiling stm32f1xx_hal_tim_ex.c...
compiling stm32f1xx_hal_uart.c...
compiling stm32f1xx_hal_usart.c...
compiling stm32f1xx_hal_adc.c...
compiling stm32f1xx_hal_adc_ex.c...
compiling stm32f1xx_hal_can.c...
compiling stm32f1xx_hal_cec.c...
compiling stm32f1xx_hal_cortex.c...
compiling stm32f1xx_hal_crc.c...
compiling stm32f1xx_hal_dac.c...
compiling stm32f1xx_hal_dac_ex.c...
compiling stm32f1xx_hal_dma.c...
compiling stm32f1xx_hal_eth.c...
compiling stm32f1xx_hal_flash.c...
compiling stm32f1xx_hal_flash_ex.c...
compiling stm32f1xx_hal_hcd.c...
compiling stm32f1xx_hal_i2c.c...
compiling stm32f1xx_hal_i2s.c...
compiling stm32f1xx_hal_irda.c...
compiling stm32f1xx_hal_iwdg.c...
compiling stm32f1xx_hal_msp_template.c...
compiling stm32f1xx_hal_nand.c...
compiling stm32f1xx_hal_nor.c...
compiling stm32f1xx_hal_pccard.c...
compiling stm32f1xx_hal_pcd.c...
compiling stm32f1xx_hal_pcd_ex.c...
compiling stm32f1xx_hal_pwr.c...
compiling stm32f1xx_hal_rtc.c...
compiling stm32f1xx_hal_rtc_ex.c...
compiling stm32f1xx_hal_sd.c...
compiling stm32f1xx_hal_smartcard.c...
compiling stm32f1xx_hal_spi.c...
compiling stm32f1xx_hal_spi_ex.c...
compiling stm32f1xx_hal_sram.c...
compiling stm32f1xx_hal_wwdg.c...
compiling stm32f1xx_ll_fsmc.c...
compiling stm32f1xx_ll_sdmmc.c...
compiling stm32f1xx_ll_usb.c...
linking...
Program Size: Code=28854 RO-data=286 RW-data=132 ZI-data=1884  
"Button_int.axf" - 0 Error(s), 0 Warning(s).
Load "C:\\Embedded\\STM\\Button_int\\Button_int.AXF" 
Erase Done.
Programming Done.
Verify OK.
