<html>
<body>
<pre>
<h1>µVision Build Log</h1>
<h2>Project:</h2>
C:\Embedded\STM\Spi_IT\SPI_IT.uvproj
Project File Date:  09/18/2015

<h2>Output:</h2>
Rebuild target 'Target 1'
assembling startup_stm32f10x_md.s...
compiling main.c...
src\main.c(42): error:  #5: cannot open source input file "main.h": No such file or directory
compiling stm32f1xx_hal_msp.c...
src\stm32f1xx_hal_msp.c(39): error:  #5: cannot open source input file "main.h": No such file or directory
compiling stm32f1xx_it.c...
src\stm32f1xx_it.c(41): error:  #5: cannot open source input file "main.h": No such file or directory
Target not created
Rebuild target 'Target 1'
assembling startup_stm32f10x_md.s...
compiling main.c...
src\main.c(42): error:  #5: cannot open source input file "main.h": No such file or directory
compiling stm32f1xx_hal_msp.c...
src\stm32f1xx_hal_msp.c(39): error:  #5: cannot open source input file "main.h": No such file or directory
compiling stm32f1xx_it.c...
src\stm32f1xx_it.c(41): error:  #5: cannot open source input file "main.h": No such file or directory
Target not created
Rebuild target 'Target 1'
assembling startup_stm32f10x_md.s...
compiling main.c...
.\Drivers\BSP\stm32f1xx_nucleo.h(59): error:  #5: cannot open source input file "stm32f1xx_hal.h": No such file or directory
compiling stm32f1xx_hal_msp.c...
.\Drivers\BSP\stm32f1xx_nucleo.h(59): error:  #5: cannot open source input file "stm32f1xx_hal.h": No such file or directory
compiling stm32f1xx_it.c...
.\Drivers\BSP\stm32f1xx_nucleo.h(59): error:  #5: cannot open source input file "stm32f1xx_hal.h": No such file or directory
compiling stm32f1xx_nucleo.c...
Drivers\BSP\stm32f1xx_nucleo.h(59): error:  #5: cannot open source input file "stm32f1xx_hal.h": No such file or directory
compiling stm32f1xx_hal.c...
Drivers\STM32F1xx_HAL_drivers\stm32f1xx_hal.c(54): error:  #5: cannot open source input file "stm32f1xx_hal.h": No such file or directory
compiling stm32f1xx_hal_cortex.c...
Drivers\STM32F1xx_HAL_drivers\stm32f1xx_hal_cortex.c(124): error:  #5: cannot open source input file "stm32f1xx_hal.h": No such file or directory
compiling stm32f1xx_hal_dma.c...
Drivers\STM32F1xx_HAL_drivers\stm32f1xx_hal_dma.c(104): error:  #5: cannot open source input file "stm32f1xx_hal.h": No such file or directory
compiling stm32f1xx_hal_gpio.c...
Drivers\STM32F1xx_HAL_drivers\stm32f1xx_hal_gpio.c(123): error:  #5: cannot open source input file "stm32f1xx_hal.h": No such file or directory
compiling stm32f1xx_hal_rcc.c...
Drivers\STM32F1xx_HAL_drivers\stm32f1xx_hal_rcc.c(83): error:  #5: cannot open source input file "stm32f1xx_hal.h": No such file or directory
compiling stm32f1xx_hal_rcc_ex.c...
Drivers\STM32F1xx_HAL_drivers\stm32f1xx_hal_rcc_ex.c(44): error:  #5: cannot open source input file "stm32f1xx_hal.h": No such file or directory
compiling stm32f1xx_hal_spi.c...
Drivers\STM32F1xx_HAL_drivers\stm32f1xx_hal_spi.c(150): error:  #5: cannot open source input file "stm32f1xx_hal.h": No such file or directory
compiling stm32f1xx_hal_spi_ex.c...
Drivers\STM32F1xx_HAL_drivers\stm32f1xx_hal_spi_ex.c(44): error:  #5: cannot open source input file "stm32f1xx_hal.h": No such file or directory
compiling system_stm32f1xx.c...
Drivers\CMSIS\system_stm32f1xx.c(77): error:  #5: cannot open source input file "stm32f1xx.h": No such file or directory
Target not created
Rebuild target 'Target 1'
assembling startup_stm32f10x_md.s...
compiling main.c...
.\Drivers\BSP\stm32f1xx_nucleo.h(59): error:  #5: cannot open source input file "stm32f1xx_hal.h": No such file or directory
compiling stm32f1xx_hal_msp.c...
.\Drivers\BSP\stm32f1xx_nucleo.h(59): error:  #5: cannot open source input file "stm32f1xx_hal.h": No such file or directory
compiling stm32f1xx_it.c...
.\Drivers\BSP\stm32f1xx_nucleo.h(59): error:  #5: cannot open source input file "stm32f1xx_hal.h": No such file or directory
compiling stm32f1xx_nucleo.c...
Drivers\BSP\stm32f1xx_nucleo.h(59): error:  #5: cannot open source input file "stm32f1xx_hal.h": No such file or directory
compiling stm32f1xx_hal.c...
stm32f1xx_hal.c: Error:  #5: cannot open source input file "Drivers\STM32F1xx_HAL_drivers\stm32f1xx_hal.c": No such file or directory
Target not created
Rebuild target 'Target 1'
assembling startup_stm32f10x_md.s...
compiling main.c...
.\Inc\stm32f1xx_hal_conf.h(220): error:  #5: cannot open source input file "stm32f1xx_hal_rcc.h": No such file or directory
compiling stm32f1xx_hal_msp.c...
.\Inc\stm32f1xx_hal_conf.h(220): error:  #5: cannot open source input file "stm32f1xx_hal_rcc.h": No such file or directory
compiling stm32f1xx_it.c...
.\Inc\stm32f1xx_hal_conf.h(220): error:  #5: cannot open source input file "stm32f1xx_hal_rcc.h": No such file or directory
compiling stm32f1xx_nucleo.c...
.\Inc\stm32f1xx_hal_conf.h(220): error:  #5: cannot open source input file "stm32f1xx_hal_rcc.h": No such file or directory
compiling stm32f1xx_hal.c...
stm32f1xx_hal.c: Error:  #5: cannot open source input file "Drivers\STM32F1xx_HAL_drivers\stm32f1xx_hal.c": No such file or directory
Target not created
Rebuild target 'Target 1'
assembling startup_stm32f10x_md.s...
compiling main.c...
.\Drivers\STM32F1xx_HAL_drivers\Inc\stm32f1xx_hal_rcc.h(47): error:  #5: cannot open source input file "stm32f1xx_hal_def.h": No such file or directory
compiling stm32f1xx_hal_msp.c...
.\Drivers\STM32F1xx_HAL_drivers\Inc\stm32f1xx_hal_rcc.h(47): error:  #5: cannot open source input file "stm32f1xx_hal_def.h": No such file or directory
compiling stm32f1xx_it.c...
.\Drivers\STM32F1xx_HAL_drivers\Inc\stm32f1xx_hal_rcc.h(47): error:  #5: cannot open source input file "stm32f1xx_hal_def.h": No such file or directory
compiling stm32f1xx_nucleo.c...
.\Drivers\STM32F1xx_HAL_drivers\Inc\stm32f1xx_hal_rcc.h(47): error:  #5: cannot open source input file "stm32f1xx_hal_def.h": No such file or directory
compiling stm32f1xx_hal.c...
stm32f1xx_hal.c: Error:  #5: cannot open source input file "Drivers\STM32F1xx_HAL_drivers\stm32f1xx_hal.c": No such file or directory
Target not created
Rebuild target 'Target 1'
assembling startup_stm32f10x_md.s...
compiling main.c...
.\Drivers\STM32F1xx_HAL_drivers\Inc\stm32f1xx_hal_def.h(48): error:  #5: cannot open source input file "stm32f1xx.h": No such file or directory
compiling stm32f1xx_hal_msp.c...
.\Drivers\STM32F1xx_HAL_drivers\Inc\stm32f1xx_hal_def.h(48): error:  #5: cannot open source input file "stm32f1xx.h": No such file or directory
compiling stm32f1xx_it.c...
.\Drivers\STM32F1xx_HAL_drivers\Inc\stm32f1xx_hal_def.h(48): error:  #5: cannot open source input file "stm32f1xx.h": No such file or directory
compiling stm32f1xx_nucleo.c...
.\Drivers\STM32F1xx_HAL_drivers\Inc\stm32f1xx_hal_def.h(48): error:  #5: cannot open source input file "stm32f1xx.h": No such file or directory
compiling stm32f1xx_hal.c...
stm32f1xx_hal.c: Error:  #5: cannot open source input file "Drivers\STM32F1xx_HAL_drivers\stm32f1xx_hal.c": No such file or directory
Target not created
Rebuild target 'Target 1'
assembling startup_stm32f10x_md.s...
compiling main.c...
.\Drivers\CMSIS\Inc\stm32f1xx.h(159): error:  #35: #error directive: "Please select first the target STM32F1xx device used in your application (in stm32f1xx.h file)"
compiling stm32f1xx_hal_msp.c...
.\Drivers\CMSIS\Inc\stm32f1xx.h(159): error:  #35: #error directive: "Please select first the target STM32F1xx device used in your application (in stm32f1xx.h file)"
compiling stm32f1xx_it.c...
.\Drivers\CMSIS\Inc\stm32f1xx.h(159): error:  #35: #error directive: "Please select first the target STM32F1xx device used in your application (in stm32f1xx.h file)"
compiling stm32f1xx_nucleo.c...
.\Drivers\CMSIS\Inc\stm32f1xx.h(159): error:  #35: #error directive: "Please select first the target STM32F1xx device used in your application (in stm32f1xx.h file)"
compiling stm32f1xx_hal.c...
stm32f1xx_hal.c: Error:  #5: cannot open source input file "Drivers\STM32F1xx_HAL_drivers\stm32f1xx_hal.c": No such file or directory
Target not created
Rebuild target 'Target 1'
assembling startup_stm32f10x_md.s...
compiling main.c...
.\Drivers\CMSIS\Inc\stm32f1xx.h(159): error:  #35: #error directive: "Please select first the target STM32F1xx device used in your application (in stm32f1xx.h file)"
compiling stm32f1xx_hal_msp.c...
.\Drivers\CMSIS\Inc\stm32f1xx.h(159): error:  #35: #error directive: "Please select first the target STM32F1xx device used in your application (in stm32f1xx.h file)"
compiling stm32f1xx_it.c...
.\Drivers\CMSIS\Inc\stm32f1xx.h(159): error:  #35: #error directive: "Please select first the target STM32F1xx device used in your application (in stm32f1xx.h file)"
compiling stm32f1xx_nucleo.c...
.\Drivers\CMSIS\Inc\stm32f1xx.h(159): error:  #35: #error directive: "Please select first the target STM32F1xx device used in your application (in stm32f1xx.h file)"
compiling stm32f1xx_hal.c...
stm32f1xx_hal.c: Error:  #5: cannot open source input file "Drivers\STM32F1xx_HAL_drivers\stm32f1xx_hal.c": No such file or directory
Target not created
Rebuild target 'Target 1'
assembling startup_stm32f10x_md.s...
compiling main.c...
.\Drivers\CMSIS\Inc\stm32f1xx.h(149): error:  #5: cannot open source input file "stm32f103xb.h": No such file or directory
compiling stm32f1xx_hal_msp.c...
.\Drivers\CMSIS\Inc\stm32f1xx.h(149): error:  #5: cannot open source input file "stm32f103xb.h": No such file or directory
compiling stm32f1xx_it.c...
.\Drivers\CMSIS\Inc\stm32f1xx.h(149): error:  #5: cannot open source input file "stm32f103xb.h": No such file or directory
compiling stm32f1xx_nucleo.c...
.\Drivers\CMSIS\Inc\stm32f1xx.h(149): error:  #5: cannot open source input file "stm32f103xb.h": No such file or directory
compiling stm32f1xx_hal.c...
stm32f1xx_hal.c: Error:  #5: cannot open source input file "Drivers\STM32F1xx_HAL_drivers\stm32f1xx_hal.c": No such file or directory
Target not created
Rebuild target 'Target 1'
assembling startup_stm32f10x_md.s...
compiling main.c...
.\Drivers\CMSIS\Inc\stm32f103xb.h(151): error:  #5: cannot open source input file "system_stm32f1xx.h": No such file or directory
compiling stm32f1xx_hal_msp.c...
.\Drivers\CMSIS\Inc\stm32f103xb.h(151): error:  #5: cannot open source input file "system_stm32f1xx.h": No such file or directory
compiling stm32f1xx_it.c...
.\Drivers\CMSIS\Inc\stm32f103xb.h(151): error:  #5: cannot open source input file "system_stm32f1xx.h": No such file or directory
compiling stm32f1xx_nucleo.c...
.\Drivers\CMSIS\Inc\stm32f103xb.h(151): error:  #5: cannot open source input file "system_stm32f1xx.h": No such file or directory
compiling stm32f1xx_hal.c...
stm32f1xx_hal.c: Error:  #5: cannot open source input file "Drivers\STM32F1xx_HAL_drivers\stm32f1xx_hal.c": No such file or directory
Target not created
Rebuild target 'Target 1'
assembling startup_stm32f10x_md.s...
compiling main.c...
.\Drivers\CMSIS\Inc\stm32f103xb.h(151): error:  #5: cannot open source input file "system_stm32f1xx.h": No such file or directory
compiling stm32f1xx_hal_msp.c...
.\Drivers\CMSIS\Inc\stm32f103xb.h(151): error:  #5: cannot open source input file "system_stm32f1xx.h": No such file or directory
compiling stm32f1xx_it.c...
.\Drivers\CMSIS\Inc\stm32f103xb.h(151): error:  #5: cannot open source input file "system_stm32f1xx.h": No such file or directory
compiling stm32f1xx_nucleo.c...
.\Drivers\CMSIS\Inc\stm32f103xb.h(151): error:  #5: cannot open source input file "system_stm32f1xx.h": No such file or directory
compiling stm32f1xx_hal.c...
stm32f1xx_hal.c: Error:  #5: cannot open source input file "Drivers\STM32F1xx_HAL_drivers\stm32f1xx_hal.c": No such file or directory
Target not created
Rebuild target 'Target 1'
assembling startup_stm32f10x_md.s...
compiling main.c...
.\Drivers\CMSIS\Inc\stm32f103xb.h(151): error:  #5: cannot open source input file "system_stm32f1xx.h": No such file or directory
compiling stm32f1xx_hal_msp.c...
.\Drivers\CMSIS\Inc\stm32f103xb.h(151): error:  #5: cannot open source input file "system_stm32f1xx.h": No such file or directory
compiling stm32f1xx_it.c...
.\Drivers\CMSIS\Inc\stm32f103xb.h(151): error:  #5: cannot open source input file "system_stm32f1xx.h": No such file or directory
compiling stm32f1xx_nucleo.c...
.\Drivers\CMSIS\Inc\stm32f103xb.h(151): error:  #5: cannot open source input file "system_stm32f1xx.h": No such file or directory
compiling stm32f1xx_hal.c...
stm32f1xx_hal.c: Error:  #5: cannot open source input file "Drivers\STM32F1xx_HAL_drivers\stm32f1xx_hal.c": No such file or directory
Target not created
Rebuild target 'Target 1'
assembling startup_stm32f10x_md.s...
compiling main.c...
.\Drivers\CMSIS\Inc\stm32f103xb.h(151): error:  #5: cannot open source input file "system_stm32f1xx.h": No such file or directory
compiling stm32f1xx_hal_msp.c...
.\Drivers\CMSIS\Inc\stm32f103xb.h(151): error:  #5: cannot open source input file "system_stm32f1xx.h": No such file or directory
compiling stm32f1xx_it.c...
.\Drivers\CMSIS\Inc\stm32f103xb.h(151): error:  #5: cannot open source input file "system_stm32f1xx.h": No such file or directory
compiling stm32f1xx_nucleo.c...
.\Drivers\CMSIS\Inc\stm32f103xb.h(151): error:  #5: cannot open source input file "system_stm32f1xx.h": No such file or directory
compiling stm32f1xx_hal.c...
stm32f1xx_hal.c: Error:  #5: cannot open source input file "Drivers\STM32F1xx_HAL_drivers\stm32f1xx_hal.c": No such file or directory
Target not created
Rebuild target 'Target 1'
assembling startup_stm32f10x_md.s...
compiling main.c...
.\Drivers\CMSIS\Inc\stm32f103xb.h(151): error:  #5: cannot open source input file "system_stm32f1xx.h": No such file or directory
compiling stm32f1xx_hal_msp.c...
.\Drivers\CMSIS\Inc\stm32f103xb.h(151): error:  #5: cannot open source input file "system_stm32f1xx.h": No such file or directory
compiling stm32f1xx_it.c...
.\Drivers\CMSIS\Inc\stm32f103xb.h(151): error:  #5: cannot open source input file "system_stm32f1xx.h": No such file or directory
compiling stm32f1xx_nucleo.c...
.\Drivers\CMSIS\Inc\stm32f103xb.h(151): error:  #5: cannot open source input file "system_stm32f1xx.h": No such file or directory
compiling stm32f1xx_hal.c...
stm32f1xx_hal.c: Error:  #5: cannot open source input file "Drivers\STM32F1xx_HAL_drivers\stm32f1xx_hal.c": No such file or directory
Target not created
Rebuild target 'Target 1'
assembling startup_stm32f10x_md.s...
compiling main.c...
.\Drivers\STM32F1xx_HAL_drivers\Inc\stm32f1xx_hal_def.h(49): error:  #5: cannot open source input file "Legacy/stm32_hal_legacy.h": No such file or directory
compiling stm32f1xx_hal_msp.c...
.\Drivers\STM32F1xx_HAL_drivers\Inc\stm32f1xx_hal_def.h(49): error:  #5: cannot open source input file "Legacy/stm32_hal_legacy.h": No such file or directory
compiling stm32f1xx_it.c...
.\Drivers\STM32F1xx_HAL_drivers\Inc\stm32f1xx_hal_def.h(49): error:  #5: cannot open source input file "Legacy/stm32_hal_legacy.h": No such file or directory
compiling stm32f1xx_nucleo.c...
.\Drivers\STM32F1xx_HAL_drivers\Inc\stm32f1xx_hal_def.h(49): error:  #5: cannot open source input file "Legacy/stm32_hal_legacy.h": No such file or directory
compiling stm32f1xx_hal.c...
stm32f1xx_hal.c: Error:  #5: cannot open source input file "Drivers\STM32F1xx_HAL_drivers\stm32f1xx_hal.c": No such file or directory
Target not created
Rebuild target 'Target 1'
assembling startup_stm32f10x_md.s...
compiling main.c...
.\Drivers\STM32F1xx_HAL_drivers\Inc\stm32f1xx_hal_def.h(49): error:  #5: cannot open source input file "Legacy/stm32_hal_legacy.h": No such file or directory
compiling stm32f1xx_hal_msp.c...
.\Drivers\STM32F1xx_HAL_drivers\Inc\stm32f1xx_hal_def.h(49): error:  #5: cannot open source input file "Legacy/stm32_hal_legacy.h": No such file or directory
compiling stm32f1xx_it.c...
.\Drivers\STM32F1xx_HAL_drivers\Inc\stm32f1xx_hal_def.h(49): error:  #5: cannot open source input file "Legacy/stm32_hal_legacy.h": No such file or directory
compiling stm32f1xx_nucleo.c...
.\Drivers\STM32F1xx_HAL_drivers\Inc\stm32f1xx_hal_def.h(49): error:  #5: cannot open source input file "Legacy/stm32_hal_legacy.h": No such file or directory
compiling stm32f1xx_hal.c...
stm32f1xx_hal.c: Error:  #5: cannot open source input file "Drivers\STM32F1xx_HAL_drivers\stm32f1xx_hal.c": No such file or directory
Target not created
Rebuild target 'Target 1'
assembling startup_stm32f10x_md.s...
compiling main.c...
.\Drivers\STM32F1xx_HAL_drivers\Inc\stm32f1xx_hal_def.h(49): error:  #5: cannot open source input file "Legacy/stm32_hal_legacy.h": No such file or directory
compiling stm32f1xx_hal_msp.c...
.\Drivers\STM32F1xx_HAL_drivers\Inc\stm32f1xx_hal_def.h(49): error:  #5: cannot open source input file "Legacy/stm32_hal_legacy.h": No such file or directory
compiling stm32f1xx_it.c...
.\Drivers\STM32F1xx_HAL_drivers\Inc\stm32f1xx_hal_def.h(49): error:  #5: cannot open source input file "Legacy/stm32_hal_legacy.h": No such file or directory
compiling stm32f1xx_nucleo.c...
.\Drivers\STM32F1xx_HAL_drivers\Inc\stm32f1xx_hal_def.h(49): error:  #5: cannot open source input file "Legacy/stm32_hal_legacy.h": No such file or directory
compiling stm32f1xx_hal.c...
stm32f1xx_hal.c: Error:  #5: cannot open source input file "Drivers\STM32F1xx_HAL_drivers\stm32f1xx_hal.c": No such file or directory
Target not created
Rebuild target 'Target 1'
assembling startup_stm32f10x_md.s...
compiling main.c...
.\Drivers\STM32F1xx_HAL_drivers\Inc\stm32f1xx_hal_def.h(49): error:  #5: cannot open source input file "Legacy/stm32_hal_legacy.h": No such file or directory
compiling stm32f1xx_hal_msp.c...
.\Drivers\STM32F1xx_HAL_drivers\Inc\stm32f1xx_hal_def.h(49): error:  #5: cannot open source input file "Legacy/stm32_hal_legacy.h": No such file or directory
compiling stm32f1xx_it.c...
.\Drivers\STM32F1xx_HAL_drivers\Inc\stm32f1xx_hal_def.h(49): error:  #5: cannot open source input file "Legacy/stm32_hal_legacy.h": No such file or directory
compiling stm32f1xx_nucleo.c...
.\Drivers\STM32F1xx_HAL_drivers\Inc\stm32f1xx_hal_def.h(49): error:  #5: cannot open source input file "Legacy/stm32_hal_legacy.h": No such file or directory
compiling stm32f1xx_hal.c...
stm32f1xx_hal.c: Error:  #5: cannot open source input file "Drivers\STM32F1xx_HAL_drivers\stm32f1xx_hal.c": No such file or directory
Target not created
Rebuild target 'Target 1'
assembling startup_stm32f10x_md.s...
compiling main.c...
.\Inc\stm32f1xx_hal_conf.h(224): error:  #5: cannot open source input file "stm32f1xx_hal_gpio.h": No such file or directory
compiling stm32f1xx_hal_msp.c...
.\Inc\stm32f1xx_hal_conf.h(224): error:  #5: cannot open source input file "stm32f1xx_hal_gpio.h": No such file or directory
compiling stm32f1xx_it.c...
.\Inc\stm32f1xx_hal_conf.h(224): error:  #5: cannot open source input file "stm32f1xx_hal_gpio.h": No such file or directory
compiling stm32f1xx_nucleo.c...
.\Inc\stm32f1xx_hal_conf.h(224): error:  #5: cannot open source input file "stm32f1xx_hal_gpio.h": No such file or directory
compiling stm32f1xx_hal.c...
stm32f1xx_hal.c: Error:  #5: cannot open source input file "Drivers\STM32F1xx_HAL_drivers\stm32f1xx_hal.c": No such file or directory
Target not created
Rebuild target 'Target 1'
assembling startup_stm32f10x_md.s...
compiling main.c...
.\Drivers\STM32F1xx_HAL_drivers\Inc\stm32f1xx_hal_gpio.h(268): error:  #5: cannot open source input file "stm32f1xx_hal_gpio_ex.h": No such file or directory
compiling stm32f1xx_hal_msp.c...
.\Drivers\STM32F1xx_HAL_drivers\Inc\stm32f1xx_hal_gpio.h(268): error:  #5: cannot open source input file "stm32f1xx_hal_gpio_ex.h": No such file or directory
compiling stm32f1xx_it.c...
.\Drivers\STM32F1xx_HAL_drivers\Inc\stm32f1xx_hal_gpio.h(268): error:  #5: cannot open source input file "stm32f1xx_hal_gpio_ex.h": No such file or directory
compiling stm32f1xx_nucleo.c...
.\Drivers\STM32F1xx_HAL_drivers\Inc\stm32f1xx_hal_gpio.h(268): error:  #5: cannot open source input file "stm32f1xx_hal_gpio_ex.h": No such file or directory
compiling stm32f1xx_hal.c...
stm32f1xx_hal.c: Error:  #5: cannot open source input file "Drivers\STM32F1xx_HAL_drivers\stm32f1xx_hal.c": No such file or directory
Target not created
Rebuild target 'Target 1'
assembling startup_stm32f10x_md.s...
compiling main.c...
.\Inc\stm32f1xx_hal_conf.h(228): error:  #5: cannot open source input file "stm32f1xx_hal_dma.h": No such file or directory
compiling stm32f1xx_hal_msp.c...
.\Inc\stm32f1xx_hal_conf.h(228): error:  #5: cannot open source input file "stm32f1xx_hal_dma.h": No such file or directory
compiling stm32f1xx_it.c...
.\Inc\stm32f1xx_hal_conf.h(228): error:  #5: cannot open source input file "stm32f1xx_hal_dma.h": No such file or directory
compiling stm32f1xx_nucleo.c...
.\Inc\stm32f1xx_hal_conf.h(228): error:  #5: cannot open source input file "stm32f1xx_hal_dma.h": No such file or directory
compiling stm32f1xx_hal.c...
stm32f1xx_hal.c: Error:  #5: cannot open source input file "Drivers\STM32F1xx_HAL_drivers\stm32f1xx_hal.c": No such file or directory
Target not created
Rebuild target 'Target 1'
assembling startup_stm32f10x_md.s...
compiling main.c...
.\Inc\stm32f1xx_hal_conf.h(244): error:  #5: cannot open source input file "stm32f1xx_hal_cortex.h": No such file or directory
compiling stm32f1xx_hal_msp.c...
.\Inc\stm32f1xx_hal_conf.h(244): error:  #5: cannot open source input file "stm32f1xx_hal_cortex.h": No such file or directory
compiling stm32f1xx_it.c...
.\Inc\stm32f1xx_hal_conf.h(244): error:  #5: cannot open source input file "stm32f1xx_hal_cortex.h": No such file or directory
compiling stm32f1xx_nucleo.c...
.\Inc\stm32f1xx_hal_conf.h(244): error:  #5: cannot open source input file "stm32f1xx_hal_cortex.h": No such file or directory
compiling stm32f1xx_hal.c...
stm32f1xx_hal.c: Error:  #5: cannot open source input file "Drivers\STM32F1xx_HAL_drivers\stm32f1xx_hal.c": No such file or directory
Target not created
Rebuild target 'Target 1'
assembling startup_stm32f10x_md.s...
compiling main.c...
.\Inc\stm32f1xx_hal_conf.h(260): error:  #5: cannot open source input file "stm32f1xx_hal_flash.h": No such file or directory
compiling stm32f1xx_hal_msp.c...
.\Inc\stm32f1xx_hal_conf.h(260): error:  #5: cannot open source input file "stm32f1xx_hal_flash.h": No such file or directory
compiling stm32f1xx_it.c...
.\Inc\stm32f1xx_hal_conf.h(260): error:  #5: cannot open source input file "stm32f1xx_hal_flash.h": No such file or directory
compiling stm32f1xx_nucleo.c...
.\Inc\stm32f1xx_hal_conf.h(260): error:  #5: cannot open source input file "stm32f1xx_hal_flash.h": No such file or directory
compiling stm32f1xx_hal.c...
stm32f1xx_hal.c: Error:  #5: cannot open source input file "Drivers\STM32F1xx_HAL_drivers\stm32f1xx_hal.c": No such file or directory
Target not created
Rebuild target 'Target 1'
assembling startup_stm32f10x_md.s...
compiling main.c...
.\Inc\stm32f1xx_hal_conf.h(284): error:  #5: cannot open source input file "stm32f1xx_hal_pwr.h": No such file or directory
compiling stm32f1xx_hal_msp.c...
.\Inc\stm32f1xx_hal_conf.h(284): error:  #5: cannot open source input file "stm32f1xx_hal_pwr.h": No such file or directory
compiling stm32f1xx_it.c...
.\Inc\stm32f1xx_hal_conf.h(284): error:  #5: cannot open source input file "stm32f1xx_hal_pwr.h": No such file or directory
compiling stm32f1xx_nucleo.c...
.\Inc\stm32f1xx_hal_conf.h(284): error:  #5: cannot open source input file "stm32f1xx_hal_pwr.h": No such file or directory
compiling stm32f1xx_hal.c...
stm32f1xx_hal.c: Error:  #5: cannot open source input file "Drivers\STM32F1xx_HAL_drivers\stm32f1xx_hal.c": No such file or directory
Target not created
Rebuild target 'Target 1'
assembling startup_stm32f10x_md.s...
compiling main.c...
.\Inc\stm32f1xx_hal_conf.h(304): error:  #5: cannot open source input file "stm32f1xx_hal_spi.h": No such file or directory
compiling stm32f1xx_hal_msp.c...
.\Inc\stm32f1xx_hal_conf.h(304): error:  #5: cannot open source input file "stm32f1xx_hal_spi.h": No such file or directory
compiling stm32f1xx_it.c...
.\Inc\stm32f1xx_hal_conf.h(304): error:  #5: cannot open source input file "stm32f1xx_hal_spi.h": No such file or directory
compiling stm32f1xx_nucleo.c...
.\Inc\stm32f1xx_hal_conf.h(304): error:  #5: cannot open source input file "stm32f1xx_hal_spi.h": No such file or directory
compiling stm32f1xx_hal.c...
stm32f1xx_hal.c: Error:  #5: cannot open source input file "Drivers\STM32F1xx_HAL_drivers\stm32f1xx_hal.c": No such file or directory
Target not created
Rebuild target 'Target 1'
assembling startup_stm32f10x_md.s...
compiling main.c...
compiling stm32f1xx_hal_msp.c...
compiling stm32f1xx_it.c...
compiling stm32f1xx_nucleo.c...
compiling stm32f1xx_hal.c...
stm32f1xx_hal.c: Error:  #5: cannot open source input file "Drivers\STM32F1xx_HAL_drivers\stm32f1xx_hal.c": No such file or directory
Target not created
Rebuild target 'Target 1'
assembling startup_stm32f10x_md.s...
compiling main.c...
compiling stm32f1xx_hal_msp.c...
compiling stm32f1xx_it.c...
compiling stm32f1xx_nucleo.c...
compiling stm32f1xx_hal.c...
stm32f1xx_hal.c: Error:  #5: cannot open source input file "Drivers\STM32F1xx_HAL_drivers\stm32f1xx_hal.c": No such file or directory
Target not created
Rebuild target 'Target 1'
assembling startup_stm32f10x_md.s...
compiling main.c...
compiling stm32f1xx_hal_msp.c...
compiling stm32f1xx_it.c...
compiling stm32f1xx_nucleo.c...
compiling stm32f1xx_hal.c...
stm32f1xx_hal.c: Error:  #5: cannot open source input file "Drivers\STM32F1xx_HAL_drivers\stm32f1xx_hal.c": No such file or directory
Target not created
Rebuild target 'Target 1'
assembling startup_stm32f10x_md.s...
compiling main.c...
compiling stm32f1xx_hal_msp.c...
compiling stm32f1xx_it.c...
compiling stm32f1xx_nucleo.c...
compiling stm32f1xx_hal.c...
stm32f1xx_hal.c: Error:  #5: cannot open source input file "Drivers\STM32F1xx_HAL_drivers\stm32f1xx_hal.c": No such file or directory
Target not created
Rebuild target 'Target 1'
assembling startup_stm32f10x_md.s...
compiling main.c...
compiling stm32f1xx_hal_msp.c...
compiling stm32f1xx_it.c...
compiling stm32f1xx_nucleo.c...
compiling stm32f1xx_hal.c...
compiling stm32f1xx_hal_cortex.c...
compiling stm32f1xx_hal_dma.c...
compiling stm32f1xx_hal_gpio.c...
compiling stm32f1xx_hal_rcc.c...
compiling stm32f1xx_hal_rcc_ex.c...
compiling stm32f1xx_hal_spi.c...
compiling stm32f1xx_hal_spi_ex.c...
compiling system_stm32f1xx.c...
linking...
Program Size: Code=18302 RO-data=290 RW-data=72 ZI-data=1832  
"SPI_IT.axf" - 0 Error(s), 0 Warning(s).
Rebuild target 'Target 1'
assembling startup_stm32f10x_md.s...
compiling main.c...
compiling stm32f1xx_hal_msp.c...
compiling stm32f1xx_it.c...
compiling stm32f1xx_nucleo.c...
compiling stm32f1xx_hal.c...
compiling stm32f1xx_hal_cortex.c...
compiling stm32f1xx_hal_dma.c...
compiling stm32f1xx_hal_gpio.c...
compiling stm32f1xx_hal_rcc.c...
compiling stm32f1xx_hal_rcc_ex.c...
compiling stm32f1xx_hal_spi.c...
compiling stm32f1xx_hal_spi_ex.c...
compiling system_stm32f1xx.c...
linking...
Program Size: Code=18302 RO-data=290 RW-data=72 ZI-data=1832  
"SPI_IT.axf" - 0 Error(s), 0 Warning(s).
Load "C:\\Embedded\\STM\\Spi_IT\\SPI_IT.AXF" 
Erase Done.
Programming Done.
Verify OK.
Rebuild target 'Target 1'
assembling startup_stm32f10x_md.s...
compiling main.c...
compiling stm32f1xx_hal_msp.c...
compiling stm32f1xx_it.c...
compiling stm32f1xx_nucleo.c...
compiling stm32f1xx_hal.c...
compiling stm32f1xx_hal_cortex.c...
compiling stm32f1xx_hal_dma.c...
compiling stm32f1xx_hal_gpio.c...
compiling stm32f1xx_hal_rcc.c...
compiling stm32f1xx_hal_rcc_ex.c...
compiling stm32f1xx_hal_spi.c...
compiling stm32f1xx_hal_spi_ex.c...
compiling system_stm32f1xx.c...
linking...
Program Size: Code=18302 RO-data=290 RW-data=72 ZI-data=1832  
"SPI_IT.axf" - 0 Error(s), 0 Warning(s).
Load "C:\\Embedded\\STM\\Spi_IT\\SPI_IT.AXF" 
Erase Done.
Programming Done.
Verify OK.
Rebuild target 'Target 1'
assembling startup_stm32f10x_md.s...
compiling main.c...
compiling stm32f1xx_hal_msp.c...
compiling stm32f1xx_it.c...
compiling stm32f1xx_nucleo.c...
compiling stm32f1xx_hal.c...
compiling stm32f1xx_hal_cortex.c...
compiling stm32f1xx_hal_dma.c...
compiling stm32f1xx_hal_gpio.c...
compiling stm32f1xx_hal_rcc.c...
compiling stm32f1xx_hal_rcc_ex.c...
compiling stm32f1xx_hal_spi.c...
compiling stm32f1xx_hal_spi_ex.c...
compiling system_stm32f1xx.c...
linking...
Program Size: Code=18302 RO-data=290 RW-data=72 ZI-data=1832  
"SPI_IT.axf" - 0 Error(s), 0 Warning(s).
