<html>
<body>
<pre>
<h1>µVision Build Log</h1>
<h2>Project:</h2>
C:\Users\Personal\Documents\STM\timer\timerprog.uvproj
Project File Date:  07/24/2015

<h2>Output:</h2>
Rebuild target 'Target 1'
assembling startup_stm32f10x_md.s...
compiling main.c...
antilib_gpio.h(36): warning:  #1-D: last line of file ends without a newline
main.c(42): warning:  #1-D: last line of file ends without a newline
compiling system_stm32f10x.c...
linking...
Program Size: Code=912 RO-data=268 RW-data=20 ZI-data=1636  
"timerprog.axf" - 0 Error(s), 2 Warning(s).
Load "C:\\Users\\Personal\\Documents\\STM\\timer\\timerprog.AXF" 
Rebuild target 'Target 1'
assembling startup_stm32f10x_md.s...
compiling main.c...
antilib_gpio.h(36): warning:  #1-D: last line of file ends without a newline
main.c(42): warning:  #1-D: last line of file ends without a newline
compiling system_stm32f10x.c...
linking...
Program Size: Code=912 RO-data=268 RW-data=20 ZI-data=1636  
"timerprog.axf" - 0 Error(s), 2 Warning(s).
Load "C:\\Users\\Personal\\Documents\\STM\\timer\\timerprog.AXF" 
Erase Done.
Programming Done.
Verify OK.
