<html>
<body>
<pre>
<h1>µVision Build Log</h1>
<h2>Project:</h2>
C:\Embedded\STM\Spi_Cube\Project\Ecg_12lead\MDK-ARM\Ecg_12lead.uvproj
Project File Date:  09/22/2015

<h2>Output:</h2>
Rebuild target 'Ecg_12lead Configuration'
compiling system_stm32f1xx.c...
compiling stm32f1xx_hal_gpio.c...
compiling stm32f1xx_hal_gpio_ex.c...
compiling stm32f1xx_hal_flash_ex.c...
compiling stm32f1xx_hal_pwr.c...
compiling stm32f1xx_hal_spi_ex.c...
compiling stm32f1xx_hal_dma.c...
compiling stm32f1xx_hal_rcc_ex.c...
compiling stm32f1xx_hal_spi.c...
compiling stm32f1xx_hal_uart.c...
compiling stm32f1xx_hal_adc.c...
compiling stm32f1xx_hal_tim.c...
compiling stm32f1xx_hal_rcc.c...
compiling stm32f1xx_hal_tim_ex.c...
compiling stm32f1xx_hal_i2c.c...
compiling stm32f1xx_hal.c...
compiling stm32f1xx_hal_adc_ex.c...
compiling stm32f1xx_hal_flash.c...
compiling stm32f1xx_hal_cortex.c...
compiling main.c...
compiling stm32f1xx_it.c...
compiling stm32f1xx_hal_msp.c...
assembling startup_stm32f103xb.s...
linking...
Program Size: Code=9544 RO-data=284 RW-data=28 ZI-data=1740  
"Ecg_12lead Configuration\Ecg_12lead Configuration.axf" - 0 Error(s), 0 Warning(s).
Load "Ecg_12lead Configuration\\Ecg_12lead Configuration.AXF" 
Load "Ecg_12lead Configuration\\Ecg_12lead Configuration.AXF" 
Load "Ecg_12lead Configuration\\Ecg_12lead Configuration.AXF" 
Erase Done.
Programming Done.
Verify OK.
